--------- beginning of crash
2025-08-08 09:57:34.661 15667-15667 AndroidRuntime          pid-15667                            E  FATAL EXCEPTION: main
                                                                                                    Process: com.akslabs.Suchak, PID: 15667
                                                                                                    java.lang.RuntimeException: Unable to create service com.akslabs.chitralaya.services.SmsObserverService: kotlin.UninitializedPropertyAccessException: lateinit property preferences has not been initialized
                                                                                                    	at android.app.ActivityThread.handleCreateService(ActivityThread.java:5071)
                                                                                                    	at android.app.ActivityThread.-$$Nest$mhandleCreateService(Unknown Source:0)
                                                                                                    	at android.app.ActivityThread$H.handleMessage(ActivityThread.java:2496)
                                                                                                    	at android.os.Handler.dispatchMessage(Handler.java:109)
                                                                                                    	at android.os.Looper.loopOnce(Looper.java:232)
                                                                                                    	at android.os.Looper.loop(Looper.java:317)
                                                                                                    	at android.app.ActivityThread.main(ActivityThread.java:8782)
                                                                                                    	at java.lang.reflect.Method.invoke(Native Method)
                                                                                                    	at com.android.internal.os.RuntimeInit$MethodAndArgsCaller.run(RuntimeInit.java:595)
                                                                                                    	at com.android.internal.os.ZygoteInit.main(ZygoteInit.java:871)
                                                                                                    Caused by: kotlin.UninitializedPropertyAccessException: lateinit property preferences has not been initialized
                                                                                                    	at com.akslabs.SandeshVahak.data.localdb.Preferences.getBoolean(Preferences.kt:54)
                                                                                                    	at com.akslabs.chitralaya.services.SmsObserverService.onCreate(SmsObserverService.kt:26)
                                                                                                    	at android.app.ActivityThread.handleCreateService(ActivityThread.java:5058)
                                                                                                    	at android.app.ActivityThread.-$$Nest$mhandleCreateService(Unknown Source:0) 
                                                                                                    	at android.app.ActivityThread$H.handleMessage(ActivityThread.java:2496) 
                                                                                                    	at android.os.Handler.dispatchMessage(Handler.java:109) 
                                                                                                    	at android.os.Looper.loopOnce(Looper.java:232) 
                                                                                                    	at android.os.Looper.loop(Looper.java:317) 
                                                                                                    	at android.app.ActivityThread.main(ActivityThread.java:8782) 
                                                                                                    	at java.lang.reflect.Method.invoke(Native Method) 
                                                                                                    	at com.android.internal.os.RuntimeInit$MethodAndArgsCaller.run(RuntimeInit.java:595) 
                                                                                                    	at com.android.internal.os.ZygoteInit.main(ZygoteInit.java:871) 
2025-08-08 09:57:42.161 15842-15842 AndroidRuntime          pid-15842                            E  FATAL EXCEPTION: main
                                                                                                    Process: com.akslabs.Suchak, PID: 15842
                                                                                                    java.lang.RuntimeException: Unable to create service com.akslabs.chitralaya.services.SmsObserverService: kotlin.UninitializedPropertyAccessException: lateinit property preferences has not been initialized
                                                                                                    	at android.app.ActivityThread.handleCreateService(ActivityThread.java:5071)
                                                                                                    	at android.app.ActivityThread.-$$Nest$mhandleCreateService(Unknown Source:0)
                                                                                                    	at android.app.ActivityThread$H.handleMessage(ActivityThread.java:2496)
                                                                                                    	at android.os.Handler.dispatchMessage(Handler.java:109)
                                                                                                    	at android.os.Looper.loopOnce(Looper.java:232)
                                                                                                    	at android.os.Looper.loop(Looper.java:317)
                                                                                                    	at android.app.ActivityThread.main(ActivityThread.java:8782)
                                                                                                    	at java.lang.reflect.Method.invoke(Native Method)
                                                                                                    	at com.android.internal.os.RuntimeInit$MethodAndArgsCaller.run(RuntimeInit.java:595)
                                                                                                    	at com.android.internal.os.ZygoteInit.main(ZygoteInit.java:871)
                                                                                                    Caused by: kotlin.UninitializedPropertyAccessException: lateinit property preferences has not been initialized
                                                                                                    	at com.akslabs.SandeshVahak.data.localdb.Preferences.getBoolean(Preferences.kt:54)
                                                                                                    	at com.akslabs.chitralaya.services.SmsObserverService.onCreate(SmsObserverService.kt:26)
                                                                                                    	at android.app.ActivityThread.handleCreateService(ActivityThread.java:5058)
                                                                                                    	at android.app.ActivityThread.-$$Nest$mhandleCreateService(Unknown Source:0) 
                                                                                                    	at android.app.ActivityThread$H.handleMessage(ActivityThread.java:2496) 
                                                                                                    	at android.os.Handler.dispatchMessage(Handler.java:109) 
                                                                                                    	at android.os.Looper.loopOnce(Looper.java:232) 
                                                                                                    	at android.os.Looper.loop(Looper.java:317) 
                                                                                                    	at android.app.ActivityThread.main(ActivityThread.java:8782) 
                                                                                                    	at java.lang.reflect.Method.invoke(Native Method) 
                                                                                                    	at com.android.internal.os.RuntimeInit$MethodAndArgsCaller.run(RuntimeInit.java:595) 
                                                                                                    	at com.android.internal.os.ZygoteInit.main(ZygoteInit.java:871) 
--------- beginning of system
--------- beginning of main
2025-08-09 10:19:36.955  7362-7362  bs.SandeshVahak         com.akslabs.SandeshVahak             I  Late-enabling -Xcheck:jni
2025-08-09 10:19:37.037  7362-7362  bs.SandeshVahak         com.akslabs.SandeshVahak             I  Using CollectorTypeCC GC.
2025-08-09 10:19:37.096  7362-7362  nativeloader            com.akslabs.SandeshVahak             D  Load libframework-connectivity-tiramisu-jni.so using APEX ns com_android_tethering for caller /apex/com.android.tethering/javalib/framework-connectivity-t.jar: ok
2025-08-09 10:19:37.161  7362-7362  re-initialized>         com.akslabs.SandeshVahak             W  type=1400 audit(0.0:13531): avc:  granted  { execute } for  path="/data/data/com.akslabs.SandeshVahak/code_cache/startup_agents/b13c65d9-agent.so" dev="mmcblk0p61" ino=221339 scontext=u:r:untrusted_app:s0:c35,c259,c512,c768 tcontext=u:object_r:app_data_file:s0:c35,c259,c512,c768 tclass=file app=com.akslabs.SandeshVahak
2025-08-09 10:19:37.177  7362-7362  nativeloader            com.akslabs.SandeshVahak             D  Load /data/user/0/com.akslabs.SandeshVahak/code_cache/startup_agents/b13c65d9-agent.so using system ns (caller=<unknown>): ok
2025-08-09 10:19:37.196  7362-7362  bs.SandeshVahak         com.akslabs.SandeshVahak             W  DexFile /data/data/com.akslabs.SandeshVahak/code_cache/.studio/instruments-462f9421.jar is in boot class path but is not in a known location
2025-08-09 10:19:37.428  7362-7362  bs.SandeshVahak         com.akslabs.SandeshVahak             W  Redefining intrinsic method java.lang.Thread java.lang.Thread.currentThread(). This may cause the unexpected use of the original definition of java.lang.Thread java.lang.Thread.currentThread()in methods that have already been compiled.
2025-08-09 10:19:37.428  7362-7362  bs.SandeshVahak         com.akslabs.SandeshVahak             W  Redefining intrinsic method boolean java.lang.Thread.interrupted(). This may cause the unexpected use of the original definition of boolean java.lang.Thread.interrupted()in methods that have already been compiled.
2025-08-09 10:19:37.499  7362-7362  ApplicationLoaders      com.akslabs.SandeshVahak             D  Returning zygote-cached class loader: /system_ext/framework/androidx.window.extensions.jar
2025-08-09 10:19:37.500  7362-7362  ApplicationLoaders      com.akslabs.SandeshVahak             D  Returning zygote-cached class loader: /system_ext/framework/androidx.window.sidecar.jar
2025-08-09 10:19:37.518  7362-7362  ziparchive              com.akslabs.SandeshVahak             W  Unable to open '/data/data/com.akslabs.SandeshVahak/code_cache/.overlay/base.apk/classes12.dm': No such file or directory
2025-08-09 10:19:37.523  7362-7362  ziparchive              com.akslabs.SandeshVahak             W  Unable to open '/data/data/com.akslabs.SandeshVahak/code_cache/.overlay/base.apk/classes15.dm': No such file or directory
2025-08-09 10:19:37.528  7362-7362  ziparchive              com.akslabs.SandeshVahak             W  Unable to open '/data/data/com.akslabs.SandeshVahak/code_cache/.overlay/base.apk/classes8.dm': No such file or directory
2025-08-09 10:19:37.530  7362-7362  ziparchive              com.akslabs.SandeshVahak             W  Unable to open '/data/data/com.akslabs.SandeshVahak/code_cache/.overlay/base.apk/classes5.dm': No such file or directory
2025-08-09 10:19:37.535  7362-7362  ziparchive              com.akslabs.SandeshVahak             W  Unable to open '/data/data/com.akslabs.SandeshVahak/code_cache/.overlay/base.apk/classes10.dm': No such file or directory
2025-08-09 10:19:37.538  7362-7362  ziparchive              com.akslabs.SandeshVahak             W  Unable to open '/data/data/com.akslabs.SandeshVahak/code_cache/.overlay/base.apk/classes13.dm': No such file or directory
2025-08-09 10:19:37.543  7362-7362  ziparchive              com.akslabs.SandeshVahak             W  Unable to open '/data/data/com.akslabs.SandeshVahak/code_cache/.overlay/base.apk/classes6.dm': No such file or directory
2025-08-09 10:19:37.549  7362-7362  ziparchive              com.akslabs.SandeshVahak             W  Unable to open '/data/data/com.akslabs.SandeshVahak/code_cache/.overlay/base.apk/classes14.dm': No such file or directory
2025-08-09 10:19:37.553  7362-7362  ziparchive              com.akslabs.SandeshVahak             W  Unable to open '/data/app/~~LgqftdFAcnHcJ0tuHjj0DQ==/com.akslabs.SandeshVahak-XgQfX1-16n-qIWBnfKwihg==/base.dm': No such file or directory
2025-08-09 10:19:37.553  7362-7362  ziparchive              com.akslabs.SandeshVahak             W  Unable to open '/data/app/~~LgqftdFAcnHcJ0tuHjj0DQ==/com.akslabs.SandeshVahak-XgQfX1-16n-qIWBnfKwihg==/base.dm': No such file or directory
2025-08-09 10:19:38.599  7362-7362  nativeloader            com.akslabs.SandeshVahak             D  Configuring clns-7 for other apk /data/app/~~LgqftdFAcnHcJ0tuHjj0DQ==/com.akslabs.SandeshVahak-XgQfX1-16n-qIWBnfKwihg==/base.apk. target_sdk_version=34, uses_libraries=, library_path=/data/app/~~LgqftdFAcnHcJ0tuHjj0DQ==/com.akslabs.SandeshVahak-XgQfX1-16n-qIWBnfKwihg==/lib/arm64:/data/app/~~LgqftdFAcnHcJ0tuHjj0DQ==/com.akslabs.SandeshVahak-XgQfX1-16n-qIWBnfKwihg==/base.apk!/lib/arm64-v8a, permitted_path=/data:/mnt/expand:/data/user/0/com.akslabs.SandeshVahak
2025-08-09 10:19:38.679  7362-7362  GraphicsEnvironment     com.akslabs.SandeshVahak             V  Currently set values for:
2025-08-09 10:19:38.679  7362-7362  GraphicsEnvironment     com.akslabs.SandeshVahak             V    angle_gl_driver_selection_pkgs=[com.android.angle, com.linecorp.b612.android, com.campmobile.snow, com.google.android.apps.tachyon]
2025-08-09 10:19:38.680  7362-7362  GraphicsEnvironment     com.akslabs.SandeshVahak             V    angle_gl_driver_selection_values=[angle, native, native, native]
2025-08-09 10:19:38.680  7362-7362  GraphicsEnvironment     com.akslabs.SandeshVahak             V  com.akslabs.SandeshVahak is not listed in per-application setting
2025-08-09 10:19:38.680  7362-7362  GraphicsEnvironment     com.akslabs.SandeshVahak             V  Neither updatable production driver nor prerelease driver is supported.
2025-08-09 10:19:38.761  7362-7362  WM-WrkMgrInitializer    com.akslabs.SandeshVahak             D  Initializing WorkManager with default configuration.
2025-08-09 10:19:38.857  7362-7362  WM-PackageManagerHelper com.akslabs.SandeshVahak             D  Skipping component enablement for androidx.work.impl.background.systemjob.SystemJobService
2025-08-09 10:19:38.857  7362-7362  WM-Schedulers           com.akslabs.SandeshVahak             D  Created SystemJobScheduler and enabled SystemJobService
2025-08-09 10:19:39.225  7362-7362  EngineFactory           com.akslabs.SandeshVahak             I  Provider GmsCore_OpenSSL not available
2025-08-09 10:19:39.483  7362-7362  Choreographer           com.akslabs.SandeshVahak             I  Skipped 36 frames!  The application may be doing too much work on its main thread.
2025-08-09 10:19:39.621  7362-7390  DatabaseDebugHelper     com.akslabs.SandeshVahak             I  === DATABASE DEBUG REPORT ===
2025-08-09 10:19:39.651  7362-7390  DatabaseDebugHelper     com.akslabs.SandeshVahak             I  Database version: 7
2025-08-09 10:19:39.668  7362-7362  DesktopModeFlagsUtil    com.akslabs.SandeshVahak             D  Toggle override initialized to: OVERRIDE_UNSET
2025-08-09 10:19:39.727  7362-7390  DatabaseDebugHelper     com.akslabs.SandeshVahak             I  Record counts:
2025-08-09 10:19:39.727  7362-7390  DatabaseDebugHelper     com.akslabs.SandeshVahak             I    Total SMS messages: 438
2025-08-09 10:19:39.728  7362-7390  DatabaseDebugHelper     com.akslabs.SandeshVahak             I    Synced SMS messages: 117
2025-08-09 10:19:39.728  7362-7390  DatabaseDebugHelper     com.akslabs.SandeshVahak             I    Total remote SMS messages: 119
2025-08-09 10:19:39.728  7362-7390  DatabaseDebugHelper     com.akslabs.SandeshVahak             I  Sample synced SMS messages:
2025-08-09 10:19:39.728  7362-7390  DatabaseDebugHelper     com.akslabs.SandeshVahak             I    SMS: id=117, remoteId=2177, address=BZ-INBSNL-S, syncedAt=1754714629899
2025-08-09 10:19:39.728  7362-7390  DatabaseDebugHelper     com.akslabs.SandeshVahak             I    SMS: id=116, remoteId=2175, address=BZ-INBSNL-S, syncedAt=1754714629899
2025-08-09 10:19:39.728  7362-7390  DatabaseDebugHelper     com.akslabs.SandeshVahak             I    SMS: id=115, remoteId=2174, address=BZ-INBSNL-S, syncedAt=1754714629898
2025-08-09 10:19:39.728  7362-7390  DatabaseDebugHelper     com.akslabs.SandeshVahak             I  Sample remote SMS messages:
2025-08-09 10:19:39.728  7362-7390  DatabaseDebugHelper     com.akslabs.SandeshVahak             I    RemoteSMS: remoteId=2178, originalId=111, address=BZ-INBSNL-S
2025-08-09 10:19:39.728  7362-7390  DatabaseDebugHelper     com.akslabs.SandeshVahak             I    RemoteSMS: remoteId=2177, originalId=117, address=BZ-INBSNL-S
2025-08-09 10:19:39.729  7362-7390  DatabaseDebugHelper     com.akslabs.SandeshVahak             I    RemoteSMS: remoteId=2176, originalId=110, address=BZ-INBSNL-S
2025-08-09 10:19:39.729  7362-7390  DatabaseDebugHelper     com.akslabs.SandeshVahak             W  SMS DATA INCONSISTENCY: Synced SMS count (117) != Remote SMS count (119)
2025-08-09 10:19:39.729  7362-7390  DatabaseDebugHelper     com.akslabs.SandeshVahak             I  === END DATABASE DEBUG REPORT ===
2025-08-09 10:19:39.877  7362-7362  SmsContentObserver      com.akslabs.SandeshVahak             D  Registering content observer on URI=content://sms, notifyForDescendants=true, thread=main
2025-08-09 10:19:39.879  7362-7362  SmsContentObserver      com.akslabs.SandeshVahak             I  ✅ SMS content observer started and registered
2025-08-09 10:19:40.108  7362-7373  bs.SandeshVahak         com.akslabs.SandeshVahak             I  Compiler allocated 4431KB to compile void android.view.ViewRootImpl.performTraversals()
2025-08-09 10:19:40.410  7362-7362  bs.SandeshVahak         com.akslabs.SandeshVahak             W  Method boolean androidx.compose.runtime.snapshots.SnapshotStateList.conditionalUpdate(boolean, kotlin.jvm.functions.Function1) failed lock verification and will run slower.
                                                                                                    Common causes for lock verification issues are non-optimized dex code
                                                                                                    and incorrect proguard optimizations.
2025-08-09 10:19:40.410  7362-7362  bs.SandeshVahak         com.akslabs.SandeshVahak             W  Method boolean androidx.compose.runtime.snapshots.SnapshotStateList.conditionalUpdate$default(androidx.compose.runtime.snapshots.SnapshotStateList, boolean, kotlin.jvm.functions.Function1, int, java.lang.Object) failed lock verification and will run slower.
2025-08-09 10:19:40.410  7362-7362  bs.SandeshVahak         com.akslabs.SandeshVahak             W  Method java.lang.Object androidx.compose.runtime.snapshots.SnapshotStateList.mutate(kotlin.jvm.functions.Function1) failed lock verification and will run slower.
2025-08-09 10:19:40.410  7362-7362  bs.SandeshVahak         com.akslabs.SandeshVahak             W  Method void androidx.compose.runtime.snapshots.SnapshotStateList.update(boolean, kotlin.jvm.functions.Function1) failed lock verification and will run slower.
2025-08-09 10:19:40.410  7362-7362  bs.SandeshVahak         com.akslabs.SandeshVahak             W  Method void androidx.compose.runtime.snapshots.SnapshotStateList.update$default(androidx.compose.runtime.snapshots.SnapshotStateList, boolean, kotlin.jvm.functions.Function1, int, java.lang.Object) failed lock verification and will run slower.
2025-08-09 10:19:40.958  7362-7362  AppNavHost              com.akslabs.SandeshVahak             D  Local count recomposed: 0
2025-08-09 10:19:40.958  7362-7362  LocalSmsScreen          com.akslabs.SandeshVahak             D  Recompose LocalSmsScreen: items=0, loadState=CombinedLoadStates(refresh=Loading(endOfPaginationReached=false), prepend=NotLoading(endOfPaginationReached=false), append=NotLoading(endOfPaginationReached=false), source=LoadStates(refresh=Loading(endOfPaginationReached=false), prepend=NotLoading(endOfPaginationReached=false), append=NotLoading(endOfPaginationReached=false)), mediator=null)
2025-08-09 10:19:40.982  7362-7394  AdrenoGLES-0            com.akslabs.SandeshVahak             I  QUALCOMM build                   : 95db91f, Ifbc588260a
                                                                                                    Build Date                       : 09/24/20
                                                                                                    OpenGL ES Shader Compiler Version: EV031.32.02.01
                                                                                                    Local Branch                     : mybrancheafe5b6d-fb5b-f1b0-b904-5cb90179c3e0
                                                                                                    Remote Branch                    : quic/gfx-adreno.lnx.1.0.r114-rel
                                                                                                    Remote Branch                    : NONE
                                                                                                    Reconstruct Branch               : NOTHING
2025-08-09 10:19:40.982  7362-7394  AdrenoGLES-0            com.akslabs.SandeshVahak             I  Build Config                     : S P 10.0.7 AArch64
2025-08-09 10:19:40.982  7362-7394  AdrenoGLES-0            com.akslabs.SandeshVahak             I  Driver Path                      : /vendor/lib64/egl/libGLESv2_adreno.so
2025-08-09 10:19:41.054  7362-7394  AdrenoGLES-0            com.akslabs.SandeshVahak             I  PFP: 0x016ee190, ME: 0x00000000
2025-08-09 10:19:41.132  7362-7405  Gralloc4                com.akslabs.SandeshVahak             I  mapper 4.x is not supported
2025-08-09 10:19:41.133  7362-7405  Gralloc3                com.akslabs.SandeshVahak             W  mapper 3.x is not supported
2025-08-09 10:19:41.141  7362-7405  Gralloc2                com.akslabs.SandeshVahak             I  Adding additional valid usage bits: 0x8202000
2025-08-09 10:19:41.198  7362-7390  SmsReaderService        com.akslabs.SandeshVahak             D  Using baseline timestamp for 'sync only new messages' mode
2025-08-09 10:19:41.200  7362-7379  HWUI                    com.akslabs.SandeshVahak             I  Davey! duration=1218ms; Flags=1, FrameTimelineVsyncId=167071368, IntendedVsync=267221385833071, Vsync=267221385833071, InputEventId=0, HandleInputStart=267221398133165, AnimationStart=267221398137800, PerformTraversalsStart=267221398139675, DrawStart=267222543826446, FrameDeadline=267221407166403, FrameInterval=267221398119832, FrameStartTime=16669912, SyncQueued=267222584171862, SyncStart=267222584291289, IssueDrawCommandsStart=267222585015977, SwapBuffers=267222602678998, FrameCompleted=267222604845612, DequeueBufferDuration=15781, QueueBufferDuration=324531, GpuCompleted=267222604845612, SwapBuffersCompleted=267222604121185, DisplayPresentTime=8929200823284531200, CommandSubmissionCompleted=267222602678998, 
2025-08-09 10:19:41.224  7362-7390  SmsReaderService        com.akslabs.SandeshVahak             I  Starting incremental SMS sync from timestamp: 1754672769958 (db=1754714623675 (2025-08-09 10:13:43.675), baseline=1754672774958 (2025-08-08 22:36:14.958), buffer=5000)
2025-08-09 10:19:41.230  7362-7390  SmsReaderService        com.akslabs.SandeshVahak             I  Reading SMS messages after timestamp: 1754672769958 (2025-08-08 22:36:09.958)
2025-08-09 10:19:41.230  7362-7390  SmsReaderService        com.akslabs.SandeshVahak             D  Query: uri=content://sms, selection='date > ?', args=[1754672769958], sort=date ASC
2025-08-09 10:19:41.298  7362-7390  SmsReaderService        com.akslabs.SandeshVahak             D  Cursor is null? false
2025-08-09 10:19:41.300  7362-7390  SmsReaderService        com.akslabs.SandeshVahak             V  Row #1 -> id=434, date=1754672806032, addr=+919545154067
2025-08-09 10:19:41.301  7362-7390  SmsReaderService        com.akslabs.SandeshVahak             V  Row #2 -> id=435, date=1754674612251, addr=BZ-INBSNL-S
2025-08-09 10:19:41.301  7362-7390  SmsReaderService        com.akslabs.SandeshVahak             V  Row #3 -> id=436, date=1754705828625, addr=+919545154067
2025-08-09 10:19:41.302  7362-7390  SmsReaderService        com.akslabs.SandeshVahak             V  Row #4 -> id=437, date=1754706938510, addr=+919545154067
2025-08-09 10:19:41.303  7362-7390  SmsReaderService        com.akslabs.SandeshVahak             V  Row #5 -> id=438, date=1754707399114, addr=+919545154067
2025-08-09 10:19:41.304  7362-7390  SmsReaderService        com.akslabs.SandeshVahak             V  Row #6 -> id=439, date=1754707468104, addr=+919545154067
2025-08-09 10:19:41.305  7362-7390  SmsReaderService        com.akslabs.SandeshVahak             V  Row #7 -> id=440, date=1754714623675, addr=+919545154067
2025-08-09 10:19:41.305  7362-7390  SmsReaderService        com.akslabs.SandeshVahak             D  Total rows iterated: 7
2025-08-09 10:19:41.319  7362-7362  Choreographer           com.akslabs.SandeshVahak             I  Skipped 77 frames!  The application may be doing too much work on its main thread.
2025-08-09 10:19:41.341  7362-7390  SmsReaderService        com.akslabs.SandeshVahak             I  Read 7 new SMS messages after timestamp
2025-08-09 10:19:41.351  7362-7390  SmsReaderService        com.akslabs.SandeshVahak             V  Evaluating message id=434, date=1754672806032 (2025-08-08 22:36:46.032), exists=true
2025-08-09 10:19:41.351  7362-7390  SmsReaderService        com.akslabs.SandeshVahak             D  Message 434 already exists in DB, skipping
2025-08-09 10:19:41.356  7362-7390  SmsReaderService        com.akslabs.SandeshVahak             V  Evaluating message id=435, date=1754674612251 (2025-08-08 23:06:52.251), exists=true
2025-08-09 10:19:41.356  7362-7390  SmsReaderService        com.akslabs.SandeshVahak             D  Message 435 already exists in DB, skipping
2025-08-09 10:19:41.362  7362-7390  SmsReaderService        com.akslabs.SandeshVahak             V  Evaluating message id=436, date=1754705828625 (2025-08-09 07:47:08.625), exists=true
2025-08-09 10:19:41.362  7362-7390  SmsReaderService        com.akslabs.SandeshVahak             D  Message 436 already exists in DB, skipping
2025-08-09 10:19:41.368  7362-7390  SmsReaderService        com.akslabs.SandeshVahak             V  Evaluating message id=437, date=1754706938510 (2025-08-09 08:05:38.510), exists=true
2025-08-09 10:19:41.368  7362-7390  SmsReaderService        com.akslabs.SandeshVahak             D  Message 437 already exists in DB, skipping
2025-08-09 10:19:41.373  7362-7390  SmsReaderService        com.akslabs.SandeshVahak             V  Evaluating message id=438, date=1754707399114 (2025-08-09 08:13:19.114), exists=true
2025-08-09 10:19:41.373  7362-7390  SmsReaderService        com.akslabs.SandeshVahak             D  Message 438 already exists in DB, skipping
2025-08-09 10:19:41.379  7362-7390  SmsReaderService        com.akslabs.SandeshVahak             V  Evaluating message id=439, date=1754707468104 (2025-08-09 08:14:28.104), exists=true
2025-08-09 10:19:41.379  7362-7390  SmsReaderService        com.akslabs.SandeshVahak             D  Message 439 already exists in DB, skipping
2025-08-09 10:19:41.385  7362-7390  SmsReaderService        com.akslabs.SandeshVahak             V  Evaluating message id=440, date=1754714623675 (2025-08-09 10:13:43.675), exists=true
2025-08-09 10:19:41.385  7362-7390  SmsReaderService        com.akslabs.SandeshVahak             D  Message 440 already exists in DB, skipping
2025-08-09 10:19:41.385  7362-7390  SmsReaderService        com.akslabs.SandeshVahak             I  Incremental SMS sync complete: 0 new messages (batch)
2025-08-09 10:19:41.512  7362-7380  HWUI                    com.akslabs.SandeshVahak             I  Davey! duration=1460ms; Flags=0, FrameTimelineVsyncId=167071426, IntendedVsync=267221452487931, Vsync=267222735992461, InputEventId=0, HandleInputStart=267222741328164, AnimationStart=267222741331237, PerformTraversalsStart=267222830626237, DrawStart=267222879282800, FrameDeadline=267222640739891, FrameInterval=267222740263581, FrameStartTime=16668890, SyncQueued=267222905319466, SyncStart=267222905408789, IssueDrawCommandsStart=267222905531029, SwapBuffers=267222910672643, FrameCompleted=267222913276029, DequeueBufferDuration=15261, QueueBufferDuration=455937, GpuCompleted=267222913276029, SwapBuffersCompleted=267222911988321, DisplayPresentTime=72904454214516736, CommandSubmissionCompleted=267222910672643, 
2025-08-09 10:19:41.566  7362-7362  AppNavHost              com.akslabs.SandeshVahak             D  Local count recomposed: 0
2025-08-09 10:19:41.567  7362-7362  LocalSmsScreen          com.akslabs.SandeshVahak             D  Recompose LocalSmsScreen: items=0, loadState=CombinedLoadStates(refresh=Loading(endOfPaginationReached=false), prepend=NotLoading(endOfPaginationReached=false), append=NotLoading(endOfPaginationReached=false), source=LoadStates(refresh=Loading(endOfPaginationReached=false), prepend=NotLoading(endOfPaginationReached=false), append=NotLoading(endOfPaginationReached=false)), mediator=null)
2025-08-09 10:19:41.757  7362-7362  AppNavHost              com.akslabs.SandeshVahak             D  Local count recomposed: 438
2025-08-09 10:19:41.758  7362-7362  LocalSmsScreen          com.akslabs.SandeshVahak             D  Recompose LocalSmsScreen: items=60, loadState=CombinedLoadStates(refresh=NotLoading(endOfPaginationReached=false), prepend=NotLoading(endOfPaginationReached=true), append=NotLoading(endOfPaginationReached=false), source=LoadStates(refresh=NotLoading(endOfPaginationReached=false), prepend=NotLoading(endOfPaginationReached=true), append=NotLoading(endOfPaginationReached=false)), mediator=null)
2025-08-09 10:19:42.451  7362-7362  Choreographer           com.akslabs.SandeshVahak             I  Skipped 46 frames!  The application may be doing too much work on its main thread.
2025-08-09 10:19:42.475  7362-7380  HWUI                    com.akslabs.SandeshVahak             I  Davey! duration=789ms; Flags=0, FrameTimelineVsyncId=167072498, IntendedVsync=267223085756094, Vsync=267223085756094, InputEventId=0, HandleInputStart=267223095162800, AnimationStart=267223095165143, PerformTraversalsStart=267223180812748, DrawStart=267223180989102, FrameDeadline=267223107089426, FrameInterval=267223095152956, FrameStartTime=16663749, SyncQueued=267223868656185, SyncStart=267223868904726, IssueDrawCommandsStart=267223869164414, SwapBuffers=267223873420143, FrameCompleted=267223875993528, DequeueBufferDuration=17552, QueueBufferDuration=227343, GpuCompleted=267223875993528, SwapBuffersCompleted=267223874143424, DisplayPresentTime=0, CommandSubmissionCompleted=267223873420143, 
2025-08-09 10:19:42.544  7362-7362  AppNavHost              com.akslabs.SandeshVahak             D  Local count recomposed: 438
2025-08-09 10:19:42.545  7362-7362  LocalSmsScreen          com.akslabs.SandeshVahak             D  Recompose LocalSmsScreen: items=60, loadState=CombinedLoadStates(refresh=NotLoading(endOfPaginationReached=false), prepend=NotLoading(endOfPaginationReached=true), append=NotLoading(endOfPaginationReached=false), source=LoadStates(refresh=NotLoading(endOfPaginationReached=false), prepend=NotLoading(endOfPaginationReached=true), append=NotLoading(endOfPaginationReached=false)), mediator=null)
2025-08-09 10:19:42.720  7362-7362  AppNavHost              com.akslabs.SandeshVahak             D  Local count recomposed: 438
2025-08-09 10:19:42.720  7362-7362  LocalSmsScreen          com.akslabs.SandeshVahak             D  Recompose LocalSmsScreen: items=60, loadState=CombinedLoadStates(refresh=NotLoading(endOfPaginationReached=false), prepend=NotLoading(endOfPaginationReached=true), append=NotLoading(endOfPaginationReached=false), source=LoadStates(refresh=NotLoading(endOfPaginationReached=false), prepend=NotLoading(endOfPaginationReached=true), append=NotLoading(endOfPaginationReached=false)), mediator=null)
2025-08-09 10:19:45.344  7362-7412  ProfileInstaller        com.akslabs.SandeshVahak             D  Installing profile for com.akslabs.SandeshVahak
2025-08-09 10:19:55.005  7362-7362  SmsContentObserver      com.akslabs.SandeshVahak             D  onChange(selfChange=false) called with no URI
2025-08-09 10:19:55.007  7362-7362  SmsContentObserver      com.akslabs.SandeshVahak             D  onChange(selfChange=false, uri=content://sms/raw/2)
2025-08-09 10:19:55.007  7362-7362  SmsContentObserver      com.akslabs.SandeshVahak             D  ⏱️ SMS change debounced (2ms)
2025-08-09 10:19:55.008  7362-7390  SmsContentObserver      com.akslabs.SandeshVahak             I  ⚡ SMS content changed, triggering lightning-fast sync
2025-08-09 10:19:55.210  7362-7390  SmsContentObserver      com.akslabs.SandeshVahak             D  Preference isSmsSyncEnabledKey read: false
2025-08-09 10:19:55.210  7362-7390  SmsContentObserver      com.akslabs.SandeshVahak             D  SMS sync enabled: false
2025-08-09 10:19:55.213  7362-7390  SmsReaderService        com.akslabs.SandeshVahak             D  Using baseline timestamp for 'sync only new messages' mode
2025-08-09 10:19:55.216  7362-7390  SmsReaderService        com.akslabs.SandeshVahak             I  Starting incremental SMS sync from timestamp: 1754672769958 (db=1754714623675 (2025-08-09 10:13:43.675), baseline=1754672774958 (2025-08-08 22:36:14.958), buffer=5000)
2025-08-09 10:19:55.218  7362-7390  SmsReaderService        com.akslabs.SandeshVahak             I  Reading SMS messages after timestamp: 1754672769958 (2025-08-08 22:36:09.958)
2025-08-09 10:19:55.218  7362-7390  SmsReaderService        com.akslabs.SandeshVahak             D  Query: uri=content://sms, selection='date > ?', args=[1754672769958], sort=date ASC
2025-08-09 10:19:55.240  7362-7390  SmsReaderService        com.akslabs.SandeshVahak             D  Cursor is null? false
2025-08-09 10:19:55.241  7362-7390  SmsReaderService        com.akslabs.SandeshVahak             V  Row #1 -> id=434, date=1754672806032, addr=+919545154067
2025-08-09 10:19:55.241  7362-7390  SmsReaderService        com.akslabs.SandeshVahak             V  Row #2 -> id=435, date=1754674612251, addr=BZ-INBSNL-S
2025-08-09 10:19:55.241  7362-7390  SmsReaderService        com.akslabs.SandeshVahak             V  Row #3 -> id=436, date=1754705828625, addr=+919545154067
2025-08-09 10:19:55.241  7362-7390  SmsReaderService        com.akslabs.SandeshVahak             V  Row #4 -> id=437, date=1754706938510, addr=+919545154067
2025-08-09 10:19:55.241  7362-7390  SmsReaderService        com.akslabs.SandeshVahak             V  Row #5 -> id=438, date=1754707399114, addr=+919545154067
2025-08-09 10:19:55.241  7362-7390  SmsReaderService        com.akslabs.SandeshVahak             V  Row #6 -> id=439, date=1754707468104, addr=+919545154067
2025-08-09 10:19:55.242  7362-7390  SmsReaderService        com.akslabs.SandeshVahak             V  Row #7 -> id=440, date=1754714623675, addr=+919545154067
2025-08-09 10:19:55.242  7362-7390  SmsReaderService        com.akslabs.SandeshVahak             D  Total rows iterated: 7
2025-08-09 10:19:55.280  7362-7390  SmsReaderService        com.akslabs.SandeshVahak             I  Read 7 new SMS messages after timestamp
2025-08-09 10:19:55.285  7362-7390  SmsReaderService        com.akslabs.SandeshVahak             V  Evaluating message id=434, date=1754672806032 (2025-08-08 22:36:46.032), exists=true
2025-08-09 10:19:55.285  7362-7390  SmsReaderService        com.akslabs.SandeshVahak             D  Message 434 already exists in DB, skipping
2025-08-09 10:19:55.291  7362-7390  SmsReaderService        com.akslabs.SandeshVahak             V  Evaluating message id=435, date=1754674612251 (2025-08-08 23:06:52.251), exists=true
2025-08-09 10:19:55.291  7362-7390  SmsReaderService        com.akslabs.SandeshVahak             D  Message 435 already exists in DB, skipping
2025-08-09 10:19:55.296  7362-7390  SmsReaderService        com.akslabs.SandeshVahak             V  Evaluating message id=436, date=1754705828625 (2025-08-09 07:47:08.625), exists=true
2025-08-09 10:19:55.296  7362-7390  SmsReaderService        com.akslabs.SandeshVahak             D  Message 436 already exists in DB, skipping
2025-08-09 10:19:55.300  7362-7390  SmsReaderService        com.akslabs.SandeshVahak             V  Evaluating message id=437, date=1754706938510 (2025-08-09 08:05:38.510), exists=true
2025-08-09 10:19:55.300  7362-7390  SmsReaderService        com.akslabs.SandeshVahak             D  Message 437 already exists in DB, skipping
2025-08-09 10:19:55.303  7362-7390  SmsReaderService        com.akslabs.SandeshVahak             V  Evaluating message id=438, date=1754707399114 (2025-08-09 08:13:19.114), exists=true
2025-08-09 10:19:55.303  7362-7390  SmsReaderService        com.akslabs.SandeshVahak             D  Message 438 already exists in DB, skipping
2025-08-09 10:19:55.305  7362-7390  SmsReaderService        com.akslabs.SandeshVahak             V  Evaluating message id=439, date=1754707468104 (2025-08-09 08:14:28.104), exists=true
2025-08-09 10:19:55.308  7362-7390  SmsReaderService        com.akslabs.SandeshVahak             D  Message 439 already exists in DB, skipping
2025-08-09 10:19:55.311  7362-7390  SmsReaderService        com.akslabs.SandeshVahak             V  Evaluating message id=440, date=1754714623675 (2025-08-09 10:13:43.675), exists=true
2025-08-09 10:19:55.311  7362-7390  SmsReaderService        com.akslabs.SandeshVahak             D  Message 440 already exists in DB, skipping
2025-08-09 10:19:55.311  7362-7390  SmsReaderService        com.akslabs.SandeshVahak             I  Incremental SMS sync complete: 0 new messages (batch)
2025-08-09 10:19:55.311  7362-7390  SmsContentObserver      com.akslabs.SandeshVahak             I  📱 DB update: inserted 0 new messages into local database (incremental)
2025-08-09 10:19:55.311  7362-7390  SmsContentObserver      com.akslabs.SandeshVahak             D  ✅ No new SMS messages found (304ms)
2025-08-09 10:19:55.594  7362-7362  SmsContentObserver      com.akslabs.SandeshVahak             D  onChange(selfChange=false) called with no URI
2025-08-09 10:19:55.595  7362-7362  SmsContentObserver      com.akslabs.SandeshVahak             D  onChange(selfChange=false, uri=content://sms/raw)
2025-08-09 10:19:55.595  7362-7362  SmsContentObserver      com.akslabs.SandeshVahak             D  ⏱️ SMS change debounced (1ms)
2025-08-09 10:19:55.595  7362-7390  SmsContentObserver      com.akslabs.SandeshVahak             I  ⚡ SMS content changed, triggering lightning-fast sync
2025-08-09 10:19:55.797  7362-7390  SmsContentObserver      com.akslabs.SandeshVahak             D  Preference isSmsSyncEnabledKey read: false
2025-08-09 10:19:55.797  7362-7390  SmsContentObserver      com.akslabs.SandeshVahak             D  SMS sync enabled: false
2025-08-09 10:19:55.800  7362-7390  SmsReaderService        com.akslabs.SandeshVahak             D  Using baseline timestamp for 'sync only new messages' mode
2025-08-09 10:19:55.803  7362-7390  SmsReaderService        com.akslabs.SandeshVahak             I  Starting incremental SMS sync from timestamp: 1754672769958 (db=1754714623675 (2025-08-09 10:13:43.675), baseline=1754672774958 (2025-08-08 22:36:14.958), buffer=5000)
2025-08-09 10:19:55.804  7362-7390  SmsReaderService        com.akslabs.SandeshVahak             I  Reading SMS messages after timestamp: 1754672769958 (2025-08-08 22:36:09.958)
2025-08-09 10:19:55.804  7362-7390  SmsReaderService        com.akslabs.SandeshVahak             D  Query: uri=content://sms, selection='date > ?', args=[1754672769958], sort=date ASC
2025-08-09 10:19:55.828  7362-7390  SmsReaderService        com.akslabs.SandeshVahak             D  Cursor is null? false
2025-08-09 10:19:55.828  7362-7390  SmsReaderService        com.akslabs.SandeshVahak             V  Row #1 -> id=434, date=1754672806032, addr=+919545154067
2025-08-09 10:19:55.829  7362-7390  SmsReaderService        com.akslabs.SandeshVahak             V  Row #2 -> id=435, date=1754674612251, addr=BZ-INBSNL-S
2025-08-09 10:19:55.829  7362-7390  SmsReaderService        com.akslabs.SandeshVahak             V  Row #3 -> id=436, date=1754705828625, addr=+919545154067
2025-08-09 10:19:55.829  7362-7390  SmsReaderService        com.akslabs.SandeshVahak             V  Row #4 -> id=437, date=1754706938510, addr=+919545154067
2025-08-09 10:19:55.829  7362-7390  SmsReaderService        com.akslabs.SandeshVahak             V  Row #5 -> id=438, date=1754707399114, addr=+919545154067
2025-08-09 10:19:55.829  7362-7390  SmsReaderService        com.akslabs.SandeshVahak             V  Row #6 -> id=439, date=1754707468104, addr=+919545154067
2025-08-09 10:19:55.829  7362-7390  SmsReaderService        com.akslabs.SandeshVahak             V  Row #7 -> id=440, date=1754714623675, addr=+919545154067
2025-08-09 10:19:55.829  7362-7390  SmsReaderService        com.akslabs.SandeshVahak             V  Row #8 -> id=441, date=1754714995569, addr=+919545154067
2025-08-09 10:19:55.829  7362-7390  SmsReaderService        com.akslabs.SandeshVahak             D  Total rows iterated: 8
2025-08-09 10:19:55.830  7362-7362  SmsContentObserver      com.akslabs.SandeshVahak             D  onChange(selfChange=false) called with no URI
2025-08-09 10:19:55.830  7362-7362  SmsContentObserver      com.akslabs.SandeshVahak             D  ⏱️ SMS change debounced (236ms)
2025-08-09 10:19:55.830  7362-7362  SmsContentObserver      com.akslabs.SandeshVahak             D  onChange(selfChange=false, uri=content://sms/441)
2025-08-09 10:19:55.830  7362-7362  SmsContentObserver      com.akslabs.SandeshVahak             D  ⏱️ SMS change debounced (236ms)
2025-08-09 10:19:55.861  7362-7390  SmsReaderService        com.akslabs.SandeshVahak             I  Read 8 new SMS messages after timestamp
2025-08-09 10:19:55.864  7362-7390  SmsReaderService        com.akslabs.SandeshVahak             V  Evaluating message id=434, date=1754672806032 (2025-08-08 22:36:46.032), exists=true
2025-08-09 10:19:55.865  7362-7390  SmsReaderService        com.akslabs.SandeshVahak             D  Message 434 already exists in DB, skipping
2025-08-09 10:19:55.868  7362-7390  SmsReaderService        com.akslabs.SandeshVahak             V  Evaluating message id=435, date=1754674612251 (2025-08-08 23:06:52.251), exists=true
2025-08-09 10:19:55.868  7362-7390  SmsReaderService        com.akslabs.SandeshVahak             D  Message 435 already exists in DB, skipping
2025-08-09 10:19:55.872  7362-7390  SmsReaderService        com.akslabs.SandeshVahak             V  Evaluating message id=436, date=1754705828625 (2025-08-09 07:47:08.625), exists=true
2025-08-09 10:19:55.872  7362-7390  SmsReaderService        com.akslabs.SandeshVahak             D  Message 436 already exists in DB, skipping
2025-08-09 10:19:55.875  7362-7390  SmsReaderService        com.akslabs.SandeshVahak             V  Evaluating message id=437, date=1754706938510 (2025-08-09 08:05:38.510), exists=true
2025-08-09 10:19:55.875  7362-7390  SmsReaderService        com.akslabs.SandeshVahak             D  Message 437 already exists in DB, skipping
2025-08-09 10:19:55.878  7362-7390  SmsReaderService        com.akslabs.SandeshVahak             V  Evaluating message id=438, date=1754707399114 (2025-08-09 08:13:19.114), exists=true
2025-08-09 10:19:55.878  7362-7390  SmsReaderService        com.akslabs.SandeshVahak             D  Message 438 already exists in DB, skipping
2025-08-09 10:19:55.881  7362-7390  SmsReaderService        com.akslabs.SandeshVahak             V  Evaluating message id=439, date=1754707468104 (2025-08-09 08:14:28.104), exists=true
2025-08-09 10:19:55.881  7362-7390  SmsReaderService        com.akslabs.SandeshVahak             D  Message 439 already exists in DB, skipping
2025-08-09 10:19:55.884  7362-7390  SmsReaderService        com.akslabs.SandeshVahak             V  Evaluating message id=440, date=1754714623675 (2025-08-09 10:13:43.675), exists=true
2025-08-09 10:19:55.885  7362-7390  SmsReaderService        com.akslabs.SandeshVahak             D  Message 440 already exists in DB, skipping
2025-08-09 10:19:55.887  7362-7390  SmsReaderService        com.akslabs.SandeshVahak             V  Evaluating message id=441, date=1754714995569 (2025-08-09 10:19:55.569), exists=false
2025-08-09 10:19:55.888  7362-7390  SmsReaderService        com.akslabs.SandeshVahak             I  ✅ New message queued for insert: 441 from +919545154067 at 1754714995569
2025-08-09 10:19:55.892  7362-7390  SmsReaderService        com.akslabs.SandeshVahak             I  Incremental SMS sync complete: 1 new messages (batch)
2025-08-09 10:19:55.892  7362-7390  SmsContentObserver      com.akslabs.SandeshVahak             I  📱 DB update: inserted 1 new messages into local database (incremental)
2025-08-09 10:19:55.892  7362-7390  SmsContentObserver      com.akslabs.SandeshVahak             I  🚀 Found 1 new SMS messages in 297ms
2025-08-09 10:19:55.892  7362-7390  SmsContentObserver      com.akslabs.SandeshVahak             D  ⏸️ SMS sync disabled, skipping cloud sync
2025-08-09 10:19:56.003  7362-7362  AppNavHost              com.akslabs.SandeshVahak             D  Local count recomposed: 439
2025-08-09 10:19:56.003  7362-7362  LocalSmsScreen          com.akslabs.SandeshVahak             D  Recompose LocalSmsScreen: items=60, loadState=CombinedLoadStates(refresh=Loading(endOfPaginationReached=false), prepend=NotLoading(endOfPaginationReached=false), append=NotLoading(endOfPaginationReached=false), source=LoadStates(refresh=Loading(endOfPaginationReached=false), prepend=NotLoading(endOfPaginationReached=false), append=NotLoading(endOfPaginationReached=false)), mediator=null)
2025-08-09 10:19:56.051  7362-7362  LocalSmsScreen          com.akslabs.SandeshVahak             D  Recompose LocalSmsScreen: items=60, loadState=CombinedLoadStates(refresh=NotLoading(endOfPaginationReached=false), prepend=NotLoading(endOfPaginationReached=true), append=NotLoading(endOfPaginationReached=false), source=LoadStates(refresh=NotLoading(endOfPaginationReached=false), prepend=NotLoading(endOfPaginationReached=true), append=NotLoading(endOfPaginationReached=false)), mediator=null)
2025-08-09 10:19:56.158  7362-7373  bs.SandeshVahak         com.akslabs.SandeshVahak             I  Compiler allocated 5021KB to compile void com.akslabs.chitralaya.ui.components.SmsListItemKt$SmsListItem$2.invoke(androidx.compose.foundation.layout.ColumnScope, androidx.compose.runtime.Composer, int)
2025-08-09 10:19:56.649  7362-7362  Choreographer           com.akslabs.SandeshVahak             I  Skipped 36 frames!  The application may be doing too much work on its main thread.
2025-08-09 10:20:07.974  7362-7362  AppNavHost              com.akslabs.SandeshVahak             D  Local count recomposed: 439
2025-08-09 10:20:07.975  7362-7362  LocalSmsScreen          com.akslabs.SandeshVahak             D  Recompose LocalSmsScreen: items=60, loadState=CombinedLoadStates(refresh=NotLoading(endOfPaginationReached=false), prepend=NotLoading(endOfPaginationReached=true), append=NotLoading(endOfPaginationReached=false), source=LoadStates(refresh=NotLoading(endOfPaginationReached=false), prepend=NotLoading(endOfPaginationReached=true), append=NotLoading(endOfPaginationReached=false)), mediator=null)
2025-08-09 10:20:08.241  7362-7362  AppNavHost              com.akslabs.SandeshVahak             D  Local count recomposed: 439
2025-08-09 10:20:08.241  7362-7362  LocalSmsScreen          com.akslabs.SandeshVahak             D  Recompose LocalSmsScreen: items=60, loadState=CombinedLoadStates(refresh=NotLoading(endOfPaginationReached=false), prepend=NotLoading(endOfPaginationReached=true), append=NotLoading(endOfPaginationReached=false), source=LoadStates(refresh=NotLoading(endOfPaginationReached=false), prepend=NotLoading(endOfPaginationReached=true), append=NotLoading(endOfPaginationReached=false)), mediator=null)
2025-08-09 10:20:09.931  7362-7362  WindowOnBackDispatcher  com.akslabs.SandeshVahak             W  sendCancelIfRunning: isInProgress=false callback=androidx.activity.OnBackPressedDispatcher$Api34Impl$createOnBackAnimationCallback$1@dc7a0b7
2025-08-09 10:20:10.004  7362-7362  SmsContentObserver      com.akslabs.SandeshVahak             I  SMS content observer stopped
2025-08-09 10:20:56.479  7362-7362  SmsContentObserver      com.akslabs.SandeshVahak             D  Registering content observer on URI=content://sms, notifyForDescendants=true, thread=main
2025-08-09 10:20:56.482  7362-7362  SmsContentObserver      com.akslabs.SandeshVahak             I  ✅ SMS content observer started and registered
