2025-09-27 14:08:51.209  7687-7687  bs.SandeshVahak         com.akslabs.SandeshVahak             I  Late-enabling -Xcheck:jni
2025-09-27 14:08:51.278  7687-7687  bs.SandeshVahak         com.akslabs.SandeshVahak             I  Using CollectorTypeCC GC.
2025-09-27 14:08:51.333  7687-7687  bs.SandeshVahak         com.akslabs.SandeshVahak             W  Thread Pool max thread count is 0. Cannot cache binder as linkToDeath cannot be implemented. serviceName: activity
2025-09-27 14:08:51.390  7687-7687  nativeloader            com.akslabs.SandeshVahak             D  Load libframework-connectivity-tiramisu-jni.so using APEX ns com_android_tethering for caller /apex/com.android.tethering/javalib/framework-connectivity-t.jar: ok
2025-09-27 14:08:51.491  7687-7687  ApplicationLoaders      com.akslabs.SandeshVahak             D  Returning zygote-cached class loader: /system_ext/framework/androidx.window.extensions.jar
2025-09-27 14:08:51.491  7687-7687  ApplicationLoaders      com.akslabs.SandeshVahak             D  Returning zygote-cached class loader: /system_ext/framework/androidx.window.sidecar.jar
2025-09-27 14:08:52.282  7687-7687  nativeloader            com.akslabs.SandeshVahak             D  Configuring clns-9 for other apk /data/app/~~pGh3lOJI9qS1Zg2IeJblaA==/com.akslabs.SandeshVahak-PxSNoOtqbYfsiOOkxmuFrQ==/base.apk. target_sdk_version=35, uses_libraries=, library_path=/data/app/~~pGh3lOJI9qS1Zg2IeJblaA==/com.akslabs.SandeshVahak-PxSNoOtqbYfsiOOkxmuFrQ==/lib/arm64:/data/app/~~pGh3lOJI9qS1Zg2IeJblaA==/com.akslabs.SandeshVahak-PxSNoOtqbYfsiOOkxmuFrQ==/base.apk!/lib/arm64-v8a, permitted_path=/data:/mnt/expand:/data/user/0/com.akslabs.SandeshVahak
2025-09-27 14:08:52.285  7687-7687  CompatChangeReporter    com.akslabs.SandeshVahak             D  Compat change id reported: 202956589; UID 10712; state: ENABLED
2025-09-27 14:08:52.296  7687-7687  bs.SandeshVahak         com.akslabs.SandeshVahak             I  AssetManager2(0x78ccc9de28) locale list changing from [] to [en-IN]
2025-09-27 14:08:52.306  7687-7687  GraphicsEnvironment     com.akslabs.SandeshVahak             V  Currently set values for:
2025-09-27 14:08:52.307  7687-7687  GraphicsEnvironment     com.akslabs.SandeshVahak             V    angle_gl_driver_selection_pkgs=[com.android.angle, com.linecorp.b612.android, com.campmobile.snow, com.google.android.apps.tachyon]
2025-09-27 14:08:52.307  7687-7687  GraphicsEnvironment     com.akslabs.SandeshVahak             V    angle_gl_driver_selection_values=[angle, native, native, native]
2025-09-27 14:08:52.307  7687-7687  GraphicsEnvironment     com.akslabs.SandeshVahak             V  com.akslabs.SandeshVahak is not listed in per-application setting
2025-09-27 14:08:52.307  7687-7687  GraphicsEnvironment     com.akslabs.SandeshVahak             V  ANGLE allowlist from config:
2025-09-27 14:08:52.307  7687-7687  GraphicsEnvironment     com.akslabs.SandeshVahak             V  com.akslabs.SandeshVahak is not listed in ANGLE allowlist or settings, returning default
2025-09-27 14:08:52.307  7687-7687  GraphicsEnvironment     com.akslabs.SandeshVahak             V  Neither updatable production driver nor prerelease driver is supported.
2025-09-27 14:08:52.389  7687-7687  CompatChangeReporter    com.akslabs.SandeshVahak             D  Compat change id reported: 279646685; UID 10712; state: ENABLED
2025-09-27 14:08:52.403  7687-7687  WM-WrkMgrInitializer    com.akslabs.SandeshVahak             D  Initializing WorkManager with default configuration.
2025-09-27 14:08:52.489  7687-7687  WM-PackageManagerHelper com.akslabs.SandeshVahak             D  Skipping component enablement for androidx.work.impl.background.systemjob.SystemJobService
2025-09-27 14:08:52.489  7687-7687  WM-Schedulers           com.akslabs.SandeshVahak             D  Created SystemJobScheduler and enabled SystemJobService
2025-09-27 14:08:52.501  7687-7687  SandeshVahakApp         com.akslabs.SandeshVahak             I  Application onCreate called
2025-09-27 14:08:52.502  7687-7687  SandeshVahakApp         com.akslabs.SandeshVahak             D  WorkModule initialized successfully (main thread)
2025-09-27 14:08:52.502  7687-7687  SandeshVahakApp         com.akslabs.SandeshVahak             I  Application main thread onCreate tasks (excluding background init logic) completed.
2025-09-27 14:08:52.503  7687-7925  SandeshVahakApp         com.akslabs.SandeshVahak             D  Core background initialization thread started.
2025-09-27 14:08:52.519  7687-7924  ashmem                  com.akslabs.SandeshVahak             E  Pinning is deprecated since Android Q. Please use trim or other methods.
2025-09-27 14:08:52.526  7687-7687  BootReceiver_DEBUG      com.akslabs.SandeshVahak             I  IMMEDIATE onReceive ENTRY - Action: android.intent.action.BOOT_COMPLETED
2025-09-27 14:08:52.526  7687-7687  BootReceiver_DEBUG      com.akslabs.SandeshVahak             I  Boot/Package event received: android.intent.action.BOOT_COMPLETED. Starting new thread for initialization.
2025-09-27 14:08:52.527  7687-7687  BootReceiver_DEBUG      com.akslabs.SandeshVahak             D  onReceive END - Action: android.intent.action.BOOT_COMPLETED
2025-09-27 14:08:52.529  7687-7927  BootReceiver_DEBUG      com.akslabs.SandeshVahak             D  Thread for initializeSmsSync START (Action: android.intent.action.BOOT_COMPLETED)
2025-09-27 14:08:52.533  7687-7927  BootReceiver_DEBUG      com.akslabs.SandeshVahak             D  initializeSmsSync START - isStorageLikelyUnlocked: true
2025-09-27 14:08:52.533  7687-7927  BootReceiver_DEBUG      com.akslabs.SandeshVahak             D  Attempting Preferences.init()
2025-09-27 14:08:52.691  7687-7924  CompatChangeReporter    com.akslabs.SandeshVahak             D  Compat change id reported: 311402873; UID 10712; state: ENABLED
2025-09-27 14:08:52.692  7687-7924  CompatChangeReporter    com.akslabs.SandeshVahak             D  Compat change id reported: 323349338; UID 10712; state: ENABLED
2025-09-27 14:08:52.910  7687-7925  EngineFactory           com.akslabs.SandeshVahak             I  Provider GmsCore_OpenSSL not available
2025-09-27 14:08:52.915  7687-7925  SandeshVahakApp         com.akslabs.SandeshVahak             D  Preferences initialized successfully (background)
2025-09-27 14:08:52.917  7687-7927  BootReceiver_DEBUG      com.akslabs.SandeshVahak             D  Preferences.init() successful.
2025-09-27 14:08:52.918  7687-7927  BootReceiver_DEBUG      com.akslabs.SandeshVahak             I  Preference state: autoStartAllowed=true, isSmsSyncEnabled=true
2025-09-27 14:08:52.918  7687-7927  BootReceiver_DEBUG      com.akslabs.SandeshVahak             I  Sync conditions met. Proceeding to start service.
2025-09-27 14:08:52.918  7687-7927  BootReceiver_DEBUG      com.akslabs.SandeshVahak             D  Attempting NotificationHelper.createNotificationChannels()
2025-09-27 14:08:52.929  7687-7927  NotificationHelper      com.akslabs.SandeshVahak             D  Notification channel SmsObserverServiceChannel created/ensured.
2025-09-27 14:08:52.931  7687-7925  SandeshVahakApp         com.akslabs.SandeshVahak             D  DbHolder.create() called (background)
2025-09-27 14:08:52.931  7687-7927  NotificationHelper      com.akslabs.SandeshVahak             D  Notification channel PostBootNotificationChannel created/ensured.
2025-09-27 14:08:52.931  7687-7927  BootReceiver_DEBUG      com.akslabs.SandeshVahak             D  NotificationHelper.createNotificationChannels() successful.
2025-09-27 14:08:52.931  7687-7927  BootReceiver_DEBUG      com.akslabs.SandeshVahak             D  Attempting SmsObserverService.start()
2025-09-27 14:08:52.934  7687-7927  SmsObsService_DEBUG     com.akslabs.SandeshVahak             D  Companion.start() CALLED
2025-09-27 14:08:52.934  7687-7927  SmsObsService_DEBUG     com.akslabs.SandeshVahak             D  Companion.start() - Attempting ContextCompat.startForegroundService()
2025-09-27 14:08:52.949  7687-7927  SmsObsService_DEBUG     com.akslabs.SandeshVahak             D  Companion.start() - ContextCompat.startForegroundService() called successfully.
2025-09-27 14:08:52.949  7687-7687  SmsObsService_DEBUG     com.akslabs.SandeshVahak             D  onCreate() CALLED
2025-09-27 14:08:52.950  7687-7927  SmsObsService_DEBUG     com.akslabs.SandeshVahak             D  Companion.start() ENDED
2025-09-27 14:08:52.950  7687-7927  BootReceiver_DEBUG      com.akslabs.SandeshVahak             I  SmsObserverService.start() called successfully.
2025-09-27 14:08:52.950  7687-7927  BootReceiver_DEBUG      com.akslabs.SandeshVahak             D  initializeSmsSync END
2025-09-27 14:08:52.950  7687-7927  BootReceiver_DEBUG      com.akslabs.SandeshVahak             D  Thread for initializeSmsSync END (Action: android.intent.action.BOOT_COMPLETED)
2025-09-27 14:08:52.950  7687-7687  SmsObsService_DEBUG     com.akslabs.SandeshVahak             D  createNotificationChannel() CALLED
2025-09-27 14:08:52.958  7687-7687  SmsObsService_DEBUG     com.akslabs.SandeshVahak             D  Service notification channel created/ensured.
2025-09-27 14:08:52.958  7687-7687  SmsObsService_DEBUG     com.akslabs.SandeshVahak             D  createNotificationChannel() ENDED
2025-09-27 14:08:52.959  7687-7687  SmsObsService_DEBUG     com.akslabs.SandeshVahak             I  onCreate() COMPLETED.
2025-09-27 14:08:52.960  7687-7687  SmsObsService_DEBUG     com.akslabs.SandeshVahak             D  onStartCommand() CALLED - Action: ACTION_START_SERVICE, StartId: 1, Flags: 0
2025-09-27 14:08:52.960  7687-7687  SmsObsService_DEBUG     com.akslabs.SandeshVahak             I  onStartCommand() - ACTION_START_SERVICE received.
2025-09-27 14:08:52.960  7687-7687  SmsObsService_DEBUG     com.akslabs.SandeshVahak             D  createServiceNotification() CALLED with text: SMS Sync service is active...
2025-09-27 14:08:52.969  7687-7687  SmsObsService_DEBUG     com.akslabs.SandeshVahak             D  createServiceNotification() ENDED. Notification created.
2025-09-27 14:08:52.980  7687-7687  SmsObsService_DEBUG     com.akslabs.SandeshVahak             I  onStartCommand() - startForeground() successful.
2025-09-27 14:08:52.980  7687-7687  SmsObsService_DEBUG     com.akslabs.SandeshVahak             D  updateSyncStateBasedOnPreferences() CALLED
2025-09-27 14:08:52.980  7687-7687  SmsObsService_DEBUG     com.akslabs.SandeshVahak             I  updateSyncState: isEnabled=true, mode=NEW_ONLY, manuallyStopped=false
2025-09-27 14:08:53.017  7687-7687  SmsObsService_DEBUG     com.akslabs.SandeshVahak             I  updateSyncState: Enqueuing SMS sync work with mode: CATCH_UP. Unique work: SmsSyncWork
2025-09-27 14:08:53.025  7687-7687  SmsObsService_DEBUG     com.akslabs.SandeshVahak             D  updateServiceNotification() CALLED with text: SMS Sync active. Monitoring for changes.
2025-09-27 14:08:53.026  7687-7687  SmsObsService_DEBUG     com.akslabs.SandeshVahak             D  createServiceNotification() CALLED with text: SMS Sync active. Monitoring for changes.
2025-09-27 14:08:53.028  7687-7687  SmsObsService_DEBUG     com.akslabs.SandeshVahak             D  createServiceNotification() ENDED. Notification created.
2025-09-27 14:08:53.035  7687-7687  SmsObsService_DEBUG     com.akslabs.SandeshVahak             D  Service notification updated.
2025-09-27 14:08:53.035  7687-7687  SmsObsService_DEBUG     com.akslabs.SandeshVahak             D  updateServiceNotification() ENDED.
2025-09-27 14:08:53.047  7687-7687  SmsObsService_DEBUG     com.akslabs.SandeshVahak             D  KeepAliveWorker enqueued as sync is enabled.
2025-09-27 14:08:53.047  7687-7687  SmsObsService_DEBUG     com.akslabs.SandeshVahak             D  updateSyncStateBasedOnPreferences() ENDED.
2025-09-27 14:08:53.050  7687-7687  SmsContentObserver      com.akslabs.SandeshVahak             D  Registering content observer on URI=content://sms, notifyForDescendants=true, thread=main
2025-09-27 14:08:53.054  7687-7687  SmsContentObserver      com.akslabs.SandeshVahak             I  ✅ SMS content observer started and registered
2025-09-27 14:08:53.054  7687-7687  SmsObsService_DEBUG     com.akslabs.SandeshVahak             I  SmsContentObserver observing started (ACTION_START_SERVICE).
2025-09-27 14:08:53.054  7687-7687  SmsObsService_DEBUG     com.akslabs.SandeshVahak             D  onStartCommand() ENDED. Returning START_STICKY.
2025-09-27 14:08:53.139  7687-7951  JobInfo                 com.akslabs.SandeshVahak             W  Requested important-while-foreground flag for job5 is ignored and takes no effect
2025-09-27 14:08:53.195  7687-7925  SandeshVahakApp         com.akslabs.SandeshVahak             D  BotApi.create() called (background)
2025-09-27 14:08:53.196  7687-7925  SandeshVahakApp         com.akslabs.SandeshVahak             D  ConnectivityObserver initialized successfully (background)
2025-09-27 14:08:53.218  7687-7925  SandeshVahakApp         com.akslabs.SandeshVahak             D  Performance monitoring started (background)
2025-09-27 14:08:53.218  7687-7925  SandeshVahakApp         com.akslabs.SandeshVahak             I  All core background initializations completed successfully.
2025-09-27 14:08:53.218  7687-7925  SandeshVahakApp         com.akslabs.SandeshVahak             D  Core background initialization thread finished, latch counted down.
2025-09-27 14:08:53.223  7687-7955  SmsSyncWorker           com.akslabs.SandeshVahak             I  doWork: Starting SMS Sync work. Mode: CATCH_UP
2025-09-27 14:08:53.225  7687-7955  SmsSyncWorker           com.akslabs.SandeshVahak             D  Notification channel created.
2025-09-27 14:08:53.230  7687-7924  WM-Processor            com.akslabs.SandeshVahak             I  Moving WorkSpec (eb792ee4-a7c2-4564-b884-1510010ff1f5) to the foreground
2025-09-27 14:08:53.248  7687-7687  WM-SystemFgDispatcher   com.akslabs.SandeshVahak             I  Started foreground service Intent { act=ACTION_START_FOREGROUND xflg=0x4 cmp=com.akslabs.SandeshVahak/androidx.work.impl.foreground.SystemForegroundService (has extras) }
2025-09-27 14:08:53.249  7687-7955  SmsSyncWorker           com.akslabs.SandeshVahak             I  performCatchUpSync: Starting catch-up sync.
2025-09-27 14:08:53.262  7687-7955  SmsSyncWorker           com.akslabs.SandeshVahak             D  Notification updated with text: Processing recent SMS...
2025-09-27 14:08:53.271  7687-7955  SmsSyncService          com.akslabs.SandeshVahak             D  Performing quick SMS sync
2025-09-27 14:08:53.272  7687-7955  SmsSyncService          com.akslabs.SandeshVahak             D  Preference isSmsSyncEnabledKey = true
2025-09-27 14:08:53.275  7687-7955  SmsSyncService          com.akslabs.SandeshVahak             D  Configured channelId = -1002651869724
2025-09-27 14:08:53.323  7687-7955  SmsReaderService        com.akslabs.SandeshVahak             D  NEW_ONLY mode: using baseline timestamp for incremental sync
2025-09-27 14:08:53.323  7687-7955  SmsReaderService        com.akslabs.SandeshVahak             I  Starting incremental SMS sync (mode: NEW_ONLY) from timestamp: 1758962130398 (lastDB=1758957569476, baseline=1758962135398, buffer=5000)
2025-09-27 14:08:53.348  7687-7955  SmsReaderService        com.akslabs.SandeshVahak             D  Timestamp details: lastDB=2025-09-27 12:49:29.476, baseline=2025-09-27 14:05:35.398, effective=2025-09-27 14:05:30.398
2025-09-27 14:08:53.456  7687-7955  SmsReaderService        com.akslabs.SandeshVahak             I  Reading SMS messages after timestamp: 1758962130398 (2025-09-27 14:05:30.398)
2025-09-27 14:08:53.456  7687-7955  SmsReaderService        com.akslabs.SandeshVahak             D  Query: uri=content://sms, selection='date > ?', args=[1758962130398], sort=date ASC
2025-09-27 14:08:53.485  7687-7955  SmsReaderService        com.akslabs.SandeshVahak             D  Cursor is null? false
2025-09-27 14:08:53.485  7687-7955  SmsReaderService        com.akslabs.SandeshVahak             D  Total rows iterated: 0
2025-09-27 14:08:53.490  7687-7955  SmsReaderService        com.akslabs.SandeshVahak             I  Read 0 new SMS messages after timestamp
2025-09-27 14:08:53.490  7687-7955  SmsReaderService        com.akslabs.SandeshVahak             I  Incremental SMS sync complete: 0 new messages (batch)
2025-09-27 14:08:53.491  7687-7955  SmsSyncService          com.akslabs.SandeshVahak             D  syncNewSmsToDatabase returned 0 new messages
2025-09-27 14:08:53.491  7687-7955  SmsSyncService          com.akslabs.SandeshVahak             D  Proceeding to unsynced fetch; newLocalMessages=0
2025-09-27 14:08:53.491  7687-7955  SmsSyncService          com.akslabs.SandeshVahak             D  Sync mode: NEW_ONLY, baseline: 1758962135398
2025-09-27 14:08:53.494  7687-7955  SmsSyncService          com.akslabs.SandeshVahak             I  ✅ NEW_ONLY mode properly configured - baseline: 1758962135398 (2025-09-27 14:05:35)
2025-09-27 14:08:53.494  7687-7955  SmsSyncService          com.akslabs.SandeshVahak             D  NEW_ONLY mode: getting unsynced messages after baseline 1758962135398
2025-09-27 14:08:53.505  7687-7955  SmsSyncService          com.akslabs.SandeshVahak             D  NEW_ONLY quick sync query returned 0 messages
2025-09-27 14:08:53.505  7687-7955  SmsSyncService          com.akslabs.SandeshVahak             D  Retrieved 0 unsynced messages (mode: NEW_ONLY, baseline: 1758962135398)
2025-09-27 14:08:53.505  7687-7955  SmsSyncService          com.akslabs.SandeshVahak             D  No unsynced messages to sync
2025-09-27 14:08:53.506  7687-7954  SmsSyncWorker           com.akslabs.SandeshVahak             I  Catch-up sync: 0 messages.
2025-09-27 14:08:53.516  7687-7954  SmsSyncWorker           com.akslabs.SandeshVahak             D  Notification updated with text: SMS sync active. 0 recent messages processed.
2025-09-27 14:08:53.516  7687-7954  SmsSyncWorker           com.akslabs.SandeshVahak             I  performCatchUpSync: END
2025-09-27 14:08:53.516  7687-7954  SmsSyncWorker           com.akslabs.SandeshVahak             I  doWork: SMS Sync work finished successfully.
2025-09-27 14:08:53.516  7687-7954  SmsSyncWorker           com.akslabs.SandeshVahak             D  doWork: Finalizing.
2025-09-27 14:08:53.521  7687-7929  WM-WorkerWrapper        com.akslabs.SandeshVahak             I  Worker result SUCCESS for Work [ id=eb792ee4-a7c2-4564-b884-1510010ff1f5, tags={ com.akslabs.SandeshVahak.workers.SmsSyncWorker } ]
2025-09-27 14:08:53.539  7687-7687  WM-SystemFgDispatcher   com.akslabs.SandeshVahak             I  Stopping foreground service
2025-09-27 14:08:58.410  7687-8298  ProfileInstaller        com.akslabs.SandeshVahak             D  Installing profile for com.akslabs.SandeshVahak
