--------- beginning of crash
--------- beginning of system
--------- beginning of main
2025-08-13 18:39:35.452  5187-5187  Choreographer           com.akslabs.SandeshVahak             I  Skipped 160 frames!  The application may be doing too much work on its main thread.
2025-08-13 18:39:35.665  5187-15370 DatabaseDebugHelper     com.akslabs.SandeshVahak             I  Database version: 7
2025-08-13 18:39:35.695  5187-15370 DatabaseDebugHelper     com.akslabs.SandeshVahak             I  Record counts:
2025-08-13 18:39:35.695  5187-15370 DatabaseDebugHelper     com.akslabs.SandeshVahak             I    Total SMS messages: 0
2025-08-13 18:39:35.695  5187-15370 DatabaseDebugHelper     com.akslabs.SandeshVahak             I    Synced SMS messages: 0
2025-08-13 18:39:35.695  5187-15370 DatabaseDebugHelper     com.akslabs.SandeshVahak             I    Total remote SMS messages: 0
2025-08-13 18:39:35.695  5187-15370 DatabaseDebugHelper     com.akslabs.SandeshVahak             I  === END DATABASE DEBUG REPORT ===
2025-08-13 18:39:35.766  5187-15230 bs.SandeshVahak         com.akslabs.SandeshVahak             I  Compiler allocated 4431KB to compile void android.view.ViewRootImpl.performTraversals()
2025-08-13 18:39:36.179  5187-5187  bs.SandeshVahak         com.akslabs.SandeshVahak             W  Method boolean androidx.compose.runtime.snapshots.SnapshotStateList.conditionalUpdate(boolean, kotlin.jvm.functions.Function1) failed lock verification and will run slower.
                                                                                                    Common causes for lock verification issues are non-optimized dex code
                                                                                                    and incorrect proguard optimizations.
2025-08-13 18:39:36.179  5187-5187  bs.SandeshVahak         com.akslabs.SandeshVahak             W  Method boolean androidx.compose.runtime.snapshots.SnapshotStateList.conditionalUpdate$default(androidx.compose.runtime.snapshots.SnapshotStateList, boolean, kotlin.jvm.functions.Function1, int, java.lang.Object) failed lock verification and will run slower.
2025-08-13 18:39:36.179  5187-5187  bs.SandeshVahak         com.akslabs.SandeshVahak             W  Method java.lang.Object androidx.compose.runtime.snapshots.SnapshotStateList.mutate(kotlin.jvm.functions.Function1) failed lock verification and will run slower.
2025-08-13 18:39:36.179  5187-5187  bs.SandeshVahak         com.akslabs.SandeshVahak             W  Method void androidx.compose.runtime.snapshots.SnapshotStateList.update(boolean, kotlin.jvm.functions.Function1) failed lock verification and will run slower.
2025-08-13 18:39:36.180  5187-5187  bs.SandeshVahak         com.akslabs.SandeshVahak             W  Method void androidx.compose.runtime.snapshots.SnapshotStateList.update$default(androidx.compose.runtime.snapshots.SnapshotStateList, boolean, kotlin.jvm.functions.Function1, int, java.lang.Object) failed lock verification and will run slower.
2025-08-13 18:39:37.039  5187-15377 AdrenoGLES-0            com.akslabs.SandeshVahak             I  QUALCOMM build                   : 95db91f, Ifbc588260a
                                                                                                    Build Date                       : 09/24/20
                                                                                                    OpenGL ES Shader Compiler Version: EV031.32.02.01
                                                                                                    Local Branch                     : mybrancheafe5b6d-fb5b-f1b0-b904-5cb90179c3e0
                                                                                                    Remote Branch                    : quic/gfx-adreno.lnx.1.0.r114-rel
                                                                                                    Remote Branch                    : NONE
                                                                                                    Reconstruct Branch               : NOTHING
2025-08-13 18:39:37.039  5187-15377 AdrenoGLES-0            com.akslabs.SandeshVahak             I  Build Config                     : S P 10.0.7 AArch64
2025-08-13 18:39:37.039  5187-15377 AdrenoGLES-0            com.akslabs.SandeshVahak             I  Driver Path                      : /vendor/lib64/egl/libGLESv2_adreno.so
2025-08-13 18:39:37.097  5187-15377 AdrenoGLES-0            com.akslabs.SandeshVahak             I  PFP: 0x016ee190, ME: 0x00000000
2025-08-13 18:39:37.432  5187-15499 Gralloc4                com.akslabs.SandeshVahak             I  mapper 4.x is not supported
2025-08-13 18:39:37.432  5187-15499 Gralloc3                com.akslabs.SandeshVahak             W  mapper 3.x is not supported
2025-08-13 18:39:37.459  5187-15499 Gralloc2                com.akslabs.SandeshVahak             I  Adding additional valid usage bits: 0x8202000
2025-08-13 18:39:38.091  5187-15494 SurfaceSyncGroup        com.akslabs.SandeshVahak             E  Failed to receive transaction ready in 1000ms. Marking SurfaceSyncGroup(wmsSync-VRI[MainActivity]#0) as ready
2025-08-13 18:39:38.094  5187-15494 SurfaceSyncGroup        com.akslabs.SandeshVahak             E  Failed to receive transaction ready in 1000ms. Marking SurfaceSyncGroup(VRI[MainActivity]#1) as ready
2025-08-13 18:39:38.266  5187-15243 HWUI                    com.akslabs.SandeshVahak             I  Davey! duration=5443ms; Flags=1, FrameTimelineVsyncId=12107275, IntendedVsync=20379805919904, Vsync=20382472590784, InputEventId=0, HandleInputStart=20382474919827, AnimationStart=20382474931285, PerformTraversalsStart=20382481054931, DrawStart=20384412345660, FrameDeadline=20379822586570, FrameInterval=20382474297379, FrameStartTime=16666693, SyncQueued=20384456011076, SyncStart=20384456142587, IssueDrawCommandsStart=20384456593212, SwapBuffers=20385242301493, FrameCompleted=20385249312482, DequeueBufferDuration=69213125, QueueBufferDuration=1550052, GpuCompleted=20385249312482, SwapBuffersCompleted=20385245821701, DisplayPresentTime=0, CommandSubmissionCompleted=20385242301493, 
2025-08-13 18:39:39.194  5187-5187  Choreographer           com.akslabs.SandeshVahak             I  Skipped 216 frames!  The application may be doing too much work on its main thread.
2025-08-13 18:39:39.476  5187-15370 KeepAliveWorker         com.akslabs.SandeshVahak             D  KeepAlive: SMS sync disabled; not starting service
2025-08-13 18:39:39.480  5187-15382 WM-WorkerWrapper        com.akslabs.SandeshVahak             I  Worker result SUCCESS for Work [ id=b156463f-709a-4b2b-acd6-ac13e0c852ea, tags={ com.akslabs.chitralaya.workers.KeepAliveWorker } ]
2025-08-13 18:39:40.282  5187-5187  Choreographer           com.akslabs.SandeshVahak             I  Skipped 44 frames!  The application may be doing too much work on its main thread.
2025-08-13 18:39:40.339  5187-15243 HWUI                    com.akslabs.SandeshVahak             I  Davey! duration=798ms; Flags=0, FrameTimelineVsyncId=12111027, IntendedVsync=20386555405014, Vsync=20387288727846, InputEventId=0, HandleInputStart=20387305005086, AnimationStart=20387305007794, PerformTraversalsStart=20387339280398, DrawStart=20387342261440, FrameDeadline=20387172065513, FrameInterval=20387304439513, FrameStartTime=16666428, SyncQueued=20387343447377, SyncStart=20387343565346, IssueDrawCommandsStart=20387343864982, SwapBuffers=20387346025815, FrameCompleted=20387353798732, DequeueBufferDuration=29323, QueueBufferDuration=216354, GpuCompleted=20387353798732, SwapBuffersCompleted=20387346680398, DisplayPresentTime=0, CommandSubmissionCompleted=20387346025815, 
2025-08-13 18:39:41.245  5187-15576 ProfileInstaller        com.akslabs.SandeshVahak             D  Installing profile for com.akslabs.SandeshVahak
2025-08-13 18:39:43.730  1835-1969  VerityUtils             system_server                        E  Failed to check whether fs-verity is enabled, errno 38: /data/app/~~MeTA3bL7gf9KeyHQe0za-w==/com.akslabs.SandeshVahak-s6gKWizX5ProUN2HP63tjw==/base.apk
2025-08-13 18:39:47.306  5187-15241 HWUI                    com.akslabs.SandeshVahak             I  Davey! duration=1004ms; Flags=0, FrameTimelineVsyncId=12114116, IntendedVsync=20393305908098, Vsync=20393322574762, InputEventId=722712389, HandleInputStart=20393328503521, AnimationStart=20393328548990, PerformTraversalsStart=20393533859979, DrawStart=20394261385500, FrameDeadline=20393422574748, FrameInterval=20393328489406, FrameStartTime=16666658, SyncQueued=20394305407062, SyncStart=20394305710916, IssueDrawCommandsStart=20394305926125, SwapBuffers=20394306997739, FrameCompleted=20394310869666, DequeueBufferDuration=17813, QueueBufferDuration=292604, GpuCompleted=20394310869666, SwapBuffersCompleted=20394307784093, DisplayPresentTime=72057628414509173, CommandSubmissionCompleted=20394306997739, 
2025-08-13 18:39:47.334  5187-5187  Choreographer           com.akslabs.SandeshVahak             I  Skipped 61 frames!  The application may be doing too much work on its main thread.
2025-08-13 18:39:47.565  5187-5187  InsetsController        com.akslabs.SandeshVahak             D  show(ime(), fromIme=false)
2025-08-13 18:39:47.566  5187-5187  ImeTracker              com.akslabs.SandeshVahak             I  com.akslabs.SandeshVahak:ac4067e6: onRequestShow at ORIGIN_CLIENT reason SHOW_SOFT_INPUT_BY_INSETS_API fromUser false
2025-08-13 18:39:47.568  5187-5187  InputMethodManager      com.akslabs.SandeshVahak             D  showSoftInput() view=androidx.compose.ui.platform.AndroidComposeView{f9ee56c VFED..... .F....ID 0,0-1080,2263 aid=1073741824} flags=0 reason=SHOW_SOFT_INPUT_BY_INSETS_API
2025-08-13 18:39:47.705  5187-5187  ImeTracker              com.akslabs.SandeshVahak             I  com.akslabs.SandeshVahak:51739d65: onRequestShow at ORIGIN_CLIENT reason SHOW_SOFT_INPUT fromUser false
2025-08-13 18:39:47.706  5187-5187  InputMethodManager      com.akslabs.SandeshVahak             D  showSoftInput() view=androidx.compose.ui.platform.AndroidComposeView{f9ee56c VFED..... .F...... 0,0-1080,2263 aid=1073741824} flags=0 reason=SHOW_SOFT_INPUT
2025-08-13 18:39:48.179  5187-5187  InsetsController        com.akslabs.SandeshVahak             D  show(ime(), fromIme=true)
2025-08-13 18:39:48.182  5187-5187  InsetsController        com.akslabs.SandeshVahak             D  show(ime(), fromIme=true)
2025-08-13 18:39:48.182  5187-5187  ImeTracker              com.akslabs.SandeshVahak             I  com.akslabs.SandeshVahak:51739d65: onCancelled at PHASE_CLIENT_APPLY_ANIMATION
2025-08-13 18:39:48.188  5187-15725 InteractionJankMonitor  com.akslabs.SandeshVahak             W  Initializing without READ_DEVICE_CONFIG permission. enabled=false, interval=1, missedFrameThreshold=3, frameTimeThreshold=64, package=com.akslabs.SandeshVahak
2025-08-13 18:39:48.421  5187-5187  ImeTracker              com.akslabs.SandeshVahak             I  com.akslabs.SandeshVahak:ac4067e6: onShown
2025-08-13 18:39:50.740  5187-5187  InsetsController        com.akslabs.SandeshVahak             D  show(ime(), fromIme=false)
2025-08-13 18:39:50.741  5187-5187  ImeTracker              com.akslabs.SandeshVahak             I  com.akslabs.SandeshVahak:a2e2a07c: onRequestShow at ORIGIN_CLIENT reason SHOW_SOFT_INPUT_BY_INSETS_API fromUser false
2025-08-13 18:39:50.742  5187-5187  ImeTracker              com.akslabs.SandeshVahak             I  com.akslabs.SandeshVahak:a2e2a07c: onCancelled at PHASE_CLIENT_APPLY_ANIMATION
2025-08-13 18:39:50.798  5187-5187  ImeTracker              com.akslabs.SandeshVahak             I  com.akslabs.SandeshVahak:e6bf6beb: onRequestShow at ORIGIN_CLIENT reason SHOW_SOFT_INPUT fromUser false
2025-08-13 18:39:50.799  5187-5187  InputMethodManager      com.akslabs.SandeshVahak             D  showSoftInput() view=androidx.compose.ui.platform.AndroidComposeView{f9ee56c VFED..... .F...... 0,0-1080,2263 aid=1073741824} flags=0 reason=SHOW_SOFT_INPUT
2025-08-13 18:39:51.069  5187-5187  InsetsController        com.akslabs.SandeshVahak             D  show(ime(), fromIme=true)
2025-08-13 18:39:51.069  5187-5187  ImeTracker              com.akslabs.SandeshVahak             I  com.akslabs.SandeshVahak:47b4b8ad: onCancelled at PHASE_CLIENT_APPLY_ANIMATION
2025-08-13 18:39:51.069  5187-5187  InsetsController        com.akslabs.SandeshVahak             D  show(ime(), fromIme=true)
2025-08-13 18:39:51.070  5187-5187  ImeTracker              com.akslabs.SandeshVahak             I  com.akslabs.SandeshVahak:e6bf6beb: onCancelled at PHASE_CLIENT_APPLY_ANIMATION
2025-08-13 18:39:56.393  5187-5187  InsetsController        com.akslabs.SandeshVahak             D  show(ime(), fromIme=false)
2025-08-13 18:39:56.394  5187-5187  ImeTracker              com.akslabs.SandeshVahak             I  com.akslabs.SandeshVahak:7b87a2c4: onRequestShow at ORIGIN_CLIENT reason SHOW_SOFT_INPUT_BY_INSETS_API fromUser false
2025-08-13 18:39:56.394  5187-5187  ImeTracker              com.akslabs.SandeshVahak             I  com.akslabs.SandeshVahak:7b87a2c4: onCancelled at PHASE_CLIENT_APPLY_ANIMATION
2025-08-13 18:39:56.446  5187-5187  ImeTracker              com.akslabs.SandeshVahak             I  com.akslabs.SandeshVahak:e4bf5b1d: onRequestShow at ORIGIN_CLIENT reason SHOW_SOFT_INPUT fromUser false
2025-08-13 18:39:56.446  5187-5187  InputMethodManager      com.akslabs.SandeshVahak             D  showSoftInput() view=androidx.compose.ui.platform.AndroidComposeView{f9ee56c VFED..... .F...... 0,0-1080,2263 aid=1073741824} flags=0 reason=SHOW_SOFT_INPUT
2025-08-13 18:39:56.692  5187-5187  InsetsController        com.akslabs.SandeshVahak             D  show(ime(), fromIme=true)
2025-08-13 18:39:56.692  5187-5187  ImeTracker              com.akslabs.SandeshVahak             I  com.akslabs.SandeshVahak:85c1e53a: onCancelled at PHASE_CLIENT_APPLY_ANIMATION
2025-08-13 18:39:56.692  5187-5187  InsetsController        com.akslabs.SandeshVahak             D  show(ime(), fromIme=true)
2025-08-13 18:39:56.692  5187-5187  ImeTracker              com.akslabs.SandeshVahak             I  com.akslabs.SandeshVahak:e4bf5b1d: onCancelled at PHASE_CLIENT_APPLY_ANIMATION
2025-08-13 18:40:04.404  5187-5187  GettingStartedScreen    com.akslabs.SandeshVahak             I  Validating chat ID: -1002651869724
2025-08-13 18:40:04.407  5187-15728 BotApi                  com.akslabs.SandeshVahak             I  Attempting to get chat info for: Id(id=-1002651869724)
2025-08-13 18:40:05.923  5187-15728 BotApi                  com.akslabs.SandeshVahak             I  getChat result - isSuccess: false
2025-08-13 18:40:05.924  5187-15728 BotApi                  com.akslabs.SandeshVahak             W  getChat failed - result: Unknown(exception=com.google.gson.JsonSyntaxException: java.lang.IllegalStateException: Expected a string but was BEGIN_OBJECT at line 1 column 944 path $.result.pinned_message)
2025-08-13 18:40:05.924  5187-15728 BotApi                  com.akslabs.SandeshVahak             W  ðŸ”§ Known Telegram API issue: pinned_message format changed. Trying alternative validation...
2025-08-13 18:40:05.924  5187-15728 BotApi                  com.akslabs.SandeshVahak             I  ðŸ”§ Validating chat access using alternative method (due to Telegram API JSON issue)...
2025-08-13 18:40:05.924  5187-15728 BotApi                  com.akslabs.SandeshVahak             W  âš ï¸ Skipping test message due to known Telegram Bot API library issue
2025-08-13 18:40:05.924  5187-15728 BotApi                  com.akslabs.SandeshVahak             W  ðŸ“ The pinned_message JSON parsing error doesn't affect actual message sending
2025-08-13 18:40:05.924  5187-15728 BotApi                  com.akslabs.SandeshVahak             I  âœ… Assuming chat is accessible - SMS sync should work normally
2025-08-13 18:40:06.376  5187-5187  WindowOnBackDispatcher  com.akslabs.SandeshVahak             W  sendCancelIfRunning: isInProgress=false callback=ImeCallback=ImeOnBackInvokedCallback@111101178 Callback=android.window.IOnBackInvokedCallback$Stub$Proxy@945eb8a
2025-08-13 18:40:06.431  5187-5187  WindowOnBackDispatcher  com.akslabs.SandeshVahak             W  sendCancelIfRunning: isInProgress=false callback=ImeCallback=ImeOnBackInvokedCallback@111101178 Callback=android.window.IOnBackInvokedCallback$Stub$Proxy@945eb8a
2025-08-13 18:40:06.445  5187-5187  InsetsController        com.akslabs.SandeshVahak             D  hide(ime(), fromIme=false)
2025-08-13 18:40:06.446  5187-5187  ImeTracker              com.akslabs.SandeshVahak             I  com.akslabs.SandeshVahak:1fc2897d: onRequestHide at ORIGIN_CLIENT reason HIDE_SOFT_INPUT_BY_INSETS_API fromUser false
2025-08-13 18:40:06.447  5187-5187  ImeTracker              com.akslabs.SandeshVahak             I  com.akslabs.SandeshVahak:b71d17a5: onRequestHide at ORIGIN_CLIENT reason HIDE_SOFT_INPUT_REQUEST_HIDE_WITH_CONTROL fromUser false
2025-08-13 18:40:06.447  5187-5187  ImeTracker              com.akslabs.SandeshVahak             I  com.akslabs.SandeshVahak:b71d17a5: onFailed at PHASE_CLIENT_VIEW_SERVED
2025-08-13 18:40:06.455  5187-5187  InsetsController        com.akslabs.SandeshVahak             D  hide(ime(), fromIme=true)
2025-08-13 18:40:06.455  5187-5187  ImeTracker              com.akslabs.SandeshVahak             I  com.akslabs.SandeshVahak:2cb268e6: onCancelled at PHASE_CLIENT_APPLY_ANIMATION
2025-08-13 18:40:06.456  5187-5187  ImeTracker              com.akslabs.SandeshVahak             I  com.akslabs.SandeshVahak:1fc2897d: onCancelled at PHASE_CLIENT_ANIMATION_CANCEL
2025-08-13 18:40:06.457  5187-5187  ImeTracker              com.akslabs.SandeshVahak             I  com.akslabs.SandeshVahak:32f758d: onRequestHide at ORIGIN_CLIENT reason HIDE_SOFT_INPUT_ON_ANIMATION_STATE_CHANGED fromUser false
2025-08-13 18:40:06.458  5187-5187  ImeTracker              com.akslabs.SandeshVahak             I  com.akslabs.SandeshVahak:32f758d: onFailed at PHASE_CLIENT_VIEW_SERVED
2025-08-13 18:40:09.675  5187-5187  MainActivity            com.akslabs.SandeshVahak             I  SMS permission granted; waiting for user to enable sync
2025-08-13 18:40:09.676  5187-15728 SmsReaderService        com.akslabs.SandeshVahak             I  ðŸ”„ Starting optimized SMS database sync...
2025-08-13 18:40:09.676  5187-15728 SmsReaderService        com.akslabs.SandeshVahak             D  Sync mode: ALL, baseline: 0
2025-08-13 18:40:09.676  5187-15728 SmsReaderService        com.akslabs.SandeshVahak             I  ALL mode: including all SMS messages
2025-08-13 18:40:09.678  5187-15728 SmsReaderService        com.akslabs.SandeshVahak             I  ðŸš€ Starting optimized SMS reading...
2025-08-13 18:40:09.708  5187-5187  WindowOnBackDispatcher  com.akslabs.SandeshVahak             W  sendCancelIfRunning: isInProgress=false callback=androidx.activity.OnBackPressedDispatcher$Api34Impl$createOnBackAnimationCallback$1@88b520e
2025-08-13 18:40:09.864  5187-15728 SmsReaderService        com.akslabs.SandeshVahak             I  âœ… Successfully read 483 SMS messages
2025-08-13 18:40:09.864  5187-15728 PerformanceMonitor      com.akslabs.SandeshVahak             D  âš¡ FAST: sms_read_all took 187ms
2025-08-13 18:40:09.864  5187-15728 SmsReaderService        com.akslabs.SandeshVahak             I  Processing 483 SMS messages (filtered for mode: ALL)
2025-08-13 18:40:09.865  5187-15728 SmsReaderService        com.akslabs.SandeshVahak             D  Processing batch 1 with 100 messages
2025-08-13 18:40:09.947  5187-15728 SmsReaderService        com.akslabs.SandeshVahak             D  Processing batch 2 with 100 messages
2025-08-13 18:40:09.969  5187-5187  AppNavHost              com.akslabs.SandeshVahak             D  Local count recomposed: 0
2025-08-13 18:40:09.969  5187-5187  LocalSmsScreen          com.akslabs.SandeshVahak             D  Recompose LocalSmsScreen: items=0, loadState=CombinedLoadStates(refresh=Loading(endOfPaginationReached=false), prepend=NotLoading(endOfPaginationReached=false), append=NotLoading(endOfPaginationReached=false), source=LoadStates(refresh=Loading(endOfPaginationReached=false), prepend=NotLoading(endOfPaginationReached=false), append=NotLoading(endOfPaginationReached=false)), mediator=null)
2025-08-13 18:40:10.011  5187-15751 SmsReaderService        com.akslabs.SandeshVahak             D  Processing batch 3 with 100 messages
2025-08-13 18:40:10.081  5187-15751 SmsReaderService        com.akslabs.SandeshVahak             D  Processing batch 4 with 100 messages
2025-08-13 18:40:10.121  5187-5187  AppNavHost              com.akslabs.SandeshVahak             D  Local count recomposed: 200
2025-08-13 18:40:10.121  5187-5187  LocalSmsScreen          com.akslabs.SandeshVahak             D  Recompose LocalSmsScreen: items=0, loadState=CombinedLoadStates(refresh=Loading(endOfPaginationReached=false), prepend=NotLoading(endOfPaginationReached=false), append=NotLoading(endOfPaginationReached=false), source=LoadStates(refresh=Loading(endOfPaginationReached=false), prepend=NotLoading(endOfPaginationReached=false), append=NotLoading(endOfPaginationReached=false)), mediator=null)
2025-08-13 18:40:10.155  5187-15728 SmsReaderService        com.akslabs.SandeshVahak             D  Processing batch 5 with 83 messages
2025-08-13 18:40:10.156  5187-5187  AppNavHost              com.akslabs.SandeshVahak             D  Local count recomposed: 200
2025-08-13 18:40:10.156  5187-5187  LocalSmsScreen          com.akslabs.SandeshVahak             D  Recompose LocalSmsScreen: items=0, loadState=CombinedLoadStates(refresh=Loading(endOfPaginationReached=false), prepend=NotLoading(endOfPaginationReached=false), append=NotLoading(endOfPaginationReached=false), source=LoadStates(refresh=Loading(endOfPaginationReached=false), prepend=NotLoading(endOfPaginationReached=false), append=NotLoading(endOfPaginationReached=false)), mediator=null)
2025-08-13 18:40:10.179  5187-5187  MainActivity            com.akslabs.SandeshVahak             I  ALL mode: importing all SMS messages
2025-08-13 18:40:10.179  5187-15728 SmsReaderService        com.akslabs.SandeshVahak             I  ðŸ”„ Starting optimized SMS database sync...
2025-08-13 18:40:10.179  5187-15728 SmsReaderService        com.akslabs.SandeshVahak             D  Sync mode: ALL, baseline: 0
2025-08-13 18:40:10.179  5187-15728 SmsReaderService        com.akslabs.SandeshVahak             I  ALL mode: including all SMS messages
2025-08-13 18:40:10.180  5187-15728 SmsReaderService        com.akslabs.SandeshVahak             I  ðŸš€ Starting optimized SMS reading...
2025-08-13 18:40:10.200  5187-5187  AppNavHost              com.akslabs.SandeshVahak             D  Local count recomposed: 400
2025-08-13 18:40:10.200  5187-5187  LocalSmsScreen          com.akslabs.SandeshVahak             D  Recompose LocalSmsScreen: items=0, loadState=CombinedLoadStates(refresh=Loading(endOfPaginationReached=false), prepend=NotLoading(endOfPaginationReached=false), append=NotLoading(endOfPaginationReached=false), source=LoadStates(refresh=Loading(endOfPaginationReached=false), prepend=NotLoading(endOfPaginationReached=false), append=NotLoading(endOfPaginationReached=false)), mediator=null)
2025-08-13 18:40:10.216  5187-15372 SmsReaderService        com.akslabs.SandeshVahak             I  âœ… SMS sync complete: 483 new, 0 updated
2025-08-13 18:40:10.233  5187-5187  PerformanceMonitor      com.akslabs.SandeshVahak             D  âš¡ FAST: sms_sync_to_db took 560ms
2025-08-13 18:40:10.241  5187-5187  AppNavHost              com.akslabs.SandeshVahak             D  Local count recomposed: 483
2025-08-13 18:40:10.242  5187-5187  LocalSmsScreen          com.akslabs.SandeshVahak             D  Recompose LocalSmsScreen: items=0, loadState=CombinedLoadStates(refresh=Loading(endOfPaginationReached=false), prepend=NotLoading(endOfPaginationReached=false), append=NotLoading(endOfPaginationReached=false), source=LoadStates(refresh=Loading(endOfPaginationReached=false), prepend=NotLoading(endOfPaginationReached=false), append=NotLoading(endOfPaginationReached=false)), mediator=null)
2025-08-13 18:40:10.248  5187-15728 SmsReaderService        com.akslabs.SandeshVahak             I  âœ… Successfully read 483 SMS messages
2025-08-13 18:40:10.248  5187-15728 PerformanceMonitor      com.akslabs.SandeshVahak             D  âš¡ FAST: sms_read_all took 69ms
2025-08-13 18:40:10.249  5187-15728 SmsReaderService        com.akslabs.SandeshVahak             I  Processing 483 SMS messages (filtered for mode: ALL)
2025-08-13 18:40:10.249  5187-15728 SmsReaderService        com.akslabs.SandeshVahak             D  Processing batch 1 with 100 messages
2025-08-13 18:40:10.298  5187-5187  LocalSmsScreen          com.akslabs.SandeshVahak             D  Recompose LocalSmsScreen: items=60, loadState=CombinedLoadStates(refresh=NotLoading(endOfPaginationReached=false), prepend=NotLoading(endOfPaginationReached=true), append=NotLoading(endOfPaginationReached=false), source=LoadStates(refresh=NotLoading(endOfPaginationReached=false), prepend=NotLoading(endOfPaginationReached=true), append=NotLoading(endOfPaginationReached=false)), mediator=null)
2025-08-13 18:40:10.345  5187-15728 SmsReaderService        com.akslabs.SandeshVahak             D  Processing batch 2 with 100 messages
2025-08-13 18:40:10.430  5187-15728 SmsReaderService        com.akslabs.SandeshVahak             D  Processing batch 3 with 100 messages
2025-08-13 18:40:10.517  5187-15728 SmsReaderService        com.akslabs.SandeshVahak             D  Processing batch 4 with 100 messages
2025-08-13 18:40:10.614  5187-15728 SmsReaderService        com.akslabs.SandeshVahak             D  Processing batch 5 with 83 messages
2025-08-13 18:40:10.713  5187-15372 SmsReaderService        com.akslabs.SandeshVahak             I  âœ… SMS sync complete: 0 new, 483 updated
2025-08-13 18:40:10.833  5187-5187  Choreographer           com.akslabs.SandeshVahak             I  Skipped 33 frames!  The application may be doing too much work on its main thread.
2025-08-13 18:40:10.926  5187-5187  PerformanceMonitor      com.akslabs.SandeshVahak             D  âš¡ FAST: sms_sync_to_db took 747ms
2025-08-13 18:40:10.985  5187-5187  LocalSmsScreen          com.akslabs.SandeshVahak             D  Recompose LocalSmsScreen: items=60, loadState=CombinedLoadStates(refresh=Loading(endOfPaginationReached=false), prepend=NotLoading(endOfPaginationReached=false), append=NotLoading(endOfPaginationReached=false), source=LoadStates(refresh=Loading(endOfPaginationReached=false), prepend=NotLoading(endOfPaginationReached=false), append=NotLoading(endOfPaginationReached=false)), mediator=null)
2025-08-13 18:40:11.036  5187-5187  LocalSmsScreen          com.akslabs.SandeshVahak             D  Recompose LocalSmsScreen: items=60, loadState=CombinedLoadStates(refresh=NotLoading(endOfPaginationReached=false), prepend=NotLoading(endOfPaginationReached=true), append=NotLoading(endOfPaginationReached=false), source=LoadStates(refresh=NotLoading(endOfPaginationReached=false), prepend=NotLoading(endOfPaginationReached=true), append=NotLoading(endOfPaginationReached=false)), mediator=null)
2025-08-13 18:40:11.106  5187-15230 bs.SandeshVahak         com.akslabs.SandeshVahak             I  Compiler allocated 5014KB to compile void com.akslabs.chitralaya.ui.components.SmsListItemKt$SmsListItem$2.invoke(androidx.compose.foundation.layout.ColumnScope, androidx.compose.runtime.Composer, int)
2025-08-13 18:40:12.831  5187-15232 bs.SandeshVahak         com.akslabs.SandeshVahak             I  Background concurrent copying GC freed 3881KB AllocSpace bytes, 7(208KB) LOS objects, 49% free, 9476KB/18MB, paused 90us,49us total 105.722ms
2025-08-13 18:40:18.927  5187-5187  AppNavHost              com.akslabs.SandeshVahak             D  Local count recomposed: 483
2025-08-13 18:40:18.928  5187-5187  LocalSmsScreen          com.akslabs.SandeshVahak             D  Recompose LocalSmsScreen: items=60, loadState=CombinedLoadStates(refresh=NotLoading(endOfPaginationReached=false), prepend=NotLoading(endOfPaginationReached=true), append=NotLoading(endOfPaginationReached=false), source=LoadStates(refresh=NotLoading(endOfPaginationReached=false), prepend=NotLoading(endOfPaginationReached=true), append=NotLoading(endOfPaginationReached=false)), mediator=null)
2025-08-13 18:40:18.991  5187-5187  AppNavHost              com.akslabs.SandeshVahak             D  Local count recomposed: 483
2025-08-13 18:40:18.992  5187-5187  LocalSmsScreen          com.akslabs.SandeshVahak             D  Recompose LocalSmsScreen: items=60, loadState=CombinedLoadStates(refresh=NotLoading(endOfPaginationReached=false), prepend=NotLoading(endOfPaginationReached=true), append=NotLoading(endOfPaginationReached=false), source=LoadStates(refresh=NotLoading(endOfPaginationReached=false), prepend=NotLoading(endOfPaginationReached=true), append=NotLoading(endOfPaginationReached=false)), mediator=null)
2025-08-13 18:40:20.212  5187-5187  WindowOnBackDispatcher  com.akslabs.SandeshVahak             W  sendCancelIfRunning: isInProgress=false callback=androidx.activity.OnBackPressedDispatcher$Api34Impl$createOnBackAnimationCallback$1@1ae2626
2025-08-13 18:40:20.241  5187-5187  AppNavHost              com.akslabs.SandeshVahak             D  Local count recomposed: 0
2025-08-13 18:40:20.241  5187-5187  LocalSmsScreen          com.akslabs.SandeshVahak             D  Recompose LocalSmsScreen: items=60, loadState=CombinedLoadStates(refresh=NotLoading(endOfPaginationReached=false), prepend=NotLoading(endOfPaginationReached=true), append=NotLoading(endOfPaginationReached=false), source=LoadStates(refresh=NotLoading(endOfPaginationReached=false), prepend=NotLoading(endOfPaginationReached=true), append=NotLoading(endOfPaginationReached=false)), mediator=null)
2025-08-13 18:40:20.583  5187-5187  AppNavHost              com.akslabs.SandeshVahak             D  Local count recomposed: 483
2025-08-13 18:40:20.583  5187-5187  LocalSmsScreen          com.akslabs.SandeshVahak             D  Recompose LocalSmsScreen: items=60, loadState=CombinedLoadStates(refresh=NotLoading(endOfPaginationReached=false), prepend=NotLoading(endOfPaginationReached=true), append=NotLoading(endOfPaginationReached=false), source=LoadStates(refresh=NotLoading(endOfPaginationReached=false), prepend=NotLoading(endOfPaginationReached=true), append=NotLoading(endOfPaginationReached=false)), mediator=null)
2025-08-13 18:40:20.972  5187-5187  AppNavHost              com.akslabs.SandeshVahak             D  Local count recomposed: 483
2025-08-13 18:40:20.972  5187-5187  LocalSmsScreen          com.akslabs.SandeshVahak             D  Recompose LocalSmsScreen: items=60, loadState=CombinedLoadStates(refresh=NotLoading(endOfPaginationReached=false), prepend=NotLoading(endOfPaginationReached=true), append=NotLoading(endOfPaginationReached=false), source=LoadStates(refresh=NotLoading(endOfPaginationReached=false), prepend=NotLoading(endOfPaginationReached=true), append=NotLoading(endOfPaginationReached=false)), mediator=null)
2025-08-13 18:40:21.006  5187-5187  AppNavHost              com.akslabs.SandeshVahak             D  Local count recomposed: 483
2025-08-13 18:40:21.006  5187-5187  LocalSmsScreen          com.akslabs.SandeshVahak             D  Recompose LocalSmsScreen: items=60, loadState=CombinedLoadStates(refresh=NotLoading(endOfPaginationReached=false), prepend=NotLoading(endOfPaginationReached=true), append=NotLoading(endOfPaginationReached=false), source=LoadStates(refresh=NotLoading(endOfPaginationReached=false), prepend=NotLoading(endOfPaginationReached=true), append=NotLoading(endOfPaginationReached=false)), mediator=null)
2025-08-13 18:40:21.668  5187-5187  AppNavHost              com.akslabs.SandeshVahak             D  Local count recomposed: 483
2025-08-13 18:40:21.668  5187-5187  LocalSmsScreen          com.akslabs.SandeshVahak             D  Recompose LocalSmsScreen: items=60, loadState=CombinedLoadStates(refresh=NotLoading(endOfPaginationReached=false), prepend=NotLoading(endOfPaginationReached=true), append=NotLoading(endOfPaginationReached=false), source=LoadStates(refresh=NotLoading(endOfPaginationReached=false), prepend=NotLoading(endOfPaginationReached=true), append=NotLoading(endOfPaginationReached=false)), mediator=null)
2025-08-13 18:40:21.851  5187-5187  AppNavHost              com.akslabs.SandeshVahak             D  Local count recomposed: 483
2025-08-13 18:40:21.851  5187-5187  LocalSmsScreen          com.akslabs.SandeshVahak             D  Recompose LocalSmsScreen: items=60, loadState=CombinedLoadStates(refresh=NotLoading(endOfPaginationReached=false), prepend=NotLoading(endOfPaginationReached=true), append=NotLoading(endOfPaginationReached=false), source=LoadStates(refresh=NotLoading(endOfPaginationReached=false), prepend=NotLoading(endOfPaginationReached=true), append=NotLoading(endOfPaginationReached=false)), mediator=null)
2025-08-13 18:40:22.075  5187-15728 BackupHelper            com.akslabs.SandeshVahak             D  Backup status - Has backup: false, Data unchanged: false
2025-08-13 18:40:22.075  5187-15728 BackupHelper            com.akslabs.SandeshVahak             D  Current: 483 SMS, 0 remote | Last backup: 0 SMS, 0 remote
2025-08-13 18:40:49.180  5187-15371 SmsReaderService        com.akslabs.SandeshVahak             D  Using incremental sync from latest DB message
2025-08-13 18:40:49.200  5187-15371 SmsReaderService        com.akslabs.SandeshVahak             I  Starting incremental SMS sync from timestamp: 1755089487208 (db=1755089487208 (2025-08-13 18:21:27.208), baseline=0 (1970-01-01 05:30:00.000), buffer=5000)
2025-08-13 18:40:49.201  5187-15371 SmsReaderService        com.akslabs.SandeshVahak             I  Reading SMS messages after timestamp: 1755089487208 (2025-08-13 18:21:27.208)
2025-08-13 18:40:49.202  5187-15371 SmsReaderService        com.akslabs.SandeshVahak             D  Query: uri=content://sms, selection='date > ?', args=[1755089487208], sort=date ASC
2025-08-13 18:40:49.240  5187-15371 SmsReaderService        com.akslabs.SandeshVahak             D  Cursor is null? false
2025-08-13 18:40:49.241  5187-15371 SmsReaderService        com.akslabs.SandeshVahak             D  Total rows iterated: 0
2025-08-13 18:40:49.246  5187-15371 SmsReaderService        com.akslabs.SandeshVahak             I  Read 0 new SMS messages after timestamp
2025-08-13 18:40:49.246  5187-15371 SmsReaderService        com.akslabs.SandeshVahak             I  Incremental SMS sync complete: 0 new messages (batch)
2025-08-13 18:40:53.369  5187-15728 SmsReaderService        com.akslabs.SandeshVahak             D  Using incremental sync from latest DB message
2025-08-13 18:40:53.371  5187-15728 SmsReaderService        com.akslabs.SandeshVahak             I  Starting incremental SMS sync from timestamp: 1755089487208 (db=1755089487208 (2025-08-13 18:21:27.208), baseline=0 (1970-01-01 05:30:00.000), buffer=5000)
2025-08-13 18:40:53.373  5187-15728 SmsReaderService        com.akslabs.SandeshVahak             I  Reading SMS messages after timestamp: 1755089487208 (2025-08-13 18:21:27.208)
2025-08-13 18:40:53.373  5187-15728 SmsReaderService        com.akslabs.SandeshVahak             D  Query: uri=content://sms, selection='date > ?', args=[1755089487208], sort=date ASC
2025-08-13 18:40:53.388  5187-15728 SmsReaderService        com.akslabs.SandeshVahak             D  Cursor is null? false
2025-08-13 18:40:53.388  5187-15728 SmsReaderService        com.akslabs.SandeshVahak             D  Total rows iterated: 0
2025-08-13 18:40:53.393  5187-15728 SmsReaderService        com.akslabs.SandeshVahak             I  Read 0 new SMS messages after timestamp
2025-08-13 18:40:53.393  5187-15728 SmsReaderService        com.akslabs.SandeshVahak             I  Incremental SMS sync complete: 0 new messages (batch)
2025-08-13 18:41:14.222  5187-5187  AppNavHost              com.akslabs.SandeshVahak             D  Local count recomposed: 0
2025-08-13 18:41:14.222  5187-5187  LocalSmsScreen          com.akslabs.SandeshVahak             D  Recompose LocalSmsScreen: items=60, loadState=CombinedLoadStates(refresh=NotLoading(endOfPaginationReached=false), prepend=NotLoading(endOfPaginationReached=true), append=NotLoading(endOfPaginationReached=false), source=LoadStates(refresh=NotLoading(endOfPaginationReached=false), prepend=NotLoading(endOfPaginationReached=true), append=NotLoading(endOfPaginationReached=false)), mediator=null)
2025-08-13 18:41:14.515  5187-5187  AppNavHost              com.akslabs.SandeshVahak             D  Local count recomposed: 0
2025-08-13 18:41:14.515  5187-5187  LocalSmsScreen          com.akslabs.SandeshVahak             D  Recompose LocalSmsScreen: items=60, loadState=CombinedLoadStates(refresh=NotLoading(endOfPaginationReached=false), prepend=NotLoading(endOfPaginationReached=true), append=NotLoading(endOfPaginationReached=false), source=LoadStates(refresh=NotLoading(endOfPaginationReached=false), prepend=NotLoading(endOfPaginationReached=true), append=NotLoading(endOfPaginationReached=false)), mediator=null)
2025-08-13 18:41:14.548  5187-5187  AppNavHost              com.akslabs.SandeshVahak             D  Local count recomposed: 483
2025-08-13 18:41:14.548  5187-5187  LocalSmsScreen          com.akslabs.SandeshVahak             D  Recompose LocalSmsScreen: items=60, loadState=CombinedLoadStates(refresh=NotLoading(endOfPaginationReached=false), prepend=NotLoading(endOfPaginationReached=true), append=NotLoading(endOfPaginationReached=false), source=LoadStates(refresh=NotLoading(endOfPaginationReached=false), prepend=NotLoading(endOfPaginationReached=true), append=NotLoading(endOfPaginationReached=false)), mediator=null)
2025-08-13 18:41:14.604  5187-5187  AppNavHost              com.akslabs.SandeshVahak             D  Local count recomposed: 483
2025-08-13 18:41:14.604  5187-5187  LocalSmsScreen          com.akslabs.SandeshVahak             D  Recompose LocalSmsScreen: items=60, loadState=CombinedLoadStates(refresh=NotLoading(endOfPaginationReached=false), prepend=NotLoading(endOfPaginationReached=true), append=NotLoading(endOfPaginationReached=false), source=LoadStates(refresh=NotLoading(endOfPaginationReached=false), prepend=NotLoading(endOfPaginationReached=true), append=NotLoading(endOfPaginationReached=false)), mediator=null)
2025-08-13 18:41:14.625  5187-5187  WindowOnBackDispatcher  com.akslabs.SandeshVahak             W  sendCancelIfRunning: isInProgress=false callback=androidx.activity.OnBackPressedDispatcher$Api34Impl$createOnBackAnimationCallback$1@1ae2626
2025-08-13 18:41:15.340  5187-5187  AppNavHost              com.akslabs.SandeshVahak             D  Local count recomposed: 483
2025-08-13 18:41:15.341  5187-5187  LocalSmsScreen          com.akslabs.SandeshVahak             D  Recompose LocalSmsScreen: items=60, loadState=CombinedLoadStates(refresh=NotLoading(endOfPaginationReached=false), prepend=NotLoading(endOfPaginationReached=true), append=NotLoading(endOfPaginationReached=false), source=LoadStates(refresh=NotLoading(endOfPaginationReached=false), prepend=NotLoading(endOfPaginationReached=true), append=NotLoading(endOfPaginationReached=false)), mediator=null)
2025-08-13 18:41:15.373  5187-5187  AppNavHost              com.akslabs.SandeshVahak             D  Local count recomposed: 483
2025-08-13 18:41:15.373  5187-5187  LocalSmsScreen          com.akslabs.SandeshVahak             D  Recompose LocalSmsScreen: items=60, loadState=CombinedLoadStates(refresh=NotLoading(endOfPaginationReached=false), prepend=NotLoading(endOfPaginationReached=true), append=NotLoading(endOfPaginationReached=false), source=LoadStates(refresh=NotLoading(endOfPaginationReached=false), prepend=NotLoading(endOfPaginationReached=true), append=NotLoading(endOfPaginationReached=false)), mediator=null)
2025-08-13 18:41:22.139  5187-5187  MainPage                com.akslabs.SandeshVahak             I  NEW_ONLY mode selected (row click): setting baseline to 1755090682138
2025-08-13 18:41:22.139  5187-5187  MainPage                com.akslabs.SandeshVahak             I  NEW_ONLY baseline verification (row click): 1755090682138
2025-08-13 18:41:22.150  5187-5187  WorkModule.SmsSync      com.akslabs.SandeshVahak             D  cancel() called -> unique work name='SmsSyncWork'
2025-08-13 18:41:22.200  5187-5187  WindowOnBackDispatcher  com.akslabs.SandeshVahak             W  sendCancelIfRunning: isInProgress=false callback=androidx.activity.OnBackPressedDispatcher$Api34Impl$createOnBackAnimationCallback$1@a7916fa
2025-08-13 18:41:22.240  5187-5187  SmsObserverService      com.akslabs.SandeshVahak             I  SMS Observer Service created
2025-08-13 18:41:22.409  5187-5187  SmsObserverService      com.akslabs.SandeshVahak             D  Preferences initialized successfully in SmsObserverService
2025-08-13 18:41:22.409  5187-5187  SmsObserverService      com.akslabs.SandeshVahak             D  SMS sync enabled: true
2025-08-13 18:41:22.409  5187-5187  SmsObserverService      com.akslabs.SandeshVahak             D  Starting SmsContentObserver from service onCreate
2025-08-13 18:41:22.411  5187-5187  SmsContentObserver      com.akslabs.SandeshVahak             D  Registering content observer on URI=content://sms, notifyForDescendants=true, thread=main
2025-08-13 18:41:22.413  5187-5187  SmsContentObserver      com.akslabs.SandeshVahak             I  âœ… SMS content observer started and registered
2025-08-13 18:41:22.413  5187-5187  SmsObserverService      com.akslabs.SandeshVahak             I  SMS Observer Service started
2025-08-13 18:41:36.650  5187-5187  SmsContentObserver      com.akslabs.SandeshVahak             D  onChange(selfChange=false) called with no URI
2025-08-13 18:41:36.652  5187-5187  SmsContentObserver      com.akslabs.SandeshVahak             D  onChange(selfChange=false, uri=content://sms/raw/8)
2025-08-13 18:41:36.652  5187-5187  SmsContentObserver      com.akslabs.SandeshVahak             D  â±ï¸ SMS change debounced (2ms)
2025-08-13 18:41:36.652  5187-15728 SmsContentObserver      com.akslabs.SandeshVahak             I  âš¡ SMS content changed, triggering lightning-fast sync
2025-08-13 18:41:36.815  5187-5187  SmsContentObserver      com.akslabs.SandeshVahak             D  onChange(selfChange=false) called with no URI
2025-08-13 18:41:36.815  5187-5187  SmsContentObserver      com.akslabs.SandeshVahak             D  â±ï¸ SMS change debounced (165ms)
2025-08-13 18:41:36.815  5187-5187  SmsContentObserver      com.akslabs.SandeshVahak             D  onChange(selfChange=false, uri=content://sms/raw)
2025-08-13 18:41:36.815  5187-5187  SmsContentObserver      com.akslabs.SandeshVahak             D  â±ï¸ SMS change debounced (165ms)
2025-08-13 18:41:36.855  5187-15728 SmsContentObserver      com.akslabs.SandeshVahak             D  Preference isSmsSyncEnabledKey read: true
2025-08-13 18:41:36.855  5187-15728 SmsContentObserver      com.akslabs.SandeshVahak             D  SMS sync enabled: true
2025-08-13 18:41:36.855  5187-15728 SmsContentObserver      com.akslabs.SandeshVahak             D  Content observer triggered - Mode: NEW_ONLY, Baseline: 1755090682138
2025-08-13 18:41:36.859  5187-15728 SmsReaderService        com.akslabs.SandeshVahak             D  Using baseline timestamp for 'sync only new messages' mode
2025-08-13 18:41:36.862  5187-15728 SmsReaderService        com.akslabs.SandeshVahak             I  Starting incremental SMS sync from timestamp: 1755090677138 (db=1755089487208 (2025-08-13 18:21:27.208), baseline=1755090682138 (2025-08-13 18:41:22.138), buffer=5000)
2025-08-13 18:41:36.863  5187-15728 SmsReaderService        com.akslabs.SandeshVahak             I  Reading SMS messages after timestamp: 1755090677138 (2025-08-13 18:41:17.138)
2025-08-13 18:41:36.863  5187-15728 SmsReaderService        com.akslabs.SandeshVahak             D  Query: uri=content://sms, selection='date > ?', args=[1755090677138], sort=date ASC
2025-08-13 18:41:36.883  5187-15728 SmsReaderService        com.akslabs.SandeshVahak             D  Cursor is null? false
2025-08-13 18:41:36.883  5187-15728 SmsReaderService        com.akslabs.SandeshVahak             D  Total rows iterated: 0
2025-08-13 18:41:36.889  5187-15728 SmsReaderService        com.akslabs.SandeshVahak             I  Read 0 new SMS messages after timestamp
2025-08-13 18:41:36.889  5187-15728 SmsReaderService        com.akslabs.SandeshVahak             I  Incremental SMS sync complete: 0 new messages (batch)
2025-08-13 18:41:36.890  5187-15728 SmsContentObserver      com.akslabs.SandeshVahak             I  ðŸ“± DB update: inserted 0 new messages into local database (incremental, mode: NEW_ONLY)
2025-08-13 18:41:36.890  5187-15728 SmsContentObserver      com.akslabs.SandeshVahak             D  âœ… No new SMS messages found (238ms)
2025-08-13 18:41:37.011  5187-5187  SmsContentObserver      com.akslabs.SandeshVahak             D  onChange(selfChange=false) called with no URI
2025-08-13 18:41:37.011  5187-5187  SmsContentObserver      com.akslabs.SandeshVahak             D  onChange(selfChange=false, uri=content://sms/486)
2025-08-13 18:41:37.011  5187-5187  SmsContentObserver      com.akslabs.SandeshVahak             D  â±ï¸ SMS change debounced (0ms)
2025-08-13 18:41:37.012  5187-15728 SmsContentObserver      com.akslabs.SandeshVahak             I  âš¡ SMS content changed, triggering lightning-fast sync
2025-08-13 18:41:37.215  5187-15728 SmsContentObserver      com.akslabs.SandeshVahak             D  Preference isSmsSyncEnabledKey read: true
2025-08-13 18:41:37.215  5187-15728 SmsContentObserver      com.akslabs.SandeshVahak             D  SMS sync enabled: true
2025-08-13 18:41:37.215  5187-15728 SmsContentObserver      com.akslabs.SandeshVahak             D  Content observer triggered - Mode: NEW_ONLY, Baseline: 1755090682138
2025-08-13 18:41:37.219  5187-15728 SmsReaderService        com.akslabs.SandeshVahak             D  Using baseline timestamp for 'sync only new messages' mode
2025-08-13 18:41:37.222  5187-15728 SmsReaderService        com.akslabs.SandeshVahak             I  Starting incremental SMS sync from timestamp: 1755090677138 (db=1755089487208 (2025-08-13 18:21:27.208), baseline=1755090682138 (2025-08-13 18:41:22.138), buffer=5000)
2025-08-13 18:41:37.224  5187-15728 SmsReaderService        com.akslabs.SandeshVahak             I  Reading SMS messages after timestamp: 1755090677138 (2025-08-13 18:41:17.138)
2025-08-13 18:41:37.224  5187-15728 SmsReaderService        com.akslabs.SandeshVahak             D  Query: uri=content://sms, selection='date > ?', args=[1755090677138], sort=date ASC
2025-08-13 18:41:37.240  5187-15728 SmsReaderService        com.akslabs.SandeshVahak             D  Cursor is null? false
2025-08-13 18:41:37.240  5187-15728 SmsReaderService        com.akslabs.SandeshVahak             V  Row #1 -> id=486, date=1755090696788, addr=+919545154067
2025-08-13 18:41:37.240  5187-15728 SmsReaderService        com.akslabs.SandeshVahak             D  Total rows iterated: 1
2025-08-13 18:41:37.245  5187-15728 SmsReaderService        com.akslabs.SandeshVahak             I  Read 1 new SMS messages after timestamp
2025-08-13 18:41:37.249  5187-15728 SmsReaderService        com.akslabs.SandeshVahak             V  Evaluating message id=486, date=1755090696788 (2025-08-13 18:41:36.788), exists=false
2025-08-13 18:41:37.249  5187-15728 SmsReaderService        com.akslabs.SandeshVahak             I  âœ… New message queued for insert: 486 from +919545154067 at 1755090696788
2025-08-13 18:41:37.255  5187-15728 SmsReaderService        com.akslabs.SandeshVahak             I  Incremental SMS sync complete: 1 new messages (batch)
2025-08-13 18:41:37.255  5187-15728 SmsContentObserver      com.akslabs.SandeshVahak             I  ðŸ“± DB update: inserted 1 new messages into local database (incremental, mode: NEW_ONLY)
2025-08-13 18:41:37.255  5187-15728 SmsContentObserver      com.akslabs.SandeshVahak             I  ðŸš€ Found 1 new SMS messages in 243ms
2025-08-13 18:41:37.256  5187-15728 SmsContentObserver      com.akslabs.SandeshVahak             I  â˜ï¸ Triggering immediate cloud sync (Instant worker) since SMS sync is enabled
2025-08-13 18:41:37.256  5187-15728 WorkModule.SmsSync      com.akslabs.SandeshVahak             D  enqueueInstant() called -> InstantSmsSyncWorker expedited
2025-08-13 18:41:37.319  5187-5187  AppNavHost              com.akslabs.SandeshVahak             D  Local count recomposed: 484
2025-08-13 18:41:37.319  5187-5187  LocalSmsScreen          com.akslabs.SandeshVahak             D  Recompose LocalSmsScreen: items=60, loadState=CombinedLoadStates(refresh=Loading(endOfPaginationReached=false), prepend=NotLoading(endOfPaginationReached=false), append=NotLoading(endOfPaginationReached=false), source=LoadStates(refresh=Loading(endOfPaginationReached=false), prepend=NotLoading(endOfPaginationReached=false), append=NotLoading(endOfPaginationReached=false)), mediator=null)
2025-08-13 18:41:37.354  5187-5187  LocalSmsScreen          com.akslabs.SandeshVahak             D  Recompose LocalSmsScreen: items=60, loadState=CombinedLoadStates(refresh=NotLoading(endOfPaginationReached=false), prepend=NotLoading(endOfPaginationReached=true), append=NotLoading(endOfPaginationReached=false), source=LoadStates(refresh=NotLoading(endOfPaginationReached=false), prepend=NotLoading(endOfPaginationReached=true), append=NotLoading(endOfPaginationReached=false)), mediator=null)
2025-08-13 18:41:37.614  5187-15728 InstantSmsSyncWorker    com.akslabs.SandeshVahak             D  Instant SMS sync worker started
2025-08-13 18:41:37.614  5187-15728 InstantSmsSyncWorker    com.akslabs.SandeshVahak             D  Invoking performQuickSync() from InstantSmsSyncWorker
2025-08-13 18:41:37.620  5187-15371 SmsSyncService          com.akslabs.SandeshVahak             D  Performing quick SMS sync
2025-08-13 18:41:37.620  5187-15371 SmsSyncService          com.akslabs.SandeshVahak             D  Preference isSmsSyncEnabledKey = true
