---------------------------- PROCESS STARTED (7192) for package com.akslabs.SandeshVahak ----------------------------
2025-09-27 22:30:21.998  7192-7192  nativeloader            com.akslabs.SandeshVahak             D  Load libframework-connectivity-tiramisu-jni.so using APEX ns com_android_tethering for caller /apex/com.android.tethering/javalib/framework-connectivity-t.jar: ok
2025-09-27 22:30:22.058  7192-7192  re-initialized>         com.akslabs.SandeshVahak             W  type=1400 audit(0.0:91): avc:  granted  { execute } for  path="/data/data/com.akslabs.SandeshVahak/code_cache/startup_agents/297fa85a-agent.so" dev="mmcblk0p61" ino=729131 scontext=u:r:untrusted_app:s0:c206,c258,c512,c768 tcontext=u:object_r:app_data_file:s0:c206,c258,c512,c768 tclass=file app=com.akslabs.SandeshVahak
2025-09-27 22:30:22.081  7192-7192  nativeloader            com.akslabs.SandeshVahak             D  Load /data/user/0/com.akslabs.SandeshVahak/code_cache/startup_agents/297fa85a-agent.so using system ns (caller=<unknown>): ok
2025-09-27 22:30:22.098  7192-7192  bs.SandeshVahak         com.akslabs.SandeshVahak             W  hiddenapi: DexFile /data/data/com.akslabs.SandeshVahak/code_cache/.studio/instruments-9bcd9200.jar is in boot class path but is not in a known location
2025-09-27 22:30:22.314  7192-7192  bs.SandeshVahak         com.akslabs.SandeshVahak             W  Redefining intrinsic method java.lang.Thread java.lang.Thread.currentThread(). This may cause the unexpected use of the original definition of java.lang.Thread java.lang.Thread.currentThread()in methods that have already been compiled.
2025-09-27 22:30:22.314  7192-7192  bs.SandeshVahak         com.akslabs.SandeshVahak             W  Redefining intrinsic method boolean java.lang.Thread.interrupted(). This may cause the unexpected use of the original definition of boolean java.lang.Thread.interrupted()in methods that have already been compiled.
2025-09-27 22:30:22.395  7192-7192  ApplicationLoaders      com.akslabs.SandeshVahak             D  Returning zygote-cached class loader: /system_ext/framework/androidx.window.extensions.jar
2025-09-27 22:30:22.395  7192-7192  ApplicationLoaders      com.akslabs.SandeshVahak             D  Returning zygote-cached class loader: /system_ext/framework/androidx.window.sidecar.jar
2025-09-27 22:30:23.793  7192-7192  nativeloader            com.akslabs.SandeshVahak             D  Configuring clns-9 for other apk /data/app/~~jHGlsJKtohCMEO8j2w6e6w==/com.akslabs.SandeshVahak-rzLz04y865ZxbCkuV65JDw==/base.apk. target_sdk_version=35, uses_libraries=, library_path=/data/app/~~jHGlsJKtohCMEO8j2w6e6w==/com.akslabs.SandeshVahak-rzLz04y865ZxbCkuV65JDw==/lib/arm64:/data/app/~~jHGlsJKtohCMEO8j2w6e6w==/com.akslabs.SandeshVahak-rzLz04y865ZxbCkuV65JDw==/base.apk!/lib/arm64-v8a, permitted_path=/data:/mnt/expand:/data/user/0/com.akslabs.SandeshVahak
2025-09-27 22:30:23.796  7192-7192  CompatChangeReporter    com.akslabs.SandeshVahak             D  Compat change id reported: 202956589; UID 10718; state: ENABLED
2025-09-27 22:30:23.805  7192-7192  bs.SandeshVahak         com.akslabs.SandeshVahak             I  AssetManager2(0x7df1a93428) locale list changing from [] to [en-IN]
2025-09-27 22:30:23.810  7192-7192  bs.SandeshVahak         com.akslabs.SandeshVahak             I  AssetManager2(0x7df1a93728) locale list changing from [] to [en-IN]
2025-09-27 22:30:23.819  7192-7192  GraphicsEnvironment     com.akslabs.SandeshVahak             V  Currently set values for:
2025-09-27 22:30:23.820  7192-7192  GraphicsEnvironment     com.akslabs.SandeshVahak             V    angle_gl_driver_selection_pkgs=[com.android.angle, com.linecorp.b612.android, com.campmobile.snow, com.google.android.apps.tachyon]
2025-09-27 22:30:23.820  7192-7192  GraphicsEnvironment     com.akslabs.SandeshVahak             V    angle_gl_driver_selection_values=[angle, native, native, native]
2025-09-27 22:30:23.820  7192-7192  GraphicsEnvironment     com.akslabs.SandeshVahak             V  com.akslabs.SandeshVahak is not listed in per-application setting
2025-09-27 22:30:23.820  7192-7192  GraphicsEnvironment     com.akslabs.SandeshVahak             V  ANGLE allowlist from config:
2025-09-27 22:30:23.820  7192-7192  GraphicsEnvironment     com.akslabs.SandeshVahak             V  com.akslabs.SandeshVahak is not listed in ANGLE allowlist or settings, returning default
2025-09-27 22:30:23.820  7192-7192  GraphicsEnvironment     com.akslabs.SandeshVahak             V  Neither updatable production driver nor prerelease driver is supported.
2025-09-27 22:30:23.864  7192-7192  WM-WrkMgrInitializer    com.akslabs.SandeshVahak             D  Initializing WorkManager with default configuration.
2025-09-27 22:30:23.983  7192-7192  WM-PackageManagerHelper com.akslabs.SandeshVahak             D  Skipping component enablement for androidx.work.impl.background.systemjob.SystemJobService
2025-09-27 22:30:23.983  7192-7192  WM-Schedulers           com.akslabs.SandeshVahak             D  Created SystemJobScheduler and enabled SystemJobService
2025-09-27 22:30:24.033  7192-7542  ashmem                  com.akslabs.SandeshVahak             E  Pinning is deprecated since Android Q. Please use trim or other methods.
2025-09-27 22:30:24.034  7192-7192  CompatChangeReporter    com.akslabs.SandeshVahak             D  Compat change id reported: 279646685; UID 10718; state: ENABLED
2025-09-27 22:30:24.048  7192-7192  SandeshVahakApp         com.akslabs.SandeshVahak             I  Application onCreate called
2025-09-27 22:30:24.048  7192-7192  SandeshVahakApp         com.akslabs.SandeshVahak             D  WorkModule initialized successfully (main thread)
2025-09-27 22:30:24.049  7192-7192  SandeshVahakApp         com.akslabs.SandeshVahak             I  Application main thread onCreate tasks (excluding background init logic) completed.
2025-09-27 22:30:24.049  7192-7549  SandeshVahakApp         com.akslabs.SandeshVahak             D  Core background initialization thread started.
2025-09-27 22:30:24.092  7192-7192  BootReceiver_DEBUG      com.akslabs.SandeshVahak             I  onReceive ENTRY - Action: android.intent.action.BOOT_COMPLETED, isUserUnlockedAtleastOnce: false, isInitAttempted: false
2025-09-27 22:30:24.100  7192-7192  BootReceiver_DEBUG      com.akslabs.SandeshVahak             I  User is now unlocked. Setting isUserUnlockedAtleastOnce to true.
2025-09-27 22:30:24.100  7192-7192  BootReceiver_DEBUG      com.akslabs.SandeshVahak             I  Conditions met for initialization (User unlocked, init not yet attempted). Action: android.intent.action.BOOT_COMPLETED
2025-09-27 22:30:24.194  7192-7542  CompatChangeReporter    com.akslabs.SandeshVahak             D  Compat change id reported: 311402873; UID 10718; state: ENABLED
2025-09-27 22:30:24.194  7192-7542  CompatChangeReporter    com.akslabs.SandeshVahak             D  Compat change id reported: 323349338; UID 10718; state: ENABLED
2025-09-27 22:30:24.249  7192-7192  BootReceiver_DEBUG      com.akslabs.SandeshVahak             D  onReceive EXIT - Action: android.intent.action.BOOT_COMPLETED
2025-09-27 22:30:24.252  7192-7567  BootReceiver_DEBUG      com.akslabs.SandeshVahak             D  Coroutine for initializeSmsSync START (Action: android.intent.action.BOOT_COMPLETED)
2025-09-27 22:30:24.252  7192-7567  BootReceiver_DEBUG      com.akslabs.SandeshVahak             D  initializeSmsSync START
2025-09-27 22:30:24.252  7192-7567  BootReceiver_DEBUG      com.akslabs.SandeshVahak             D  Attempting Preferences.init()
2025-09-27 22:30:24.579  7192-7549  EngineFactory           com.akslabs.SandeshVahak             I  Provider GmsCore_OpenSSL not available
2025-09-27 22:30:24.585  7192-7549  SandeshVahakApp         com.akslabs.SandeshVahak             D  Preferences initialized successfully (background)
2025-09-27 22:30:24.590  7192-7567  BootReceiver_DEBUG      com.akslabs.SandeshVahak             D  Preferences.init() successful.
2025-09-27 22:30:24.590  7192-7567  BootReceiver_DEBUG      com.akslabs.SandeshVahak             I  Preference state: autoStartAllowed=true, isSmsSyncEnabled=true
2025-09-27 22:30:24.590  7192-7567  BootReceiver_DEBUG      com.akslabs.SandeshVahak             I  Sync conditions met. Proceeding to schedule service start worker.
2025-09-27 22:30:24.590  7192-7567  BootReceiver_DEBUG      com.akslabs.SandeshVahak             D  Attempting to enqueue BootServiceStartWorker
2025-09-27 22:30:24.626  7192-7549  SandeshVahakApp         com.akslabs.SandeshVahak             D  DbHolder.create() called (background)
2025-09-27 22:30:24.668  7192-7567  BootReceiver_DEBUG      com.akslabs.SandeshVahak             I  BootServiceStartWorker enqueued successfully.
2025-09-27 22:30:24.668  7192-7567  BootReceiver_DEBUG      com.akslabs.SandeshVahak             D  initializeSmsSync END
2025-09-27 22:30:24.668  7192-7567  BootReceiver_DEBUG      com.akslabs.SandeshVahak             D  Coroutine for initializeSmsSync END (Action: android.intent.action.BOOT_COMPLETED)
2025-09-27 22:30:24.770  7192-7584  JobInfo                 com.akslabs.SandeshVahak             W  Requested important-while-foreground flag for job39 is ignored and takes no effect
2025-09-27 22:30:24.880  7192-7567  BootServic...rker_DEBUG com.akslabs.SandeshVahak             D  doWork CALLED - Attempting to start SmsObserverService from boot.
2025-09-27 22:30:24.888  7192-7567  SmsObsService_DEBUG     com.akslabs.SandeshVahak             D  Companion.start() CALLED
2025-09-27 22:30:24.888  7192-7567  SmsObsService_DEBUG     com.akslabs.SandeshVahak             D  Companion.start() - Attempting ContextCompat.startForegroundService()
2025-09-27 22:30:24.904  7192-7567  SmsObsService_DEBUG     com.akslabs.SandeshVahak             D  Companion.start() - ContextCompat.startForegroundService() called successfully.
2025-09-27 22:30:24.904  7192-7567  SmsObsService_DEBUG     com.akslabs.SandeshVahak             D  Companion.start() ENDED
2025-09-27 22:30:24.904  7192-7567  BootServic...rker_DEBUG com.akslabs.SandeshVahak             I  SmsObserverService.start() called successfully from worker.
2025-09-27 22:30:24.911  7192-7564  WM-WorkerWrapper        com.akslabs.SandeshVahak             I  Worker result SUCCESS for Work [ id=f9b2977b-50d9-475a-9939-181f707f87c9, tags={ com.akslabs.SandeshVahak.workers.BootServiceStartWorker } ]
2025-09-27 22:30:24.916  7192-7192  SmsObsService_DEBUG     com.akslabs.SandeshVahak             D  onCreate() CALLED
2025-09-27 22:30:24.917  7192-7192  SmsObsService_DEBUG     com.akslabs.SandeshVahak             D  createNotificationChannel() CALLED
2025-09-27 22:30:24.920  7192-7192  SmsObsService_DEBUG     com.akslabs.SandeshVahak             D  Service notification channel created/ensured.
2025-09-27 22:30:24.920  7192-7192  SmsObsService_DEBUG     com.akslabs.SandeshVahak             D  createNotificationChannel() ENDED
2025-09-27 22:30:24.920  7192-7192  SmsObsService_DEBUG     com.akslabs.SandeshVahak             I  onCreate() COMPLETED.
2025-09-27 22:30:24.921  7192-7192  SmsObsService_DEBUG     com.akslabs.SandeshVahak             D  onStartCommand() CALLED - Action: ACTION_START_SERVICE, StartId: 1, Flags: 0
2025-09-27 22:30:24.921  7192-7192  SmsObsService_DEBUG     com.akslabs.SandeshVahak             I  onStartCommand() - ACTION_START_SERVICE received.
2025-09-27 22:30:24.921  7192-7192  SmsObsService_DEBUG     com.akslabs.SandeshVahak             D  createServiceNotification() CALLED with text: SMS Sync service is active...
2025-09-27 22:30:24.934  7192-7192  SmsObsService_DEBUG     com.akslabs.SandeshVahak             D  createServiceNotification() ENDED. Notification created.
2025-09-27 22:30:24.961  7192-7192  SmsObsService_DEBUG     com.akslabs.SandeshVahak             E  onStartCommand() - startForeground() FAILED. (Ask Gemini)
android.app.ForegroundServiceStartNotAllowedException: FGS type dataSync not allowed to start from BOOT_COMPLETED!
at android.app.ForegroundServiceStartNotAllowedException$1.createFromParcel(ForegroundServiceStartNotAllowedException.java:54)
at android.app.ForegroundServiceStartNotAllowedException$1.createFromParcel(ForegroundServiceStartNotAllowedException.java:50)
at android.os.Parcel.readParcelableInternal(Parcel.java:5219)
at android.os.Parcel.readParcelable(Parcel.java:5201)
at android.os.Parcel.createExceptionOrNull(Parcel.java:3339)
at android.os.Parcel.createException(Parcel.java:3328)
at android.os.Parcel.readException(Parcel.java:3311)
at android.os.Parcel.readException(Parcel.java:3253)
at android.app.IActivityManager$Stub$Proxy.setServiceForeground(IActivityManager.java:7423)
at android.app.Service.startForeground(Service.java:863)
at com.akslabs.SandeshVahak.services.SmsObserverService.onStartCommand(SmsObserverService.kt:105)
at android.app.ActivityThread.handleServiceArgs(ActivityThread.java:5453)
at android.app.ActivityThread.-$$Nest$mhandleServiceArgs(Unknown Source:0)
at android.app.ActivityThread$H.handleMessage(ActivityThread.java:2647)
at android.os.Handler.dispatchMessage(Handler.java:110)
at android.os.Looper.loopOnce(Looper.java:248)
at android.os.Looper.loop(Looper.java:338)
at android.app.ActivityThread.main(ActivityThread.java:9073)
at java.lang.reflect.Method.invoke(Native Method)
at com.android.internal.os.RuntimeInit$MethodAndArgsCaller.run(RuntimeInit.java:596)
at com.android.internal.os.ZygoteInit.main(ZygoteInit.java:932)
2025-09-27 22:30:24.992  7192-7192  SmsObsService_DEBUG     com.akslabs.SandeshVahak             D  onDestroy() CALLED
2025-09-27 22:30:24.993  7192-7192  SmsObsService_DEBUG     com.akslabs.SandeshVahak             I  SmsContentObserver observing stopped (onDestroy).
2025-09-27 22:30:25.000  7192-7192  SmsObsService_DEBUG     com.akslabs.SandeshVahak             D  KeepAliveWorker cancelled in onDestroy.
2025-09-27 22:30:25.000  7192-7192  SmsObsService_DEBUG     com.akslabs.SandeshVahak             I  onDestroy() COMPLETED.
2025-09-27 22:30:25.129  7192-7549  SandeshVahakApp         com.akslabs.SandeshVahak             D  BotApi.create() called (background)
2025-09-27 22:30:25.129  7192-7549  SandeshVahakApp         com.akslabs.SandeshVahak             D  ConnectivityObserver initialized successfully (background)
2025-09-27 22:30:25.141  7192-7549  SandeshVahakApp         com.akslabs.SandeshVahak             D  Performance monitoring started (background)
2025-09-27 22:30:25.141  7192-7549  SandeshVahakApp         com.akslabs.SandeshVahak             I  All core background initializations completed successfully.
2025-09-27 22:30:25.141  7192-7549  SandeshVahakApp         com.akslabs.SandeshVahak             D  Core background initialization thread finished, latch counted down.
---------------------------- PROCESS ENDED (7192) for package com.akslabs.SandeshVahak ----------------------------
