2025-09-07 22:34:58.841 21017-25782 SmsObserverService      com.akslabs.SandeshVahak             I  performCatchUpSyncAndMonitorNewSms: END (catch-up finished)
2025-09-07 22:34:58.936 21017-25782 SmsReaderService        com.akslabs.SandeshVahak             I  Reading SMS messages after timestamp: 1757263650064 (2025-09-07 22:17:30.064)
2025-09-07 22:34:58.936 21017-25782 SmsReaderService        com.akslabs.SandeshVahak             D  Query: uri=content://sms, selection='date > ?', args=[1757263650064], sort=date ASC
2025-09-07 22:34:58.968 21017-25782 SmsReaderService        com.akslabs.SandeshVahak             D  Cursor is null? false
2025-09-07 22:34:58.968 21017-25782 SmsReaderService        com.akslabs.SandeshVahak             V  Row #1 -> id=739, date=1757263678038, addr=+919545154067
2025-09-07 22:34:58.968 21017-25782 SmsReaderService        com.akslabs.SandeshVahak             V  Row #2 -> id=740, date=1757263728874, addr=+919545154067
2025-09-07 22:34:58.968 21017-25782 SmsReaderService        com.akslabs.SandeshVahak             V  Row #3 -> id=741, date=1757263767342, addr=+919545154067
2025-09-07 22:34:58.968 21017-25782 SmsReaderService        com.akslabs.SandeshVahak             V  Row #4 -> id=742, date=1757263798564, addr=+919545154067
2025-09-07 22:34:58.968 21017-25782 SmsReaderService        com.akslabs.SandeshVahak             D  Total rows iterated: 4
2025-09-07 22:34:58.981 21017-25782 SmsReaderService        com.akslabs.SandeshVahak             I  Read 4 new SMS messages after timestamp
2025-09-07 22:34:58.984 21017-25782 SmsReaderService        com.akslabs.SandeshVahak             V  Evaluating message id=739, date=1757263678038 (2025-09-07 22:17:58.038), exists=true
2025-09-07 22:34:58.984 21017-25782 SmsReaderService        com.akslabs.SandeshVahak             D  Message 739 already exists in DB, skipping
2025-09-07 22:34:58.987 21017-25782 SmsReaderService        com.akslabs.SandeshVahak             V  Evaluating message id=740, date=1757263728874 (2025-09-07 22:18:48.874), exists=true
2025-09-07 22:34:58.988 21017-25782 SmsReaderService        com.akslabs.SandeshVahak             D  Message 740 already exists in DB, skipping
2025-09-07 22:34:58.991 21017-25782 SmsReaderService        com.akslabs.SandeshVahak             V  Evaluating message id=741, date=1757263767342 (2025-09-07 22:19:27.342), exists=true
2025-09-07 22:34:58.991 21017-25782 SmsReaderService        com.akslabs.SandeshVahak             D  Message 741 already exists in DB, skipping
2025-09-07 22:34:58.993 21017-25782 SmsReaderService        com.akslabs.SandeshVahak             V  Evaluating message id=742, date=1757263798564 (2025-09-07 22:19:58.564), exists=true
2025-09-07 22:34:58.994 21017-25782 SmsReaderService        com.akslabs.SandeshVahak             D  Message 742 already exists in DB, skipping
2025-09-07 22:34:58.994 21017-25782 SmsReaderService        com.akslabs.SandeshVahak             I  Incremental SMS sync complete: 0 new messages (batch)
2025-09-07 22:34:58.994 21017-25782 SmsSyncService          com.akslabs.SandeshVahak             D  syncNewSmsToDatabase returned 0 new messages
2025-09-07 22:34:58.994 21017-25782 SmsSyncService          com.akslabs.SandeshVahak             D  Proceeding to unsynced fetch; newLocalMessages=0
2025-09-07 22:34:58.994 21017-25782 SmsSyncService          com.akslabs.SandeshVahak             D  Sync mode: NEW_ONLY, baseline: 1757263655064
2025-09-07 22:34:58.995 21017-25782 SmsSyncService          com.akslabs.SandeshVahak             I  âœ… NEW_ONLY mode properly configured - baseline: 1757263655064 (2025-09-07 22:17:35)
2025-09-07 22:34:58.995 21017-25782 SmsSyncService          com.akslabs.SandeshVahak             D  NEW_ONLY mode: getting unsynced messages after baseline 1757263655064
2025-09-07 22:34:58.998 21017-25782 SmsSyncService          com.akslabs.SandeshVahak             D  NEW_ONLY quick sync query returned 0 messages
2025-09-07 22:34:58.998 21017-25782 SmsSyncService          com.akslabs.SandeshVahak             D  Retrieved 0 unsynced messages (mode: NEW_ONLY, baseline: 1757263655064)
2025-09-07 22:34:58.998 21017-25782 SmsSyncService          com.akslabs.SandeshVahak             D  No unsynced messages to sync
2025-09-07 22:34:58.998 21017-25782 SmsObserverService      com.akslabs.SandeshVahak             I  Initial catch-up sync: 0 messages.
2025-09-07 22:34:58.998 21017-25782 SmsObserverService      com.akslabs.SandeshVahak             I  performCatchUpSyncAndMonitorNewSms: Initial catch-up complete.
2025-09-07 22:34:58.999 21017-25782 SmsObserverService      com.akslabs.SandeshVahak             D  Creating notification with text: SMS sync active (new messages handled by system observer).
2025-09-07 22:34:59.002 21017-25782 SmsObserverService      com.akslabs.SandeshVahak             D  Notification updated with text: SMS sync active (new messages handled by system observer).
2025-09-07 22:34:59.002 21017-25782 SmsObserverService      com.akslabs.SandeshVahak             I  performCatchUpSyncAndMonitorNewSms: END (catch-up finished)
2025-09-07 22:35:51.905 21017-21017 SmsContentObserver      com.akslabs.SandeshVahak             D  onChange(selfChange=false) called with no URI
2025-09-07 22:35:51.907 21017-21017 SmsContentObserver      com.akslabs.SandeshVahak             D  onChange(selfChange=false, uri=content://sms/raw/9)
2025-09-07 22:35:51.907 21017-21017 SmsContentObserver      com.akslabs.SandeshVahak             D  â±ï¸ SMS change debounced (2ms)
2025-09-07 22:35:51.908 21017-25782 SmsContentObserver      com.akslabs.SandeshVahak             I  âš¡ SMS content changed, triggering lightning-fast sync
2025-09-07 22:35:52.110 21017-25782 SmsContentObserver      com.akslabs.SandeshVahak             D  Preference isSmsSyncEnabledKey read: true
2025-09-07 22:35:52.110 21017-25782 SmsContentObserver      com.akslabs.SandeshVahak             D  SMS sync enabled: true
2025-09-07 22:35:52.110 21017-25782 SmsContentObserver      com.akslabs.SandeshVahak             D  Content observer triggered - Mode: NEW_ONLY, Baseline: 1757263655064, IsEnabled: true
2025-09-07 22:35:52.112 21017-25782 SmsContentObserver      com.akslabs.SandeshVahak             I  âœ… NEW_ONLY mode properly configured with baseline: 1757263655064 (2025-09-07 22:17:35)
2025-09-07 22:35:52.117 21017-25782 SmsReaderService        com.akslabs.SandeshVahak             D  NEW_ONLY mode: using baseline timestamp for incremental sync
2025-09-07 22:35:52.117 21017-25782 SmsReaderService        com.akslabs.SandeshVahak             I  Starting incremental SMS sync (mode: NEW_ONLY) from timestamp: 1757263650064 (lastDB=1757263798564, baseline=1757263655064, buffer=5000)
2025-09-07 22:35:52.120 21017-25782 SmsReaderService        com.akslabs.SandeshVahak             D  Timestamp details: lastDB=2025-09-07 22:19:58.564, baseline=2025-09-07 22:17:35.064, effective=2025-09-07 22:17:30.064
2025-09-07 22:35:52.225 21017-25782 SmsReaderService        com.akslabs.SandeshVahak             I  Reading SMS messages after timestamp: 1757263650064 (2025-09-07 22:17:30.064)
2025-09-07 22:35:52.226 21017-25782 SmsReaderService        com.akslabs.SandeshVahak             D  Query: uri=content://sms, selection='date > ?', args=[1757263650064], sort=date ASC
2025-09-07 22:35:52.251 21017-25782 SmsReaderService        com.akslabs.SandeshVahak             D  Cursor is null? false
2025-09-07 22:35:52.251 21017-25782 SmsReaderService        com.akslabs.SandeshVahak             V  Row #1 -> id=739, date=1757263678038, addr=+919545154067
2025-09-07 22:35:52.251 21017-25782 SmsReaderService        com.akslabs.SandeshVahak             V  Row #2 -> id=740, date=1757263728874, addr=+919545154067
2025-09-07 22:35:52.251 21017-25782 SmsReaderService        com.akslabs.SandeshVahak             V  Row #3 -> id=741, date=1757263767342, addr=+919545154067
2025-09-07 22:35:52.252 21017-25782 SmsReaderService        com.akslabs.SandeshVahak             V  Row #4 -> id=742, date=1757263798564, addr=+919545154067
2025-09-07 22:35:52.252 21017-25782 SmsReaderService        com.akslabs.SandeshVahak             D  Total rows iterated: 4
2025-09-07 22:35:52.264 21017-25782 SmsReaderService        com.akslabs.SandeshVahak             I  Read 4 new SMS messages after timestamp
2025-09-07 22:35:52.268 21017-25782 SmsReaderService        com.akslabs.SandeshVahak             V  Evaluating message id=739, date=1757263678038 (2025-09-07 22:17:58.038), exists=true
2025-09-07 22:35:52.268 21017-25782 SmsReaderService        com.akslabs.SandeshVahak             D  Message 739 already exists in DB, skipping
2025-09-07 22:35:52.271 21017-25782 SmsReaderService        com.akslabs.SandeshVahak             V  Evaluating message id=740, date=1757263728874 (2025-09-07 22:18:48.874), exists=true
2025-09-07 22:35:52.271 21017-25782 SmsReaderService        com.akslabs.SandeshVahak             D  Message 740 already exists in DB, skipping
2025-09-07 22:35:52.275 21017-25782 SmsReaderService        com.akslabs.SandeshVahak             V  Evaluating message id=741, date=1757263767342 (2025-09-07 22:19:27.342), exists=true
2025-09-07 22:35:52.275 21017-25782 SmsReaderService        com.akslabs.SandeshVahak             D  Message 741 already exists in DB, skipping
2025-09-07 22:35:52.278 21017-25782 SmsReaderService        com.akslabs.SandeshVahak             V  Evaluating message id=742, date=1757263798564 (2025-09-07 22:19:58.564), exists=true
2025-09-07 22:35:52.278 21017-25782 SmsReaderService        com.akslabs.SandeshVahak             D  Message 742 already exists in DB, skipping
2025-09-07 22:35:52.278 21017-25782 SmsReaderService        com.akslabs.SandeshVahak             I  Incremental SMS sync complete: 0 new messages (batch)
2025-09-07 22:35:52.278 21017-25782 SmsContentObserver      com.akslabs.SandeshVahak             I  ðŸ“± DB update: inserted 0 new messages into local database (incremental, mode: NEW_ONLY)
2025-09-07 22:35:52.278 21017-25782 SmsContentObserver      com.akslabs.SandeshVahak             D  âœ… No new SMS messages found (370ms)
2025-09-07 22:35:52.939 21017-21017 SmsContentObserver      com.akslabs.SandeshVahak             D  onChange(selfChange=false) called with no URI
2025-09-07 22:35:52.940 21017-21017 SmsContentObserver      com.akslabs.SandeshVahak             D  onChange(selfChange=false, uri=content://sms/743)
2025-09-07 22:35:52.940 21017-21017 SmsContentObserver      com.akslabs.SandeshVahak             D  â±ï¸ SMS change debounced (1ms)
2025-09-07 22:35:52.940 21017-25782 SmsContentObserver      com.akslabs.SandeshVahak             I  âš¡ SMS content changed, triggering lightning-fast sync
2025-09-07 22:35:53.143 21017-25782 SmsContentObserver      com.akslabs.SandeshVahak             D  Preference isSmsSyncEnabledKey read: true
2025-09-07 22:35:53.143 21017-25782 SmsContentObserver      com.akslabs.SandeshVahak             D  SMS sync enabled: true
2025-09-07 22:35:53.143 21017-25782 SmsContentObserver      com.akslabs.SandeshVahak             D  Content observer triggered - Mode: NEW_ONLY, Baseline: 1757263655064, IsEnabled: true
2025-09-07 22:35:53.145 21017-25782 SmsContentObserver      com.akslabs.SandeshVahak             I  âœ… NEW_ONLY mode properly configured with baseline: 1757263655064 (2025-09-07 22:17:35)
2025-09-07 22:35:53.149 21017-25782 SmsReaderService        com.akslabs.SandeshVahak             D  NEW_ONLY mode: using baseline timestamp for incremental sync
2025-09-07 22:35:53.150 21017-25782 SmsReaderService        com.akslabs.SandeshVahak             I  Starting incremental SMS sync (mode: NEW_ONLY) from timestamp: 1757263650064 (lastDB=1757263798564, baseline=1757263655064, buffer=5000)
2025-09-07 22:35:53.156 21017-25782 SmsReaderService        com.akslabs.SandeshVahak             D  Timestamp details: lastDB=2025-09-07 22:19:58.564, baseline=2025-09-07 22:17:35.064, effective=2025-09-07 22:17:30.064
2025-09-07 22:35:53.262 21017-25782 SmsReaderService        com.akslabs.SandeshVahak             I  Reading SMS messages after timestamp: 1757263650064 (2025-09-07 22:17:30.064)
2025-09-07 22:35:53.262 21017-25782 SmsReaderService        com.akslabs.SandeshVahak             D  Query: uri=content://sms, selection='date > ?', args=[1757263650064], sort=date ASC
2025-09-07 22:35:53.283 21017-25782 SmsReaderService        com.akslabs.SandeshVahak             D  Cursor is null? false
2025-09-07 22:35:53.284 21017-25782 SmsReaderService        com.akslabs.SandeshVahak             V  Row #1 -> id=739, date=1757263678038, addr=+919545154067
2025-09-07 22:35:53.284 21017-25782 SmsReaderService        com.akslabs.SandeshVahak             V  Row #2 -> id=740, date=1757263728874, addr=+919545154067
2025-09-07 22:35:53.284 21017-25782 SmsReaderService        com.akslabs.SandeshVahak             V  Row #3 -> id=741, date=1757263767342, addr=+919545154067
2025-09-07 22:35:53.285 21017-25782 SmsReaderService        com.akslabs.SandeshVahak             V  Row #4 -> id=742, date=1757263798564, addr=+919545154067
2025-09-07 22:35:53.285 21017-25782 SmsReaderService        com.akslabs.SandeshVahak             V  Row #5 -> id=743, date=1757264752417, addr=+919545154067
2025-09-07 22:35:53.285 21017-25782 SmsReaderService        com.akslabs.SandeshVahak             D  Total rows iterated: 5
2025-09-07 22:35:53.298 21017-25782 SmsReaderService        com.akslabs.SandeshVahak             I  Read 5 new SMS messages after timestamp
2025-09-07 22:35:53.301 21017-25782 SmsReaderService        com.akslabs.SandeshVahak             V  Evaluating message id=739, date=1757263678038 (2025-09-07 22:17:58.038), exists=true
2025-09-07 22:35:53.301 21017-25782 SmsReaderService        com.akslabs.SandeshVahak             D  Message 739 already exists in DB, skipping
2025-09-07 22:35:53.304 21017-25782 SmsReaderService        com.akslabs.SandeshVahak             V  Evaluating message id=740, date=1757263728874 (2025-09-07 22:18:48.874), exists=true
2025-09-07 22:35:53.304 21017-25782 SmsReaderService        com.akslabs.SandeshVahak             D  Message 740 already exists in DB, skipping
2025-09-07 22:35:53.307 21017-25782 SmsReaderService        com.akslabs.SandeshVahak             V  Evaluating message id=741, date=1757263767342 (2025-09-07 22:19:27.342), exists=true
2025-09-07 22:35:53.307 21017-25782 SmsReaderService        com.akslabs.SandeshVahak             D  Message 741 already exists in DB, skipping
2025-09-07 22:35:53.310 21017-25782 SmsReaderService        com.akslabs.SandeshVahak             V  Evaluating message id=742, date=1757263798564 (2025-09-07 22:19:58.564), exists=true
2025-09-07 22:35:53.310 21017-25782 SmsReaderService        com.akslabs.SandeshVahak             D  Message 742 already exists in DB, skipping
2025-09-07 22:35:53.313 21017-25782 SmsReaderService        com.akslabs.SandeshVahak             V  Evaluating message id=743, date=1757264752417 (2025-09-07 22:35:52.417), exists=false
2025-09-07 22:35:53.313 21017-25782 SmsReaderService        com.akslabs.SandeshVahak             I  âœ… New message queued for insert: 743 from +919545154067 at 1757264752417
2025-09-07 22:35:53.347 21017-25782 SmsReaderService        com.akslabs.SandeshVahak             I  Incremental SMS sync complete: 1 new messages (batch)
2025-09-07 22:35:53.348 21017-25784 SmsContentObserver      com.akslabs.SandeshVahak             I  ðŸ“± DB update: inserted 1 new messages into local database (incremental, mode: NEW_ONLY)
2025-09-07 22:35:53.348 21017-25784 SmsContentObserver      com.akslabs.SandeshVahak             I  ðŸš€ Found 1 new SMS messages in 408ms
2025-09-07 22:35:53.348 21017-25784 SmsContentObserver      com.akslabs.SandeshVahak             I  â˜ï¸ Triggering immediate cloud sync (Instant worker) since SMS sync is enabled (mode: NEW_ONLY)
2025-09-07 22:35:53.636 21017-21017 AppNavHost              com.akslabs.SandeshVahak             D  Local count recomposed: 505
2025-09-07 22:35:53.640 21017-21017 LocalSmsScreen          com.akslabs.SandeshVahak             D  Recompose LocalSmsScreen: items=60, loadState=CombinedLoadStates(refresh=Loading(endOfPaginationReached=false), prepend=NotLoading(endOfPaginationReached=false), append=NotLoading(endOfPaginationReached=false), source=LoadStates(refresh=Loading(endOfPaginationReached=false), prepend=NotLoading(endOfPaginationReached=false), append=NotLoading(endOfPaginationReached=false)), mediator=null)
2025-09-07 22:35:53.741 21017-21017 LocalSmsScreen          com.akslabs.SandeshVahak             D  Recompose LocalSmsScreen: items=60, loadState=CombinedLoadStates(refresh=NotLoading(endOfPaginationReached=false), prepend=NotLoading(endOfPaginationReached=true), append=NotLoading(endOfPaginationReached=false), source=LoadStates(refresh=NotLoading(endOfPaginationReached=false), prepend=NotLoading(endOfPaginationReached=true), append=NotLoading(endOfPaginationReached=false)), mediator=null)
2025-09-07 22:35:53.850 21017-25782 WorkModule.SmsSync      com.akslabs.SandeshVahak             D  enqueueInstant() called -> InstantSmsSyncWorker expedited
2025-09-07 22:35:53.864 21017-25782 SmsContentObserver      com.akslabs.SandeshVahak             D  âœ… Instant sync worker enqueued successfully
2025-09-07 22:35:53.915 21017-25762 bs.SandeshVahak         com.akslabs.SandeshVahak             I  Compiler allocated 5009KB to compile void com.akslabs.SandeshVahak.ui.components.SmsListItemKt$SmsListItem$2.invoke(androidx.compose.foundation.layout.ColumnScope, androidx.compose.runtime.Composer, int)
2025-09-07 22:35:54.356 21017-21017 SmsContentObserver      com.akslabs.SandeshVahak             D  onChange(selfChange=false) called with no URI
2025-09-07 22:35:54.356 21017-21017 SmsContentObserver      com.akslabs.SandeshVahak             D  onChange(selfChange=false, uri=content://sms/raw)
2025-09-07 22:35:54.356 21017-21017 SmsContentObserver      com.akslabs.SandeshVahak             D  â±ï¸ SMS change debounced (0ms)
2025-09-07 22:35:54.357 21017-25782 SmsContentObserver      com.akslabs.SandeshVahak             I  âš¡ SMS content changed, triggering lightning-fast sync
2025-09-07 22:35:54.386 21017-26006 HWUI                    com.akslabs.SandeshVahak             I  Davey! duration=802ms; Flags=0, FrameTimelineVsyncId=44740511, IntendedVsync=79141842911097, Vsync=79141959578578, InputEventId=0, HandleInputStart=79141973901840, AnimationStart=79141973906788, PerformTraversalsStart=79142026986892, DrawStart=79142027096944, FrameDeadline=79141964248655, FrameInterval=79141973386683, FrameStartTime=16666783, SyncQueued=79142639388610, SyncStart=79142639773089, IssueDrawCommandsStart=79142640104912, SwapBuffers=79142642540798, FrameCompleted=79142645350173, DequeueBufferDuration=16302, QueueBufferDuration=388281, GpuCompleted=79142645350173, SwapBuffersCompleted=79142643382725, DisplayPresentTime=0, CommandSubmissionCompleted=79142642540798,
2025-09-07 22:35:54.426 21017-21017 Choreographer           com.akslabs.SandeshVahak             I  Skipped 44 frames!  The application may be doing too much work on its main thread.
2025-09-07 22:35:54.449 21017-25782 InstantSmsSyncWorker    com.akslabs.SandeshVahak             D  Instant SMS sync worker started
2025-09-07 22:35:54.449 21017-25782 InstantSmsSyncWorker    com.akslabs.SandeshVahak             D  Instant sync worker - Enabled: true, Mode: NEW_ONLY, Baseline: 1757263655064
2025-09-07 22:35:54.449 21017-25782 InstantSmsSyncWorker    com.akslabs.SandeshVahak             D  Invoking performQuickSync() from InstantSmsSyncWorker
2025-09-07 22:35:54.451 21017-25782 SmsSyncService          com.akslabs.SandeshVahak             D  Performing quick SMS sync
2025-09-07 22:35:54.451 21017-25782 SmsSyncService          com.akslabs.SandeshVahak             D  Preference isSmsSyncEnabledKey = true
2025-09-07 22:35:54.453 21017-25782 SmsSyncService          com.akslabs.SandeshVahak             D  Configured channelId = -1002651869724
2025-09-07 22:35:54.453 21017-26006 HWUI                    com.akslabs.SandeshVahak             I  Davey! duration=739ms; Flags=0, FrameTimelineVsyncId=44740589, IntendedVsync=79141976242692, Vsync=79142709577536, InputEventId=0, HandleInputStart=79142710956579, AnimationStart=79142710959027, PerformTraversalsStart=79142710959964, DrawStart=79142711047048, FrameDeadline=79142680916796, FrameInterval=79142710248350, FrameStartTime=16666701, SyncQueued=79142711389704, SyncStart=79142711552100, IssueDrawCommandsStart=79142711740225, SwapBuffers=79142713474704, FrameCompleted=79142716334808, DequeueBufferDuration=17500, QueueBufferDuration=262969, GpuCompleted=79142716334808, SwapBuffersCompleted=79142714203766, DisplayPresentTime=0, CommandSubmissionCompleted=79142713474704,
2025-09-07 22:35:54.457 21017-25782 SmsReaderService        com.akslabs.SandeshVahak             D  NEW_ONLY mode: using baseline timestamp for incremental sync
2025-09-07 22:35:54.457 21017-25782 SmsReaderService        com.akslabs.SandeshVahak             I  Starting incremental SMS sync (mode: NEW_ONLY) from timestamp: 1757263650064 (lastDB=1757264752417, baseline=1757263655064, buffer=5000)
2025-09-07 22:35:54.460 21017-25782 SmsReaderService        com.akslabs.SandeshVahak             D  Timestamp details: lastDB=2025-09-07 22:35:52.417, baseline=2025-09-07 22:17:35.064, effective=2025-09-07 22:17:30.064
2025-09-07 22:35:54.558 21017-25782 SmsContentObserver      com.akslabs.SandeshVahak             D  Preference isSmsSyncEnabledKey read: true
2025-09-07 22:35:54.559 21017-25782 SmsContentObserver      com.akslabs.SandeshVahak             D  SMS sync enabled: true
2025-09-07 22:35:54.559 21017-25782 SmsContentObserver      com.akslabs.SandeshVahak             D  Content observer triggered - Mode: NEW_ONLY, Baseline: 1757263655064, IsEnabled: true
2025-09-07 22:35:54.559 21017-25782 SmsContentObserver      com.akslabs.SandeshVahak             I  âœ… NEW_ONLY mode properly configured with baseline: 1757263655064 (2025-09-07 22:17:35)
2025-09-07 22:35:54.562 21017-25782 SmsReaderService        com.akslabs.SandeshVahak             D  NEW_ONLY mode: using baseline timestamp for incremental sync
2025-09-07 22:35:54.562 21017-25782 SmsReaderService        com.akslabs.SandeshVahak             I  Starting incremental SMS sync (mode: NEW_ONLY) from timestamp: 1757263650064 (lastDB=1757264752417, baseline=1757263655064, buffer=5000)
2025-09-07 22:35:54.564 21017-25783 SmsReaderService        com.akslabs.SandeshVahak             I  Reading SMS messages after timestamp: 1757263650064 (2025-09-07 22:17:30.064)
2025-09-07 22:35:54.564 21017-25783 SmsReaderService        com.akslabs.SandeshVahak             D  Query: uri=content://sms, selection='date > ?', args=[1757263650064], sort=date ASC
2025-09-07 22:35:54.566 21017-25782 SmsReaderService        com.akslabs.SandeshVahak             D  Timestamp details: lastDB=2025-09-07 22:35:52.417, baseline=2025-09-07 22:17:35.064, effective=2025-09-07 22:17:30.064
2025-09-07 22:35:54.586 21017-25783 SmsReaderService        com.akslabs.SandeshVahak             D  Cursor is null? false
2025-09-07 22:35:54.586 21017-25783 SmsReaderService        com.akslabs.SandeshVahak             V  Row #1 -> id=739, date=1757263678038, addr=+919545154067
2025-09-07 22:35:54.586 21017-25783 SmsReaderService        com.akslabs.SandeshVahak             V  Row #2 -> id=740, date=1757263728874, addr=+919545154067
2025-09-07 22:35:54.587 21017-25783 SmsReaderService        com.akslabs.SandeshVahak             V  Row #3 -> id=741, date=1757263767342, addr=+919545154067
2025-09-07 22:35:54.587 21017-25783 SmsReaderService        com.akslabs.SandeshVahak             V  Row #4 -> id=742, date=1757263798564, addr=+919545154067
2025-09-07 22:35:54.587 21017-25783 SmsReaderService        com.akslabs.SandeshVahak             V  Row #5 -> id=743, date=1757264752417, addr=+919545154067
2025-09-07 22:35:54.587 21017-25783 SmsReaderService        com.akslabs.SandeshVahak             D  Total rows iterated: 5
2025-09-07 22:35:54.602 21017-25783 SmsReaderService        com.akslabs.SandeshVahak             I  Read 5 new SMS messages after timestamp
2025-09-07 22:35:54.608 21017-25783 SmsReaderService        com.akslabs.SandeshVahak             V  Evaluating message id=739, date=1757263678038 (2025-09-07 22:17:58.038), exists=true
2025-09-07 22:35:54.608 21017-25783 SmsReaderService        com.akslabs.SandeshVahak             D  Message 739 already exists in DB, skipping
2025-09-07 22:35:54.614 21017-25783 SmsReaderService        com.akslabs.SandeshVahak             V  Evaluating message id=740, date=1757263728874 (2025-09-07 22:18:48.874), exists=true
2025-09-07 22:35:54.614 21017-25783 SmsReaderService        com.akslabs.SandeshVahak             D  Message 740 already exists in DB, skipping
2025-09-07 22:35:54.619 21017-25783 SmsReaderService        com.akslabs.SandeshVahak             V  Evaluating message id=741, date=1757263767342 (2025-09-07 22:19:27.342), exists=true
2025-09-07 22:35:54.619 21017-25783 SmsReaderService        com.akslabs.SandeshVahak             D  Message 741 already exists in DB, skipping
2025-09-07 22:35:54.624 21017-25783 SmsReaderService        com.akslabs.SandeshVahak             V  Evaluating message id=742, date=1757263798564 (2025-09-07 22:19:58.564), exists=true
2025-09-07 22:35:54.624 21017-25783 SmsReaderService        com.akslabs.SandeshVahak             D  Message 742 already exists in DB, skipping
2025-09-07 22:35:54.629 21017-25783 SmsReaderService        com.akslabs.SandeshVahak             V  Evaluating message id=743, date=1757264752417 (2025-09-07 22:35:52.417), exists=true
2025-09-07 22:35:54.630 21017-25783 SmsReaderService        com.akslabs.SandeshVahak             D  Message 743 already exists in DB, skipping
2025-09-07 22:35:54.630 21017-25783 SmsReaderService        com.akslabs.SandeshVahak             I  Incremental SMS sync complete: 0 new messages (batch)
2025-09-07 22:35:54.630 21017-25783 SmsSyncService          com.akslabs.SandeshVahak             D  syncNewSmsToDatabase returned 0 new messages
2025-09-07 22:35:54.630 21017-25783 SmsSyncService          com.akslabs.SandeshVahak             D  Proceeding to unsynced fetch; newLocalMessages=0
2025-09-07 22:35:54.630 21017-25783 SmsSyncService          com.akslabs.SandeshVahak             D  Sync mode: NEW_ONLY, baseline: 1757263655064
2025-09-07 22:35:54.631 21017-25783 SmsSyncService          com.akslabs.SandeshVahak             I  âœ… NEW_ONLY mode properly configured - baseline: 1757263655064 (2025-09-07 22:17:35)
2025-09-07 22:35:54.631 21017-25783 SmsSyncService          com.akslabs.SandeshVahak             D  NEW_ONLY mode: getting unsynced messages after baseline 1757263655064
2025-09-07 22:35:54.636 21017-25783 SmsSyncService          com.akslabs.SandeshVahak             D  NEW_ONLY quick sync query returned 1 messages
2025-09-07 22:35:54.636 21017-25783 SmsSyncService          com.akslabs.SandeshVahak             D  Retrieved 1 unsynced messages (mode: NEW_ONLY, baseline: 1757263655064)
2025-09-07 22:35:54.647 21017-25783 SmsSyncService          com.akslabs.SandeshVahak             D  ðŸ“¤ Sending SMS message 1/1: 743 (1757264752417)
2025-09-07 22:35:54.651 21017-25783 BotApi                  com.akslabs.SandeshVahak             D  ðŸ“¤ Sending SMS message to channel: -1002651869724
2025-09-07 22:35:54.669 21017-25782 SmsReaderService        com.akslabs.SandeshVahak             I  Reading SMS messages after timestamp: 1757263650064 (2025-09-07 22:17:30.064)
2025-09-07 22:35:54.669 21017-25782 SmsReaderService        com.akslabs.SandeshVahak             D  Query: uri=content://sms, selection='date > ?', args=[1757263650064], sort=date ASC
2025-09-07 22:35:54.690 21017-25782 SmsReaderService        com.akslabs.SandeshVahak             D  Cursor is null? false
2025-09-07 22:35:54.690 21017-25782 SmsReaderService        com.akslabs.SandeshVahak             V  Row #1 -> id=739, date=1757263678038, addr=+919545154067
2025-09-07 22:35:54.690 21017-25782 SmsReaderService        com.akslabs.SandeshVahak             V  Row #2 -> id=740, date=1757263728874, addr=+919545154067
2025-09-07 22:35:54.690 21017-25782 SmsReaderService        com.akslabs.SandeshVahak             V  Row #3 -> id=741, date=1757263767342, addr=+919545154067
2025-09-07 22:35:54.691 21017-25782 SmsReaderService        com.akslabs.SandeshVahak             V  Row #4 -> id=742, date=1757263798564, addr=+919545154067
2025-09-07 22:35:54.691 21017-25782 SmsReaderService        com.akslabs.SandeshVahak             V  Row #5 -> id=743, date=1757264752417, addr=+919545154067
2025-09-07 22:35:54.691 21017-25782 SmsReaderService        com.akslabs.SandeshVahak             D  Total rows iterated: 5
2025-09-07 22:35:54.703 21017-25782 SmsReaderService        com.akslabs.SandeshVahak             I  Read 5 new SMS messages after timestamp
2025-09-07 22:35:54.707 21017-25782 SmsReaderService        com.akslabs.SandeshVahak             V  Evaluating message id=739, date=1757263678038 (2025-09-07 22:17:58.038), exists=true
2025-09-07 22:35:54.707 21017-25782 SmsReaderService        com.akslabs.SandeshVahak             D  Message 739 already exists in DB, skipping
2025-09-07 22:35:54.709 21017-25782 SmsReaderService        com.akslabs.SandeshVahak             V  Evaluating message id=740, date=1757263728874 (2025-09-07 22:18:48.874), exists=true
2025-09-07 22:35:54.709 21017-25782 SmsReaderService        com.akslabs.SandeshVahak             D  Message 740 already exists in DB, skipping
2025-09-07 22:35:54.712 21017-25782 SmsReaderService        com.akslabs.SandeshVahak             V  Evaluating message id=741, date=1757263767342 (2025-09-07 22:19:27.342), exists=true
2025-09-07 22:35:54.712 21017-25782 SmsReaderService        com.akslabs.SandeshVahak             D  Message 741 already exists in DB, skipping
2025-09-07 22:35:54.716 21017-25782 SmsReaderService        com.akslabs.SandeshVahak             V  Evaluating message id=742, date=1757263798564 (2025-09-07 22:19:58.564), exists=true
2025-09-07 22:35:54.716 21017-25782 SmsReaderService        com.akslabs.SandeshVahak             D  Message 742 already exists in DB, skipping
2025-09-07 22:35:54.718 21017-25782 SmsReaderService        com.akslabs.SandeshVahak             V  Evaluating message id=743, date=1757264752417 (2025-09-07 22:35:52.417), exists=true
2025-09-07 22:35:54.719 21017-25782 SmsReaderService        com.akslabs.SandeshVahak             D  Message 743 already exists in DB, skipping
2025-09-07 22:35:54.719 21017-25782 SmsReaderService        com.akslabs.SandeshVahak             I  Incremental SMS sync complete: 0 new messages (batch)
2025-09-07 22:35:54.719 21017-25782 SmsContentObserver      com.akslabs.SandeshVahak             I  ðŸ“± DB update: inserted 0 new messages into local database (incremental, mode: NEW_ONLY)
2025-09-07 22:35:54.719 21017-25782 SmsContentObserver      com.akslabs.SandeshVahak             D  âœ… No new SMS messages found (362ms)
2025-09-07 22:35:58.737 21017-25783 TelegramRateLimiter     com.akslabs.SandeshVahak             D  âœ… Request successful, rate limiter reset
2025-09-07 22:35:58.738 21017-25783 PerformanceMonitor      com.akslabs.SandeshVahak             I  âš ï¸ MODERATE: telegram_send_message took 4087ms
2025-09-07 22:35:58.738 21017-25783 SmsSyncService          com.akslabs.SandeshVahak             I  âœ… Successfully synced SMS message: 743 (1/20 in current burst, total: 1)
2025-09-07 22:35:58.744 21017-25783 SmsSyncService          com.akslabs.SandeshVahak             D  ðŸ“¦ Applied DB updates in batch: synced=1, remoteInserted=1, failed=0
2025-09-07 22:35:58.744 21017-25783 SmsSyncService          com.akslabs.SandeshVahak             D  Quick sync complete: 1 messages synced
2025-09-07 22:35:58.747 21017-25782 InstantSmsSyncWorker    com.akslabs.SandeshVahak             D  performQuickSync() returned Success(messagesSynced=1)
2025-09-07 22:35:58.747 21017-25782 InstantSmsSyncWorker    com.akslabs.SandeshVahak             D  Instant sync completed: 1 messages synced
2025-09-07 22:35:58.747 21017-25782 InstantSmsSyncWorker    com.akslabs.SandeshVahak             D  Attempting to show instant sync notification for 1 messages
2025-09-07 22:35:58.760 21017-25780 WM-WorkerWrapper        com.akslabs.SandeshVahak             I  Worker result SUCCESS for Work [ id=27250e0c-e112-4e4d-9b00-520f864ece4f, tags={ com.akslabs.SandeshVahak.workers.InstantSmsSyncWorker } ]
2025-09-07 22:35:58.836 21017-21017 LocalSmsScreen          com.akslabs.SandeshVahak             D  Recompose LocalSmsScreen: items=60, loadState=CombinedLoadStates(refresh=Loading(endOfPaginationReached=false), prepend=NotLoading(endOfPaginationReached=false), append=NotLoading(endOfPaginationReached=false), source=LoadStates(refresh=Loading(endOfPaginationReached=false), prepend=NotLoading(endOfPaginationReached=false), append=NotLoading(endOfPaginationReached=false)), mediator=null)
2025-09-07 22:35:58.898 21017-21017 LocalSmsScreen          com.akslabs.SandeshVahak             D  Recompose LocalSmsScreen: items=60, loadState=CombinedLoadStates(refresh=NotLoading(endOfPaginationReached=false), prepend=NotLoading(endOfPaginationReached=true), append=NotLoading(endOfPaginationReached=false), source=LoadStates(refresh=NotLoading(endOfPaginationReached=false), prepend=NotLoading(endOfPaginationReached=true), append=NotLoading(endOfPaginationReached=false)), mediator=null)
2025-09-07 22:35:59.465 21017-21017 Choreographer           com.akslabs.SandeshVahak             I  Skipped 34 frames!  The application may be doing too much work on its main thread.
2025-09-07 22:36:07.447 21017-21017 WindowOnBackDispatcher  com.akslabs.SandeshVahak             W  sendCancelIfRunning: isInProgress=false callback=androidx.activity.OnBackPressedDispatcher$Api34Impl$createOnBackAnimationCallback$1@c35e92b
2025-09-07 22:36:07.477 21017-21017 SmsContentObserver      com.akslabs.SandeshVahak             I  SMS content observer stopped
2025-09-07 22:36:11.850 21017-21017 WindowOnBackDispatcher  com.akslabs.SandeshVahak             W  sendCancelIfRunning: isInProgress=false callback=android.app.Activity$$ExternalSyntheticLambda0@777fbc6
