2025-09-07 20:50:07.588 25429-29128 SmsReaderService        com.akslabs.SandeshVahak             D  Query: uri=content://sms, selection='date > ?', args=[1757252140253], sort=date ASC
2025-09-07 20:50:07.589 25429-25429 Choreographer           com.akslabs.SandeshVahak             I  Skipped 71 frames!  The application may be doing too much work on its main thread.
2025-09-07 20:50:07.624 25429-29128 SmsReaderService        com.akslabs.SandeshVahak             D  Cursor is null? false
2025-09-07 20:50:07.624 25429-29128 SmsReaderService        com.akslabs.SandeshVahak             D  Total rows iterated: 0
2025-09-07 20:50:07.639 25429-29128 SmsReaderService        com.akslabs.SandeshVahak             I  Read 0 new SMS messages after timestamp
2025-09-07 20:50:07.639 25429-29128 SmsReaderService        com.akslabs.SandeshVahak             I  Incremental SMS sync complete: 0 new messages (batch)
2025-09-07 20:50:07.739 25429-29111 HWUI                    com.akslabs.SandeshVahak             I  Davey! duration=1333ms; Flags=0, FrameTimelineVsyncId=40774592, IntendedVsync=72794676260092, Vsync=72795859595579, InputEventId=0, HandleInputStart=72795874515406, AnimationStart=72795874520146, PerformTraversalsStart=72795963700250, DrawStart=72795991061187, FrameDeadline=72795747556016, FrameInterval=72795873343792, FrameStartTime=16666697, SyncQueued=72796003684260, SyncStart=72796003740302, IssueDrawCommandsStart=72796003848115, SwapBuffers=72796007717750, FrameCompleted=72796009456083, DequeueBufferDuration=15781, QueueBufferDuration=316771, GpuCompleted=72796009456083, SwapBuffersCompleted=72796008490771, DisplayPresentTime=8169775882781153257, CommandSubmissionCompleted=72796007717750,
2025-09-07 20:50:07.887 25429-25429 AppNavHost              com.akslabs.SandeshVahak             D  Local count recomposed: 0
2025-09-07 20:50:07.887 25429-25429 LocalSmsScreen          com.akslabs.SandeshVahak             D  Recompose LocalSmsScreen: items=0, loadState=CombinedLoadStates(refresh=Loading(endOfPaginationReached=false), prepend=NotLoading(endOfPaginationReached=false), append=NotLoading(endOfPaginationReached=false), source=LoadStates(refresh=Loading(endOfPaginationReached=false), prepend=NotLoading(endOfPaginationReached=false), append=NotLoading(endOfPaginationReached=false)), mediator=null)
2025-09-07 20:50:08.225 25429-25429 AppNavHost              com.akslabs.SandeshVahak             D  Local count recomposed: 500
2025-09-07 20:50:08.226 25429-25429 LocalSmsScreen          com.akslabs.SandeshVahak             D  Recompose LocalSmsScreen: items=60, loadState=CombinedLoadStates(refresh=NotLoading(endOfPaginationReached=false), prepend=NotLoading(endOfPaginationReached=true), append=NotLoading(endOfPaginationReached=false), source=LoadStates(refresh=NotLoading(endOfPaginationReached=false), prepend=NotLoading(endOfPaginationReached=true), append=NotLoading(endOfPaginationReached=false)), mediator=null)
2025-09-07 20:50:08.955 25429-29111 HWUI                    com.akslabs.SandeshVahak             I  Davey! duration=875ms; Flags=0, FrameTimelineVsyncId=40775714, IntendedVsync=72796342922344, Vsync=72796426254419, InputEventId=0, HandleInputStart=72796438225354, AnimationStart=72796438228010, PerformTraversalsStart=72796511815094, DrawStart=72796511912489, FrameDeadline=72796380926971, FrameInterval=72796437976239, FrameStartTime=16666415, SyncQueued=72797208884781, SyncStart=72797208940354, IssueDrawCommandsStart=72797209194677, SwapBuffers=72797216010250, FrameCompleted=72797218826031, DequeueBufferDuration=17292, QueueBufferDuration=291354, GpuCompleted=72797218826031, SwapBuffersCompleted=72797216759989, DisplayPresentTime=-2117897307869604665, CommandSubmissionCompleted=72797216010250,
2025-09-07 20:50:09.201 25429-25429 Choreographer           com.akslabs.SandeshVahak             I  Skipped 62 frames!  The application may be doing too much work on its main thread.
2025-09-07 20:50:09.336 25429-29111 HWUI                    com.akslabs.SandeshVahak             I  Davey! duration=1168ms; Flags=0, FrameTimelineVsyncId=40775790, IntendedVsync=72796442922600, Vsync=72797476247894, InputEventId=0, HandleInputStart=72797486440354, AnimationStart=72797486442697, PerformTraversalsStart=72797494230822, DrawStart=72797494333635, FrameDeadline=72797247575671, FrameInterval=72797485767749, FrameStartTime=16666537, SyncQueued=72797605858583, SyncStart=72797606314260, IssueDrawCommandsStart=72797606605197, SwapBuffers=72797608818166, FrameCompleted=72797611668062, DequeueBufferDuration=16406, QueueBufferDuration=225209, GpuCompleted=72797611668062, SwapBuffersCompleted=72797609504416, DisplayPresentTime=3397062778697545190, CommandSubmissionCompleted=72797608818166,
2025-09-07 20:50:09.627 25429-25429 AppNavHost              com.akslabs.SandeshVahak             D  Local count recomposed: 500
2025-09-07 20:50:09.628 25429-25429 LocalSmsScreen          com.akslabs.SandeshVahak             D  Recompose LocalSmsScreen: items=60, loadState=CombinedLoadStates(refresh=NotLoading(endOfPaginationReached=false), prepend=NotLoading(endOfPaginationReached=true), append=NotLoading(endOfPaginationReached=false), source=LoadStates(refresh=NotLoading(endOfPaginationReached=false), prepend=NotLoading(endOfPaginationReached=true), append=NotLoading(endOfPaginationReached=false)), mediator=null)
2025-09-07 20:50:09.853 25429-25429 AppNavHost              com.akslabs.SandeshVahak             D  Local count recomposed: 500
2025-09-07 20:50:09.853 25429-25429 LocalSmsScreen          com.akslabs.SandeshVahak             D  Recompose LocalSmsScreen: items=60, loadState=CombinedLoadStates(refresh=NotLoading(endOfPaginationReached=false), prepend=NotLoading(endOfPaginationReached=true), append=NotLoading(endOfPaginationReached=false), source=LoadStates(refresh=NotLoading(endOfPaginationReached=false), prepend=NotLoading(endOfPaginationReached=true), append=NotLoading(endOfPaginationReached=false)), mediator=null)
2025-09-07 20:50:11.005 25429-29148 ProfileInstaller        com.akslabs.SandeshVahak             D  Installing profile for com.akslabs.SandeshVahak
2025-09-07 20:50:15.639 25429-25429 SmsObserverService      com.akslabs.SandeshVahak             D  Static start() called
2025-09-07 20:50:15.681 25429-25429 WindowOnBackDispatcher  com.akslabs.SandeshVahak             W  sendCancelIfRunning: isInProgress=false callback=androidx.activity.OnBackPressedDispatcher$Api34Impl$createOnBackAnimationCallback$1@5ea46c
2025-09-07 20:50:15.742 25429-25429 SmsObserverService      com.akslabs.SandeshVahak             I  onCreate: Service creating.
2025-09-07 20:50:15.745 25429-25429 SmsObserverService      com.akslabs.SandeshVahak             D  Notification channel created.
2025-09-07 20:50:15.745 25429-25429 SmsObserverService      com.akslabs.SandeshVahak             I  onCreate: Preference change listener registered.
2025-09-07 20:50:15.745 25429-25429 SmsObserverService      com.akslabs.SandeshVahak             I  updateSyncStateBasedOnPreferences: isEnabled=true, mode=ALL, since=0, manuallyStopped=false, isInitialCall=true
2025-09-07 20:50:15.745 25429-25429 SmsObserverService      com.akslabs.SandeshVahak             I  updateSyncStateBasedOnPreferences: Sync ALL mode detected. Starting full sync.
2025-09-07 20:50:15.746 25429-25429 SmsObserverService      com.akslabs.SandeshVahak             I  onStartCommand: Received action: ACTION_START_SERVICE, startId: 1
2025-09-07 20:50:15.746 25429-25429 SmsObserverService      com.akslabs.SandeshVahak             I  onStartCommand: ACTION_START_SERVICE. Updating sync state.
2025-09-07 20:50:15.746 25429-29128 SmsObserverService      com.akslabs.SandeshVahak             I  performFullSmsSync: User selected 'Sync ALL'. Initiating force sync.
2025-09-07 20:50:15.748 25429-25429 SmsObserverService      com.akslabs.SandeshVahak             D  Creating notification with text: Initializing SMS Sync...
2025-09-07 20:50:15.748 25429-29128 SmsObserverService      com.akslabs.SandeshVahak             D  Creating notification with text: Starting full SMS sync...
2025-09-07 20:50:15.764 25429-25429 SmsObserverService      com.akslabs.SandeshVahak             I  updateSyncStateBasedOnPreferences: isEnabled=true, mode=ALL, since=0, manuallyStopped=false, isInitialCall=false
2025-09-07 20:50:15.765 25429-25429 SmsObserverService      com.akslabs.SandeshVahak             I  updateSyncStateBasedOnPreferences: Sync ALL mode detected. Starting full sync.
2025-09-07 20:50:15.765 25429-29128 SmsObserverService      com.akslabs.SandeshVahak             D  Notification updated with text: Starting full SMS sync...
2025-09-07 20:50:15.766 25429-29130 SmsObserverService      com.akslabs.SandeshVahak             I  performFullSmsSync: User selected 'Sync ALL'. Initiating force sync.
2025-09-07 20:50:15.768 25429-29130 SmsObserverService      com.akslabs.SandeshVahak             D  Creating notification with text: Starting full SMS sync...
2025-09-07 20:50:15.774 25429-29128 SmsSyncService          com.akslabs.SandeshVahak             I  Force SMS sync requested
2025-09-07 20:50:15.775 25429-29130 SmsObserverService      com.akslabs.SandeshVahak             D  Notification updated with text: Starting full SMS sync...
2025-09-07 20:50:15.775 25429-29130 SmsSyncService          com.akslabs.SandeshVahak             I  Force SMS sync requested
2025-09-07 20:50:15.778 25429-29130 SmsSyncService          com.akslabs.SandeshVahak             I  === STARTING FULL SMS SYNC ===
2025-09-07 20:50:15.778 25429-29130 SmsSyncService          com.akslabs.SandeshVahak             D  Preference isSmsSyncEnabledKey = true
2025-09-07 20:50:15.779 25429-29130 SmsObserverService      com.akslabs.SandeshVahak             I  Full Sync Progress: Batch 0, Synced 0, Complete: false, Error: null
2025-09-07 20:50:15.779 25429-29128 SmsSyncService          com.akslabs.SandeshVahak             I  === STARTING FULL SMS SYNC ===
2025-09-07 20:50:15.779 25429-29128 SmsSyncService          com.akslabs.SandeshVahak             D  Preference isSmsSyncEnabledKey = true
2025-09-07 20:50:15.779 25429-29130 SmsObserverService      com.akslabs.SandeshVahak             D  Creating notification with text: Syncing all: 0 messages so far...
2025-09-07 20:50:15.782 25429-29128 SmsSyncService          com.akslabs.SandeshVahak             E  Exception during full SMS sync
kotlinx.coroutines.JobCancellationException: StandaloneCoroutine was cancelled; job=StandaloneCoroutine{Cancelling}@bbb37bb
2025-09-07 20:50:15.782 25429-29128 SmsObserverService      com.akslabs.SandeshVahak             E  Exception during forceSync collection
kotlinx.coroutines.JobCancellationException: StandaloneCoroutine was cancelled; job=StandaloneCoroutine{Cancelling}@bbb37bb
2025-09-07 20:50:15.783 25429-29128 SmsObserverService      com.akslabs.SandeshVahak             D  Creating notification with text: Full sync critically failed: StandaloneCoroutine was cancelled
2025-09-07 20:50:15.785 25429-29130 SmsObserverService      com.akslabs.SandeshVahak             D  Notification updated with text: Syncing all: 0 messages so far...
2025-09-07 20:50:15.787 25429-29130 SmsSyncService          com.akslabs.SandeshVahak             D  Configured channelId = -1002651869724
2025-09-07 20:50:15.787 25429-29130 SmsSyncService          com.akslabs.SandeshVahak             I  Syncing SMS messages to channel ID: -1002651869724
2025-09-07 20:50:15.787 25429-29130 SmsSyncService          com.akslabs.SandeshVahak             D  shouldPerformSync() -> true
2025-09-07 20:50:15.787 25429-29130 SmsSyncService          com.akslabs.SandeshVahak             D  Sync mode: ALL, baseline: 0
2025-09-07 20:50:15.787 25429-29130 SmsSyncService          com.akslabs.SandeshVahak             D  ðŸ“¦ ALL mode - will sync all unsynced messages regardless of baseline
2025-09-07 20:50:15.787 25429-29130 SmsSyncService          com.akslabs.SandeshVahak             I  ALL mode: performing full database sync
2025-09-07 20:50:15.789 25429-29130 SmsReaderService        com.akslabs.SandeshVahak             I  ðŸ”„ Starting optimized SMS database sync...
2025-09-07 20:50:15.789 25429-29130 SmsReaderService        com.akslabs.SandeshVahak             D  Sync mode: ALL, baseline: 0
2025-09-07 20:50:15.789 25429-29130 SmsReaderService        com.akslabs.SandeshVahak             I  ALL mode: including all SMS messages
2025-09-07 20:50:15.790 25429-29130 SmsReaderService        com.akslabs.SandeshVahak             I  ðŸš€ Starting optimized SMS reading...
2025-09-07 20:50:15.792 25429-29128 SmsObserverService      com.akslabs.SandeshVahak             D  Notification updated with text: Full sync critically failed: StandaloneCoroutine was cancelled
2025-09-07 20:50:15.792 25429-29128 SmsObserverService      com.akslabs.SandeshVahak             E  performFullSmsSync: Full sync encountered an error: StandaloneCoroutine was cancelled. Not switching to NEW_ONLY mode automatically.
2025-09-07 20:50:15.792 25429-29128 SmsObserverService      com.akslabs.SandeshVahak             I  performFullSmsSync: END
2025-09-07 20:50:15.874 25429-29130 SmsReaderService        com.akslabs.SandeshVahak             I  âœ… Successfully read 500 SMS messages
2025-09-07 20:50:15.874 25429-29130 PerformanceMonitor      com.akslabs.SandeshVahak             D  âš¡ FAST: sms_read_all took 85ms
2025-09-07 20:50:15.874 25429-29130 SmsReaderService        com.akslabs.SandeshVahak             I  Processing 500 SMS messages (filtered for mode: ALL)
2025-09-07 20:50:15.876 25429-29130 SmsReaderService        com.akslabs.SandeshVahak             D  Processing batch 1 with 100 messages
2025-09-07 20:50:15.895 25429-25429 SmsObserverService      com.akslabs.SandeshVahak             D  PreferenceChangeListener: Key 'last_sms_sync_timestamp' changed.
2025-09-07 20:50:15.977 25429-29130 SmsReaderService        com.akslabs.SandeshVahak             D  Processing batch 2 with 100 messages
2025-09-07 20:50:16.073 25429-29129 SmsReaderService        com.akslabs.SandeshVahak             D  Processing batch 3 with 100 messages
2025-09-07 20:50:16.100 25429-25429 LocalSmsScreen          com.akslabs.SandeshVahak             D  Recompose LocalSmsScreen: items=60, loadState=CombinedLoadStates(refresh=Loading(endOfPaginationReached=false), prepend=NotLoading(endOfPaginationReached=false), append=NotLoading(endOfPaginationReached=false), source=LoadStates(refresh=Loading(endOfPaginationReached=false), prepend=NotLoading(endOfPaginationReached=false), append=NotLoading(endOfPaginationReached=false)), mediator=null)
2025-09-07 20:50:16.167 25429-29129 SmsReaderService        com.akslabs.SandeshVahak             D  Processing batch 4 with 100 messages
2025-09-07 20:50:16.258 25429-29129 SmsReaderService        com.akslabs.SandeshVahak             D  Processing batch 5 with 100 messages
2025-09-07 20:50:16.344 25429-29130 SmsReaderService        com.akslabs.SandeshVahak             I  âœ… SMS sync complete: 0 new, 500 updated
2025-09-07 20:50:16.345 25429-29130 PerformanceMonitor      com.akslabs.SandeshVahak             D  âš¡ FAST: sms_sync_to_db took 557ms
2025-09-07 20:50:16.345 25429-29130 SmsSyncService          com.akslabs.SandeshVahak             I  Synced 0 new SMS messages to local database
2025-09-07 20:50:16.346 25429-29130 SmsSyncService          com.akslabs.SandeshVahak             I  ALL mode: getting all unsynced messages
2025-09-07 20:50:16.357 25429-29130 SmsSyncService          com.akslabs.SandeshVahak             D  ALL mode query returned 100 total unsynced messages
2025-09-07 20:50:16.357 25429-29130 SmsSyncService          com.akslabs.SandeshVahak             I  Found 100 unsynced SMS messages
2025-09-07 20:50:16.358 25429-29130 SmsSyncService          com.akslabs.SandeshVahak             I  ðŸ“¦ Processing batch 1 with 10 messages (oldest first)
2025-09-07 20:50:16.358 25429-29130 SmsSyncService          com.akslabs.SandeshVahak             D  ðŸ“… Batch date range: 1750952058009 to 1751182359373
2025-09-07 20:50:16.363 25429-29130 SmsSyncService          com.akslabs.SandeshVahak             D  ðŸ“¤ Sending SMS message 1/10: 193 (1750952058009)
2025-09-07 20:50:16.363 25429-29130 BotApi                  com.akslabs.SandeshVahak             D  ðŸ“¤ Sending SMS message to channel: -1002651869724
2025-09-07 20:50:16.451 25429-25429 LocalSmsScreen          com.akslabs.SandeshVahak             D  Recompose LocalSmsScreen: items=60, loadState=CombinedLoadStates(refresh=NotLoading(endOfPaginationReached=false), prepend=NotLoading(endOfPaginationReached=true), append=NotLoading(endOfPaginationReached=false), source=LoadStates(refresh=NotLoading(endOfPaginationReached=false), prepend=NotLoading(endOfPaginationReached=true), append=NotLoading(endOfPaginationReached=false)), mediator=null)
2025-09-07 20:50:16.553 25429-29106 bs.SandeshVahak         com.akslabs.SandeshVahak             I  Compiler allocated 5021KB to compile void com.akslabs.chitralaya.ui.components.SmsListItemKt$SmsListItem$2.invoke(androidx.compose.foundation.layout.ColumnScope, androidx.compose.runtime.Composer, int)
2025-09-07 20:50:17.066 25429-25429 Choreographer           com.akslabs.SandeshVahak             I  Skipped 37 frames!  The application may be doing too much work on its main thread.
2025-09-07 20:50:18.971 25429-29130 TelegramRateLimiter     com.akslabs.SandeshVahak             D  âœ… Request successful, rate limiter reset
2025-09-07 20:50:18.971 25429-29130 PerformanceMonitor      com.akslabs.SandeshVahak             I  âš ï¸ MODERATE: telegram_send_message took 2608ms
2025-09-07 20:50:18.972 25429-29130 SmsSyncService          com.akslabs.SandeshVahak             I  âœ… Successfully synced SMS message: 193 (1/20 in current burst, total: 1)
2025-09-07 20:50:18.972 25429-29130 SmsSyncService          com.akslabs.SandeshVahak             D  â³ Waiting 1 second before sending next message (2/10)
2025-09-07 20:50:20.137 25429-29130 SmsSyncService          com.akslabs.SandeshVahak             D  ðŸ“¤ Sending SMS message 2/10: 194 (1750953091484)
2025-09-07 20:50:20.138 25429-29130 BotApi                  com.akslabs.SandeshVahak             D  ðŸ“¤ Sending SMS message to channel: -1002651869724
2025-09-07 20:50:20.860 25429-29130 TelegramRateLimiter     com.akslabs.SandeshVahak             D  âœ… Request successful, rate limiter reset
2025-09-07 20:50:20.860 25429-29130 PerformanceMonitor      com.akslabs.SandeshVahak             D  âš¡ FAST: telegram_send_message took 722ms
2025-09-07 20:50:20.861 25429-29130 SmsSyncService          com.akslabs.SandeshVahak             I  âœ… Successfully synced SMS message: 194 (2/20 in current burst, total: 2)
2025-09-07 20:50:20.861 25429-29130 SmsSyncService          com.akslabs.SandeshVahak             D  â³ Waiting 1 second before sending next message (3/10)
2025-09-07 20:50:22.029 25429-29130 SmsSyncService          com.akslabs.SandeshVahak             D  ðŸ“¤ Sending SMS message 3/10: 195 (1750964221810)
2025-09-07 20:50:22.030 25429-29130 BotApi                  com.akslabs.SandeshVahak             D  ðŸ“¤ Sending SMS message to channel: -1002651869724
2025-09-07 20:50:22.635 25429-29130 TelegramRateLimiter     com.akslabs.SandeshVahak             D  âœ… Request successful, rate limiter reset
2025-09-07 20:50:22.635 25429-29130 PerformanceMonitor      com.akslabs.SandeshVahak             D  âš¡ FAST: telegram_send_message took 605ms
2025-09-07 20:50:22.636 25429-29130 SmsSyncService          com.akslabs.SandeshVahak             I  âœ… Successfully synced SMS message: 195 (3/20 in current burst, total: 3)
2025-09-07 20:50:22.636 25429-29130 SmsSyncService          com.akslabs.SandeshVahak             D  â³ Waiting 1 second before sending next message (4/10)
2025-09-07 20:50:23.806 25429-29130 SmsSyncService          com.akslabs.SandeshVahak             D  ðŸ“¤ Sending SMS message 4/10: 196 (1751007338818)
2025-09-07 20:50:23.807 25429-29130 BotApi                  com.akslabs.SandeshVahak             D  ðŸ“¤ Sending SMS message to channel: -1002651869724
2025-09-07 20:50:24.444 25429-29130 TelegramRateLimiter     com.akslabs.SandeshVahak             D  âœ… Request successful, rate limiter reset
2025-09-07 20:50:24.444 25429-29130 PerformanceMonitor      com.akslabs.SandeshVahak             D  âš¡ FAST: telegram_send_message took 637ms
2025-09-07 20:50:24.444 25429-29130 SmsSyncService          com.akslabs.SandeshVahak             I  âœ… Successfully synced SMS message: 196 (4/20 in current burst, total: 4)
2025-09-07 20:50:24.444 25429-29130 SmsSyncService          com.akslabs.SandeshVahak             D  â³ Waiting 1 second before sending next message (5/10)
2025-09-07 20:50:25.609 25429-29130 SmsSyncService          com.akslabs.SandeshVahak             D  ðŸ“¤ Sending SMS message 5/10: 197 (1751014554781)
2025-09-07 20:50:25.610 25429-29130 BotApi                  com.akslabs.SandeshVahak             D  ðŸ“¤ Sending SMS message to channel: -1002651869724
2025-09-07 20:50:26.178 25429-29130 TelegramRateLimiter     com.akslabs.SandeshVahak             D  âœ… Request successful, rate limiter reset
2025-09-07 20:50:26.178 25429-29130 PerformanceMonitor      com.akslabs.SandeshVahak             D  âš¡ FAST: telegram_send_message took 568ms
2025-09-07 20:50:26.178 25429-29130 SmsSyncService          com.akslabs.SandeshVahak             I  âœ… Successfully synced SMS message: 197 (5/20 in current burst, total: 5)
2025-09-07 20:50:26.179 25429-29130 SmsSyncService          com.akslabs.SandeshVahak             D  â³ Waiting 1 second before sending next message (6/10)
2025-09-07 20:50:27.348 25429-29130 SmsSyncService          com.akslabs.SandeshVahak             D  ðŸ“¤ Sending SMS message 6/10: 198 (1751050635516)
2025-09-07 20:50:27.349 25429-29130 BotApi                  com.akslabs.SandeshVahak             D  ðŸ“¤ Sending SMS message to channel: -1002651869724
2025-09-07 20:50:27.949 25429-29130 TelegramRateLimiter     com.akslabs.SandeshVahak             D  âœ… Request successful, rate limiter reset
2025-09-07 20:50:27.949 25429-29130 PerformanceMonitor      com.akslabs.SandeshVahak             D  âš¡ FAST: telegram_send_message took 600ms
2025-09-07 20:50:27.950 25429-29130 SmsSyncService          com.akslabs.SandeshVahak             I  âœ… Successfully synced SMS message: 198 (6/20 in current burst, total: 6)
2025-09-07 20:50:27.950 25429-29130 SmsSyncService          com.akslabs.SandeshVahak             D  â³ Waiting 1 second before sending next message (7/10)
2025-09-07 20:50:29.114 25429-29130 SmsSyncService          com.akslabs.SandeshVahak             D  ðŸ“¤ Sending SMS message 7/10: 199 (1751083237742)
2025-09-07 20:50:29.115 25429-29130 BotApi                  com.akslabs.SandeshVahak             D  ðŸ“¤ Sending SMS message to channel: -1002651869724
2025-09-07 20:50:29.739 25429-29130 TelegramRateLimiter     com.akslabs.SandeshVahak             D  âœ… Request successful, rate limiter reset
2025-09-07 20:50:29.740 25429-29130 PerformanceMonitor      com.akslabs.SandeshVahak             D  âš¡ FAST: telegram_send_message took 625ms
2025-09-07 20:50:29.740 25429-29130 SmsSyncService          com.akslabs.SandeshVahak             I  âœ… Successfully synced SMS message: 199 (7/20 in current burst, total: 7)
2025-09-07 20:50:29.740 25429-29130 SmsSyncService          com.akslabs.SandeshVahak             D  â³ Waiting 1 second before sending next message (8/10)
2025-09-07 20:50:30.898 25429-29130 SmsSyncService          com.akslabs.SandeshVahak             D  ðŸ“¤ Sending SMS message 8/10: 200 (1751091785476)
2025-09-07 20:50:30.899 25429-29130 BotApi                  com.akslabs.SandeshVahak             D  ðŸ“¤ Sending SMS message to channel: -1002651869724
2025-09-07 20:50:31.556 25429-29130 TelegramRateLimiter     com.akslabs.SandeshVahak             D  âœ… Request successful, rate limiter reset
2025-09-07 20:50:31.556 25429-29130 PerformanceMonitor      com.akslabs.SandeshVahak             D  âš¡ FAST: telegram_send_message took 657ms
2025-09-07 20:50:31.557 25429-29130 SmsSyncService          com.akslabs.SandeshVahak             I  âœ… Successfully synced SMS message: 200 (8/20 in current burst, total: 8)
2025-09-07 20:50:31.557 25429-29130 SmsSyncService          com.akslabs.SandeshVahak             D  â³ Waiting 1 second before sending next message (9/10)
2025-09-07 20:50:32.723 25429-29130 SmsSyncService          com.akslabs.SandeshVahak             D  ðŸ“¤ Sending SMS message 9/10: 201 (1751094777319)
2025-09-07 20:50:32.724 25429-29130 BotApi                  com.akslabs.SandeshVahak             D  ðŸ“¤ Sending SMS message to channel: -1002651869724
2025-09-07 20:50:33.194 25429-25429 SmsObserverService      com.akslabs.SandeshVahak             D  PreferenceChangeListener: Key 'startTab' changed.
2025-09-07 20:50:33.289 25429-25429 AppNavHost              com.akslabs.SandeshVahak             D  Local count recomposed: 500
2025-09-07 20:50:33.289 25429-25429 LocalSmsScreen          com.akslabs.SandeshVahak             D  Recompose LocalSmsScreen: items=60, loadState=CombinedLoadStates(refresh=NotLoading(endOfPaginationReached=false), prepend=NotLoading(endOfPaginationReached=true), append=NotLoading(endOfPaginationReached=false), source=LoadStates(refresh=NotLoading(endOfPaginationReached=false), prepend=NotLoading(endOfPaginationReached=true), append=NotLoading(endOfPaginationReached=false)), mediator=null)
2025-09-07 20:50:33.340 25429-29130 TelegramRateLimiter     com.akslabs.SandeshVahak             D  âœ… Request successful, rate limiter reset
2025-09-07 20:50:33.340 25429-29130 PerformanceMonitor      com.akslabs.SandeshVahak             D  âš¡ FAST: telegram_send_message took 616ms
2025-09-07 20:50:33.340 25429-29130 SmsSyncService          com.akslabs.SandeshVahak             I  âœ… Successfully synced SMS message: 201 (9/20 in current burst, total: 9)
2025-09-07 20:50:33.340 25429-29130 SmsSyncService          com.akslabs.SandeshVahak             D  â³ Waiting 1 second before sending next message (10/10)
2025-09-07 20:50:33.477 25429-25429 AppNavHost              com.akslabs.SandeshVahak             D  Local count recomposed: 500
2025-09-07 20:50:33.477 25429-25429 LocalSmsScreen          com.akslabs.SandeshVahak             D  Recompose LocalSmsScreen: items=60, loadState=CombinedLoadStates(refresh=NotLoading(endOfPaginationReached=false), prepend=NotLoading(endOfPaginationReached=true), append=NotLoading(endOfPaginationReached=false), source=LoadStates(refresh=NotLoading(endOfPaginationReached=false), prepend=NotLoading(endOfPaginationReached=true), append=NotLoading(endOfPaginationReached=false)), mediator=null)
2025-09-07 20:50:34.506 25429-29130 SmsSyncService          com.akslabs.SandeshVahak             D  ðŸ“¤ Sending SMS message 10/10: 202 (1751182359373)
2025-09-07 20:50:34.507 25429-29130 BotApi                  com.akslabs.SandeshVahak             D  ðŸ“¤ Sending SMS message to channel: -1002651869724
2025-09-07 20:50:35.153 25429-29130 TelegramRateLimiter     com.akslabs.SandeshVahak             D  âœ… Request successful, rate limiter reset
2025-09-07 20:50:35.153 25429-29130 PerformanceMonitor      com.akslabs.SandeshVahak             D  âš¡ FAST: telegram_send_message took 647ms
2025-09-07 20:50:35.153 25429-29130 SmsSyncService          com.akslabs.SandeshVahak             I  âœ… Successfully synced SMS message: 202 (10/20 in current burst, total: 10)
2025-09-07 20:50:35.165 25429-29130 SmsSyncService          com.akslabs.SandeshVahak             D  ðŸ“¦ Applied DB updates in batch: synced=10, remoteInserted=10, failed=0
2025-09-07 20:50:35.166 25429-29130 SmsSyncService          com.akslabs.SandeshVahak             D  Batch 1 synced 10, globalCount now 10
2025-09-07 20:50:35.166 25429-29130 SmsObserverService      com.akslabs.SandeshVahak             I  Full Sync Progress: Batch 1, Synced 10, Complete: false, Error: null
2025-09-07 20:50:35.169 25429-29130 SmsObserverService      com.akslabs.SandeshVahak             D  Creating notification with text: Syncing all: 10 messages so far...
2025-09-07 20:50:35.174 25429-29130 SmsObserverService      com.akslabs.SandeshVahak             D  Notification updated with text: Syncing all: 10 messages so far...
2025-09-07 20:50:35.174 25429-29130 SmsSyncService          com.akslabs.SandeshVahak             D  â³ Waiting 2 seconds before next batch
2025-09-07 20:50:35.301 25429-29107 bs.SandeshVahak         com.akslabs.SandeshVahak             W  Cleared Reference was only reachable from finalizer (only reported once)
2025-09-07 20:50:35.807 25429-25429 Choreographer           com.akslabs.SandeshVahak             I  Skipped 32 frames!  The application may be doing too much work on its main thread.
2025-09-07 20:50:37.177 25429-29130 SmsSyncService          com.akslabs.SandeshVahak             I  ðŸ“¦ Processing batch 2 with 10 messages (oldest first)
2025-09-07 20:50:37.178 25429-29130 SmsSyncService          com.akslabs.SandeshVahak             D  ðŸ“… Batch date range: 1751205716764 to 1751525723674
2025-09-07 20:50:37.190 25429-29130 SmsSyncService          com.akslabs.SandeshVahak             D  ðŸ“¤ Sending SMS message 1/10: 203 (1751205716764)
2025-09-07 20:50:37.191 25429-29130 BotApi                  com.akslabs.SandeshVahak             D  ðŸ“¤ Sending SMS message to channel: -1002651869724
2025-09-07 20:50:37.763 25429-29130 TelegramRateLimiter     com.akslabs.SandeshVahak             D  âœ… Request successful, rate limiter reset
2025-09-07 20:50:37.763 25429-29130 PerformanceMonitor      com.akslabs.SandeshVahak             D  âš¡ FAST: telegram_send_message took 572ms
2025-09-07 20:50:37.763 25429-29130 SmsSyncService          com.akslabs.SandeshVahak             I  âœ… Successfully synced SMS message: 203 (11/20 in current burst, total: 11)
2025-09-07 20:50:37.764 25429-29130 SmsSyncService          com.akslabs.SandeshVahak             D  â³ Waiting 1 second before sending next message (2/10)
2025-09-07 20:50:38.928 25429-29130 SmsSyncService          com.akslabs.SandeshVahak             D  ðŸ“¤ Sending SMS message 2/10: 204 (1751221940556)
2025-09-07 20:50:38.929 25429-29130 BotApi                  com.akslabs.SandeshVahak             D  ðŸ“¤ Sending SMS message to channel: -1002651869724
2025-09-07 20:50:39.495 25429-29130 TelegramRateLimiter     com.akslabs.SandeshVahak             D  âœ… Request successful, rate limiter reset
2025-09-07 20:50:39.495 25429-29130 PerformanceMonitor      com.akslabs.SandeshVahak             D  âš¡ FAST: telegram_send_message took 567ms
2025-09-07 20:50:39.496 25429-29130 SmsSyncService          com.akslabs.SandeshVahak             I  âœ… Successfully synced SMS message: 204 (12/20 in current burst, total: 12)
2025-09-07 20:50:39.496 25429-29130 SmsSyncService          com.akslabs.SandeshVahak             D  â³ Waiting 1 second before sending next message (3/10)
2025-09-07 20:50:40.662 25429-29130 SmsSyncService          com.akslabs.SandeshVahak             D  ðŸ“¤ Sending SMS message 3/10: 205 (1751249698159)
2025-09-07 20:50:40.663 25429-29130 BotApi                  com.akslabs.SandeshVahak             D  ðŸ“¤ Sending SMS message to channel: -1002651869724
2025-09-07 20:50:41.244 25429-29130 TelegramRateLimiter     com.akslabs.SandeshVahak             D  âœ… Request successful, rate limiter reset
2025-09-07 20:50:41.245 25429-29130 PerformanceMonitor      com.akslabs.SandeshVahak             D  âš¡ FAST: telegram_send_message took 582ms
2025-09-07 20:50:41.245 25429-29130 SmsSyncService          com.akslabs.SandeshVahak             I  âœ… Successfully synced SMS message: 205 (13/20 in current burst, total: 13)
2025-09-07 20:50:41.245 25429-29130 SmsSyncService          com.akslabs.SandeshVahak             D  â³ Waiting 1 second before sending next message (4/10)
2025-09-07 20:50:42.410 25429-29130 SmsSyncService          com.akslabs.SandeshVahak             D  ðŸ“¤ Sending SMS message 4/10: 206 (1751285449650)
2025-09-07 20:50:42.411 25429-29130 BotApi                  com.akslabs.SandeshVahak             D  ðŸ“¤ Sending SMS message to channel: -1002651869724
2025-09-07 20:50:42.994 25429-29130 TelegramRateLimiter     com.akslabs.SandeshVahak             D  âœ… Request successful, rate limiter reset
2025-09-07 20:50:42.994 25429-29130 PerformanceMonitor      com.akslabs.SandeshVahak             D  âš¡ FAST: telegram_send_message took 583ms
2025-09-07 20:50:42.995 25429-29130 SmsSyncService          com.akslabs.SandeshVahak             I  âœ… Successfully synced SMS message: 206 (14/20 in current burst, total: 14)
2025-09-07 20:50:42.995 25429-29130 SmsSyncService          com.akslabs.SandeshVahak             D  â³ Waiting 1 second before sending next message (5/10)
2025-09-07 20:50:44.162 25429-29130 SmsSyncService          com.akslabs.SandeshVahak             D  ðŸ“¤ Sending SMS message 5/10: 207 (1751369993053)
2025-09-07 20:50:44.163 25429-29130 BotApi                  com.akslabs.SandeshVahak             D  ðŸ“¤ Sending SMS message to channel: -1002651869724
2025-09-07 20:50:44.742 25429-29130 TelegramRateLimiter     com.akslabs.SandeshVahak             D  âœ… Request successful, rate limiter reset
2025-09-07 20:50:44.742 25429-29130 PerformanceMonitor      com.akslabs.SandeshVahak             D  âš¡ FAST: telegram_send_message took 579ms
2025-09-07 20:50:44.743 25429-29130 SmsSyncService          com.akslabs.SandeshVahak             I  âœ… Successfully synced SMS message: 207 (15/20 in current burst, total: 15)
2025-09-07 20:50:44.743 25429-29130 SmsSyncService          com.akslabs.SandeshVahak             D  â³ Waiting 1 second before sending next message (6/10)
2025-09-07 20:50:45.905 25429-29130 SmsSyncService          com.akslabs.SandeshVahak             D  ðŸ“¤ Sending SMS message 6/10: 208 (1751456545212)
2025-09-07 20:50:45.906 25429-29130 BotApi                  com.akslabs.SandeshVahak             D  ðŸ“¤ Sending SMS message to channel: -1002651869724
2025-09-07 20:50:46.514 25429-29130 TelegramRateLimiter     com.akslabs.SandeshVahak             D  âœ… Request successful, rate limiter reset
2025-09-07 20:50:46.514 25429-29130 PerformanceMonitor      com.akslabs.SandeshVahak             D  âš¡ FAST: telegram_send_message took 608ms
2025-09-07 20:50:46.514 25429-29130 SmsSyncService          com.akslabs.SandeshVahak             I  âœ… Successfully synced SMS message: 208 (16/20 in current burst, total: 16)
2025-09-07 20:50:46.515 25429-29130 SmsSyncService          com.akslabs.SandeshVahak             D  â³ Waiting 1 second before sending next message (7/10)
2025-09-07 20:50:47.676 25429-29130 SmsSyncService          com.akslabs.SandeshVahak             D  ðŸ“¤ Sending SMS message 7/10: 209 (1751471290782)
2025-09-07 20:50:47.677 25429-29130 BotApi                  com.akslabs.SandeshVahak             D  ðŸ“¤ Sending SMS message to channel: -1002651869724
2025-09-07 20:50:48.424 25429-29130 TelegramRateLimiter     com.akslabs.SandeshVahak             D  âœ… Request successful, rate limiter reset
2025-09-07 20:50:48.425 25429-29130 PerformanceMonitor      com.akslabs.SandeshVahak             D  âš¡ FAST: telegram_send_message took 748ms
2025-09-07 20:50:48.425 25429-29130 SmsSyncService          com.akslabs.SandeshVahak             I  âœ… Successfully synced SMS message: 209 (17/20 in current burst, total: 17)
2025-09-07 20:50:48.425 25429-29130 SmsSyncService          com.akslabs.SandeshVahak             D  â³ Waiting 1 second before sending next message (8/10)
2025-09-07 20:50:49.587 25429-29130 SmsSyncService          com.akslabs.SandeshVahak             D  ðŸ“¤ Sending SMS message 8/10: 210 (1751475179017)
2025-09-07 20:50:49.588 25429-29130 BotApi                  com.akslabs.SandeshVahak             D  ðŸ“¤ Sending SMS message to channel: -1002651869724
2025-09-07 20:50:50.454 25429-29130 TelegramRateLimiter     com.akslabs.SandeshVahak             D  âœ… Request successful, rate limiter reset
2025-09-07 20:50:50.454 25429-29130 PerformanceMonitor      com.akslabs.SandeshVahak             D  âš¡ FAST: telegram_send_message took 866ms
2025-09-07 20:50:50.455 25429-29130 SmsSyncService          com.akslabs.SandeshVahak             I  âœ… Successfully synced SMS message: 210 (18/20 in current burst, total: 18)
2025-09-07 20:50:50.455 25429-29130 SmsSyncService          com.akslabs.SandeshVahak             D  â³ Waiting 1 second before sending next message (9/10)
2025-09-07 20:50:51.617 25429-29130 SmsSyncService          com.akslabs.SandeshVahak             D  ðŸ“¤ Sending SMS message 9/10: 211 (1751482607021)
2025-09-07 20:50:51.618 25429-29130 BotApi                  com.akslabs.SandeshVahak             D  ðŸ“¤ Sending SMS message to channel: -1002651869724
2025-09-07 20:50:52.204 25429-29130 TelegramRateLimiter     com.akslabs.SandeshVahak             D  âœ… Request successful, rate limiter reset
2025-09-07 20:50:52.205 25429-29130 PerformanceMonitor      com.akslabs.SandeshVahak             D  âš¡ FAST: telegram_send_message took 586ms
2025-09-07 20:50:52.205 25429-29130 SmsSyncService          com.akslabs.SandeshVahak             I  âœ… Successfully synced SMS message: 211 (19/20 in current burst, total: 19)
2025-09-07 20:50:52.205 25429-29130 SmsSyncService          com.akslabs.SandeshVahak             D  â³ Waiting 1 second before sending next message (10/10)
2025-09-07 20:50:53.363 25429-29130 SmsSyncService          com.akslabs.SandeshVahak             D  ðŸ“¤ Sending SMS message 10/10: 212 (1751525723674)
2025-09-07 20:50:53.364 25429-29130 BotApi                  com.akslabs.SandeshVahak             D  ðŸ“¤ Sending SMS message to channel: -1002651869724
2025-09-07 20:50:53.974 25429-29130 TelegramRateLimiter     com.akslabs.SandeshVahak             D  âœ… Request successful, rate limiter reset
2025-09-07 20:50:53.975 25429-29130 PerformanceMonitor      com.akslabs.SandeshVahak             D  âš¡ FAST: telegram_send_message took 611ms
2025-09-07 20:50:53.975 25429-29130 SmsSyncService          com.akslabs.SandeshVahak             I  âœ… Successfully synced SMS message: 212 (0/20 in current burst, total: 20)
2025-09-07 20:50:53.992 25429-29130 SmsSyncService          com.akslabs.SandeshVahak             D  ðŸ“¦ Applied DB updates in batch: synced=10, remoteInserted=10, failed=0
2025-09-07 20:50:53.992 25429-29130 SmsSyncService          com.akslabs.SandeshVahak             D  Batch 2 synced 10, globalCount now 20
2025-09-07 20:50:53.993 25429-29130 SmsObserverService      com.akslabs.SandeshVahak             I  Full Sync Progress: Batch 2, Synced 20, Complete: false, Error: null
2025-09-07 20:50:53.995 25429-29130 SmsObserverService      com.akslabs.SandeshVahak             D  Creating notification with text: Syncing all: 20 messages so far...
2025-09-07 20:50:54.004 25429-29130 SmsObserverService      com.akslabs.SandeshVahak             D  Notification updated with text: Syncing all: 20 messages so far...
2025-09-07 20:50:54.004 25429-29130 SmsSyncService          com.akslabs.SandeshVahak             D  â³ Waiting 2 seconds before next batch
2025-09-07 20:50:56.007 25429-29130 SmsSyncService          com.akslabs.SandeshVahak             I  ðŸ“¦ Processing batch 3 with 10 messages (oldest first)
2025-09-07 20:50:56.007 25429-29130 SmsSyncService          com.akslabs.SandeshVahak             D  ðŸ“… Batch date range: 1751531681201 to 1751741806116
2025-09-07 20:50:56.007 25429-29130 SmsSyncService          com.akslabs.SandeshVahak             W  ðŸ›‘ Sent 20 messages (total: 20), pausing for 25 seconds as per Telegram's requirement
2025-09-07 20:50:56.171 25429-25429 SmsObserverService      com.akslabs.SandeshVahak             D  PreferenceChangeListener: Key 'isSmsSyncEnabled' changed.
2025-09-07 20:50:56.171 25429-25429 SmsObserverService      com.akslabs.SandeshVahak             I  Relevant preference changed: isSmsSyncEnabled. Updating sync state.
2025-09-07 20:50:56.172 25429-25429 SmsObserverService      com.akslabs.SandeshVahak             I  updateSyncStateBasedOnPreferences: isEnabled=false, mode=ALL, since=0, manuallyStopped=false, isInitialCall=false
2025-09-07 20:50:56.173 25429-25429 SmsObserverService      com.akslabs.SandeshVahak             I  updateSyncStateBasedOnPreferences: Sync is DISABLED. Stopping sync operations.
2025-09-07 20:50:56.173 25429-25429 SmsObserverService      com.akslabs.SandeshVahak             I  stopSmsSyncOperations: Stopping all sync activities and unregistering observer.
2025-09-07 20:50:56.174 25429-29130 SmsSyncService          com.akslabs.SandeshVahak             E  Exception syncing SMS message 213
kotlinx.coroutines.JobCancellationException: StandaloneCoroutine was cancelled; job=StandaloneCoroutine{Cancelling}@5a684e8
2025-09-07 20:50:56.174 25429-29130 SmsSyncService          com.akslabs.SandeshVahak             W  ðŸ›‘ Sent 20 messages (total: 20), pausing for 25 seconds as per Telegram's requirement
2025-09-07 20:50:56.175 25429-25429 SmsObserverService      com.akslabs.SandeshVahak             D  Creating notification with text: SMS sync is disabled.
2025-09-07 20:50:56.176 25429-29130 SmsSyncService          com.akslabs.SandeshVahak             E  Exception syncing SMS message 214
kotlinx.coroutines.JobCancellationException: StandaloneCoroutine was cancelled; job=StandaloneCoroutine{Cancelling}@5a684e8
2025-09-07 20:50:56.176 25429-29130 SmsSyncService          com.akslabs.SandeshVahak             W  ðŸ›‘ Sent 20 messages (total: 20), pausing for 25 seconds as per Telegram's requirement
2025-09-07 20:50:56.177 25429-29130 SmsSyncService          com.akslabs.SandeshVahak             E  Exception syncing SMS message 215
kotlinx.coroutines.JobCancellationException: StandaloneCoroutine was cancelled; job=StandaloneCoroutine{Cancelling}@5a684e8
2025-09-07 20:50:56.177 25429-29130 SmsSyncService          com.akslabs.SandeshVahak             W  ðŸ›‘ Sent 20 messages (total: 20), pausing for 25 seconds as per Telegram's requirement
2025-09-07 20:50:56.177 25429-29130 SmsSyncService          com.akslabs.SandeshVahak             E  Exception syncing SMS message 216
kotlinx.coroutines.JobCancellationException: StandaloneCoroutine was cancelled; job=StandaloneCoroutine{Cancelling}@5a684e8
2025-09-07 20:50:56.177 25429-29130 SmsSyncService          com.akslabs.SandeshVahak             W  ðŸ›‘ Sent 20 messages (total: 20), pausing for 25 seconds as per Telegram's requirement
2025-09-07 20:50:56.178 25429-29130 SmsSyncService          com.akslabs.SandeshVahak             E  Exception syncing SMS message 217
kotlinx.coroutines.JobCancellationException: StandaloneCoroutine was cancelled; job=StandaloneCoroutine{Cancelling}@5a684e8
2025-09-07 20:50:56.178 25429-29130 SmsSyncService          com.akslabs.SandeshVahak             W  ðŸ›‘ Sent 20 messages (total: 20), pausing for 25 seconds as per Telegram's requirement
2025-09-07 20:50:56.178 25429-29130 SmsSyncService          com.akslabs.SandeshVahak             E  Exception syncing SMS message 218
kotlinx.coroutines.JobCancellationException: StandaloneCoroutine was cancelled; job=StandaloneCoroutine{Cancelling}@5a684e8
2025-09-07 20:50:56.179 25429-29130 SmsSyncService          com.akslabs.SandeshVahak             W  ðŸ›‘ Sent 20 messages (total: 20), pausing for 25 seconds as per Telegram's requirement
2025-09-07 20:50:56.179 25429-29130 SmsSyncService          com.akslabs.SandeshVahak             E  Exception syncing SMS message 219
kotlinx.coroutines.JobCancellationException: StandaloneCoroutine was cancelled; job=StandaloneCoroutine{Cancelling}@5a684e8
2025-09-07 20:50:56.179 25429-29130 SmsSyncService          com.akslabs.SandeshVahak             W  ðŸ›‘ Sent 20 messages (total: 20), pausing for 25 seconds as per Telegram's requirement
2025-09-07 20:50:56.180 25429-29130 SmsSyncService          com.akslabs.SandeshVahak             E  Exception syncing SMS message 220
kotlinx.coroutines.JobCancellationException: StandaloneCoroutine was cancelled; job=StandaloneCoroutine{Cancelling}@5a684e8
2025-09-07 20:50:56.180 25429-29130 SmsSyncService          com.akslabs.SandeshVahak             W  ðŸ›‘ Sent 20 messages (total: 20), pausing for 25 seconds as per Telegram's requirement
2025-09-07 20:50:56.180 25429-29130 SmsSyncService          com.akslabs.SandeshVahak             E  Exception syncing SMS message 221
kotlinx.coroutines.JobCancellationException: StandaloneCoroutine was cancelled; job=StandaloneCoroutine{Cancelling}@5a684e8
2025-09-07 20:50:56.180 25429-29130 SmsSyncService          com.akslabs.SandeshVahak             W  ðŸ›‘ Sent 20 messages (total: 20), pausing for 25 seconds as per Telegram's requirement
2025-09-07 20:50:56.181 25429-29130 SmsSyncService          com.akslabs.SandeshVahak             E  Exception syncing SMS message 222
kotlinx.coroutines.JobCancellationException: StandaloneCoroutine was cancelled; job=StandaloneCoroutine{Cancelling}@5a684e8
2025-09-07 20:50:56.181 25429-29130 SmsSyncService          com.akslabs.SandeshVahak             E  Exception during full SMS sync
kotlinx.coroutines.JobCancellationException: StandaloneCoroutine was cancelled; job=StandaloneCoroutine{Cancelling}@5a684e8
2025-09-07 20:50:56.182 25429-29130 SmsObserverService      com.akslabs.SandeshVahak             E  Exception during forceSync collection
kotlinx.coroutines.JobCancellationException: StandaloneCoroutine was cancelled; job=StandaloneCoroutine{Cancelling}@5a684e8
2025-09-07 20:50:56.182 25429-25429 SmsObserverService      com.akslabs.SandeshVahak             D  Notification updated with text: SMS sync is disabled.
2025-09-07 20:50:56.182 25429-25429 SmsObserverService      com.akslabs.SandeshVahak             I  Stopping service as sync is disabled and not an initial call.
2025-09-07 20:50:56.188 25429-25429 SmsObserverService      com.akslabs.SandeshVahak             D  Static stop() called
2025-09-07 20:50:56.189 25429-29130 SmsObserverService      com.akslabs.SandeshVahak             D  Creating notification with text: Full sync critically failed: StandaloneCoroutine was cancelled
2025-09-07 20:50:56.197 25429-29130 SmsObserverService      com.akslabs.SandeshVahak             D  Notification updated with text: Full sync critically failed: StandaloneCoroutine was cancelled
2025-09-07 20:50:56.197 25429-29130 SmsObserverService      com.akslabs.SandeshVahak             E  performFullSmsSync: Full sync encountered an error: StandaloneCoroutine was cancelled. Not switching to NEW_ONLY mode automatically.
2025-09-07 20:50:56.197 25429-29130 SmsObserverService      com.akslabs.SandeshVahak             I  performFullSmsSync: END
2025-09-07 20:50:56.228 25429-25429 SmsObserverService      com.akslabs.SandeshVahak             I  onDestroy: Service destroying.
2025-09-07 20:50:56.228 25429-25429 SmsObserverService      com.akslabs.SandeshVahak             I  onDestroy: Preference change listener unregistered, jobs cancelled.
2025-09-07 20:50:56.234 25429-25429 SmsObserverService      com.akslabs.SandeshVahak             I  onCreate: Service creating.
2025-09-07 20:50:56.235 25429-25429 SmsObserverService      com.akslabs.SandeshVahak             D  Notification channel created.
2025-09-07 20:50:56.235 25429-25429 SmsObserverService      com.akslabs.SandeshVahak             I  onCreate: Preference change listener registered.
2025-09-07 20:50:56.235 25429-25429 SmsObserverService      com.akslabs.SandeshVahak             I  updateSyncStateBasedOnPreferences: isEnabled=false, mode=ALL, since=0, manuallyStopped=false, isInitialCall=true
2025-09-07 20:50:56.235 25429-25429 SmsObserverService      com.akslabs.SandeshVahak             I  updateSyncStateBasedOnPreferences: Sync is DISABLED. Stopping sync operations.
2025-09-07 20:50:56.235 25429-25429 SmsObserverService      com.akslabs.SandeshVahak             I  stopSmsSyncOperations: Stopping all sync activities and unregistering observer.
2025-09-07 20:50:56.237 25429-25429 SmsObserverService      com.akslabs.SandeshVahak             D  Creating notification with text: SMS sync is disabled.
2025-09-07 20:50:56.250 25429-25429 SmsObserverService      com.akslabs.SandeshVahak             D  Notification updated with text: SMS sync is disabled.
2025-09-07 20:50:56.250 25429-25429 SmsObserverService      com.akslabs.SandeshVahak             I  onStartCommand: Received action: ACTION_STOP_SERVICE, startId: 1
2025-09-07 20:50:56.250 25429-25429 SmsObserverService      com.akslabs.SandeshVahak             I  onStartCommand: ACTION_STOP_SERVICE. Stopping sync operations and service.
2025-09-07 20:50:56.250 25429-25429 SmsObserverService      com.akslabs.SandeshVahak             I  stopSmsSyncOperations: Stopping all sync activities and unregistering observer.
2025-09-07 20:50:56.252 25429-25429 SmsObserverService      com.akslabs.SandeshVahak             D  Creating notification with text: SMS sync is disabled.
2025-09-07 20:50:56.257 25429-25429 SmsObserverService      com.akslabs.SandeshVahak             D  Notification updated with text: SMS sync is disabled.
2025-09-07 20:50:56.313 25429-25429 SmsObserverService      com.akslabs.SandeshVahak             I  onDestroy: Service destroying.
2025-09-07 20:50:56.313 25429-25429 SmsObserverService      com.akslabs.SandeshVahak             I  onDestroy: Preference change listener unregistered, jobs cancelled.
2025-09-07 20:50:56.322 25429-25429 AndroidRuntime          com.akslabs.SandeshVahak             D  Shutting down VM
2025-09-07 20:50:56.335 25429-25429 AndroidRuntime          com.akslabs.SandeshVahak             E  FATAL EXCEPTION: main (Ask Gemini)
Process: com.akslabs.SandeshVahak, PID: 25429
android.app.RemoteServiceException$ForegroundServiceDidNotStartInTimeException: Context.startForegroundService() did not then call Service.startForeground(): ServiceRecord{89faa26 u0 com.akslabs.SandeshVahak/com.akslabs.chitralaya.services.SmsObserverService c:com.akslabs.SandeshVahak}
